Component: ARM Compiler 5.06 update 7 (build 960) Tool: armlink [4d3601]

==============================================================================

Section Cross References

    main.o(.text) refers to usart.o(.text) for DMA_USART1_Send
    main.o(.text) refers to misc.o(.text) for NVIC_PriorityGroupConfig
    main.o(.text) refers to delay.o(.text) for delay_init
    main.o(.text) refers to segger_rtt.o(.text) for SEGGER_RTT_Init
    main.o(.text) refers to usmart.o(.text) for usmart_init
    main.o(.text) refers to ov7670.o(.text) for OV7670_Init
    main.o(.text) refers to dcmi.o(.text) for DCMI_Start
    main.o(.text) refers to ov7670.o(.bss) for camera_buffer
    system_stm32f4xx.o(.text) refers to system_stm32f4xx.o(.data) for SystemCoreClock
    sccb.o(.text) refers to stm32f4xx_rcc.o(.text) for RCC_AHB1PeriphClockCmd
    sccb.o(.text) refers to stm32f4xx_gpio.o(.text) for GPIO_Init
    sccb.o(.text) refers to delay.o(.text) for delay_us
    ov7670.o(.text) refers to _printf_percent.o(.ARM.Collect$$_printf_percent$$00000000) for _printf_percent
    ov7670.o(.text) refers to _printf_d.o(.ARM.Collect$$_printf_percent$$00000009) for _printf_d
    ov7670.o(.text) refers to _printf_dec.o(.text) for _printf_int_dec
    ov7670.o(.text) refers to stm32f4xx_rcc.o(.text) for RCC_AHB1PeriphClockCmd
    ov7670.o(.text) refers to stm32f4xx_gpio.o(.text) for GPIO_Init
    ov7670.o(.text) refers to sccb.o(.text) for SCCB_WR_Reg
    ov7670.o(.text) refers to delay.o(.text) for delay_ms
    ov7670.o(.text) refers to noretval__2printf.o(.text) for __2printf
    ov7670.o(.text) refers to dcmi.o(.text) for My_DCMI_Init
    ov7670.o(.text) refers to ov7670.o(.constdata) for ov7670_init_reg_tbl
    ov7670.o(.text) refers to ov7670.o(.bss) for camera_buffer
    dcmi.o(.text) refers to stm32f4xx_rcc.o(.text) for RCC_AHB1PeriphClockCmd
    dcmi.o(.text) refers to stm32f4xx_dma.o(.text) for DMA_DeInit
    dcmi.o(.text) refers to misc.o(.text) for NVIC_Init
    dcmi.o(.text) refers to stm32f4xx_gpio.o(.text) for GPIO_Init
    dcmi.o(.text) refers to stm32f4xx_dcmi.o(.text) for DCMI_DeInit
    dcmi.o(.text) refers to dcmi.o(.data) for ov_rev_ok
    dcmi.o(.text) refers to dcmi.o(.bss) for DCMI_InitStructure
    delay.o(.text) refers to misc.o(.text) for SysTick_CLKSourceConfig
    delay.o(.text) refers to delay.o(.data) for fac_us
    usart.o(.rev16_text) refers (Special) to use_no_semi_2.o(.text) for __use_no_semihosting
    usart.o(.revsh_text) refers (Special) to use_no_semi_2.o(.text) for __use_no_semihosting
    usart.o(.rrx_text) refers (Special) to use_no_semi_2.o(.text) for __use_no_semihosting
    usart.o(.text) refers (Special) to use_no_semi_2.o(.text) for __use_no_semihosting
    usart.o(.text) refers to stm32f4xx_usart.o(.text) for USART_SendData
    usart.o(.text) refers to segger_rtt.o(.text) for SEGGER_RTT_HasKey
    usart.o(.text) refers to segger_rtt_printf.o(.text) for SEGGER_RTT_vprintf
    usart.o(.text) refers to stm32f4xx_rcc.o(.text) for RCC_AHB1PeriphClockCmd
    usart.o(.text) refers to stm32f4xx_gpio.o(.text) for GPIO_PinAFConfig
    usart.o(.text) refers to misc.o(.text) for NVIC_Init
    usart.o(.text) refers to stm32f4xx_dma.o(.text) for DMA_DeInit
    usart.o(.text) refers to rt_memcpy_v6.o(.text) for __aeabi_memcpy
    usart.o(.text) refers to usart.o(.bss) for com1_rx_buffer
    usart.o(.text) refers to usart.o(.data) for com1_recv_end_flag
    usart.o(.bss) refers (Special) to use_no_semi_2.o(.text) for __use_no_semihosting
    usart.o(.data) refers (Special) to use_no_semi_2.o(.text) for __use_no_semihosting
    startup_stm32f429xx.o(STACK) refers (Special) to heapauxi.o(.text) for __use_two_region_memory
    startup_stm32f429xx.o(HEAP) refers (Special) to heapauxi.o(.text) for __use_two_region_memory
    startup_stm32f429xx.o(RESET) refers (Special) to heapauxi.o(.text) for __use_two_region_memory
    startup_stm32f429xx.o(RESET) refers to startup_stm32f429xx.o(STACK) for __initial_sp
    startup_stm32f429xx.o(RESET) refers to startup_stm32f429xx.o(.text) for Reset_Handler
    startup_stm32f429xx.o(RESET) refers to stm32f4xx_it.o(.text) for NMI_Handler
    startup_stm32f429xx.o(RESET) refers to usmart.o(.text) for TIM4_IRQHandler
    startup_stm32f429xx.o(RESET) refers to usart.o(.text) for USART1_IRQHandler
    startup_stm32f429xx.o(RESET) refers to dcmi.o(.text) for DMA2_Stream1_IRQHandler
    startup_stm32f429xx.o(.text) refers (Special) to heapauxi.o(.text) for __use_two_region_memory
    startup_stm32f429xx.o(.text) refers to system_stm32f4xx.o(.text) for SystemInit
    startup_stm32f429xx.o(.text) refers to __main.o(!!!main) for __main
    startup_stm32f429xx.o(.text) refers to startup_stm32f429xx.o(HEAP) for Heap_Mem
    startup_stm32f429xx.o(.text) refers to startup_stm32f429xx.o(STACK) for Stack_Mem
    stm32f4xx_adc.o(.text) refers to stm32f4xx_rcc.o(.text) for RCC_APB2PeriphResetCmd
[...]
    ..\\SYSTEM\\sys\\sys.c                   0x00000000   Number         0  sys.o ABSOLUTE
    ..\\SYSTEM\\usart\\usart.c               0x00000000   Number         0  usart.o ABSOLUTE
    ..\\USMART\\usmart.c                     0x00000000   Number         0  usmart.o ABSOLUTE
    ..\\USMART\\usmart_config.c              0x00000000   Number         0  usmart_config.o ABSOLUTE
    ..\\USMART\\usmart_str.c                 0x00000000   Number         0  usmart_str.o ABSOLUTE
    dc.s                                     0x00000000   Number         0  dc.o ABSOLUTE
    main.c                                   0x00000000   Number         0  main.o ABSOLUTE
    main.c                                   0x00000000   Number         0  main.o ABSOLUTE
    stm32f4xx_it.c                           0x00000000   Number         0  stm32f4xx_it.o ABSOLUTE
    stm32f4xx_it.c                           0x00000000   Number         0  stm32f4xx_it.o ABSOLUTE
    system_stm32f4xx.c                       0x00000000   Number         0  system_stm32f4xx.o ABSOLUTE
    system_stm32f4xx.c                       0x00000000   Number         0  system_stm32f4xx.o ABSOLUTE
    RESET                                    0x08000000   Section      428  startup_stm32f429xx.o(RESET)
    !!!main                                  0x080001ac   Section        8  __main.o(!!!main)
    !!!scatter                               0x080001b4   Section       52  __scatter.o(!!!scatter)
    !!dczerorl2                              0x080001e8   Section       90  __dczerorl2.o(!!dczerorl2)
    !!handler_zi                             0x08000244   Section       28  __scatter_zi.o(!!handler_zi)
    .ARM.Collect$$_printf_percent$$00000000  0x08000260   Section        0  _printf_percent.o(.ARM.Collect$$_printf_percent$$00000000)
    .ARM.Collect$$_printf_percent$$00000009  0x08000260   Section        6  _printf_d.o(.ARM.Collect$$_printf_percent$$00000009)
    .ARM.Collect$$_printf_percent$$00000017  0x08000266   Section        4  _printf_percent_end.o(.ARM.Collect$$_printf_percent$$00000017)
    .ARM.Collect$$libinit$$00000000          0x0800026a   Section        2  libinit.o(.ARM.Collect$$libinit$$00000000)
    .ARM.Collect$$libinit$$00000001          0x0800026c   Section        4  libinit2.o(.ARM.Collect$$libinit$$00000001)
    .ARM.Collect$$libinit$$00000004          0x08000270   Section        0  libinit2.o(.ARM.Collect$$libinit$$00000004)
    .ARM.Collect$$libinit$$0000000A          0x08000270   Section        0  libinit2.o(.ARM.Collect$$libinit$$0000000A)
    .ARM.Collect$$libinit$$0000000C          0x08000270   Section        0  libinit2.o(.ARM.Collect$$libinit$$0000000C)
    .ARM.Collect$$libinit$$0000000E          0x08000270   Section        0  libinit2.o(.ARM.Collect$$libinit$$0000000E)
    .ARM.Collect$$libinit$$00000011          0x08000270   Section        0  libinit2.o(.ARM.Collect$$libinit$$00000011)
    .ARM.Collect$$libinit$$00000013          0x08000270   Section        0  libinit2.o(.ARM.Collect$$libinit$$00000013)
    .ARM.Collect$$libinit$$00000015          0x08000270   Section        0  libinit2.o(.ARM.Collect$$libinit$$00000015)
    .ARM.Collect$$libinit$$00000017          0x08000270   Section        0  libinit2.o(.ARM.Collect$$libinit$$00000017)
    .ARM.Collect$$libinit$$00000019          0x08000270   Section        0  libinit2.o(.ARM.Collect$$libinit$$00000019)
    .ARM.Collect$$libinit$$0000001B          0x08000270   Section        0  libinit2.o(.ARM.Collect$$libinit$$0000001B)
    .ARM.Collect$$libinit$$0000001D          0x08000270   Section        0  libinit2.o(.ARM.Collect$$libinit$$0000001D)
    .ARM.Collect$$libinit$$0000001F          0x08000270   Section        0  libinit2.o(.ARM.Collect$$libinit$$0000001F)
    .ARM.Collect$$libinit$$00000021          0x08000270   Section        0  libinit2.o(.ARM.Collect$$libinit$$00000021)
    .ARM.Collect$$libinit$$00000023          0x08000270   Section        0  libinit2.o(.ARM.Collect$$libinit$$00000023)
    .ARM.Collect$$libinit$$00000025          0x08000270   Section        0  libinit2.o(.ARM.Collect$$libinit$$00000025)
    .ARM.Collect$$libinit$$0000002C          0x08000270   Section        0  libinit2.o(.ARM.Collect$$libinit$$0000002C)
    .ARM.Collect$$libinit$$0000002E          0x08000270   Section        0  libinit2.o(.ARM.Collect$$libinit$$0000002E)
    .ARM.Collect$$libinit$$00000030          0x08000270   Section        0  libinit2.o(.ARM.Collect$$libinit$$00000030)
    .ARM.Collect$$libinit$$00000032          0x08000270   Section        0  libinit2.o(.ARM.Collect$$libinit$$00000032)
    .ARM.Collect$$libinit$$00000033          0x08000270   Section        2  libinit2.o(.ARM.Collect$$libinit$$00000033)
    .ARM.Collect$$libshutdown$$00000000      0x08000272   Section        2  libshutdown.o(.ARM.Collect$$libshutdown$$00000000)
    .ARM.Collect$$libshutdown$$00000002      0x08000274   Section        0  libshutdown2.o(.ARM.Collect$$libshutdown$$00000002)
    .ARM.Collect$$libshutdown$$00000004      0x08000274   Section        0  libshutdown2.o(.ARM.Collect$$libshutdown$$00000004)
    .ARM.Collect$$libshutdown$$00000006      0x08000274   Section        0  libshutdown2.o(.ARM.Collect$$libshutdown$$00000006)
    .ARM.Collect$$libshutdown$$00000009      0x08000274   Section        0  libshutdown2.o(.ARM.Collect$$libshutdown$$00000009)
    .ARM.Collect$$libshutdown$$0000000C      0x08000274   Section        0  libshutdown2.o(.ARM.Collect$$libshutdown$$0000000C)
    .ARM.Collect$$libshutdown$$0000000E      0x08000274   Section        0  libshutdown2.o(.ARM.Collect$$libshutdown$$0000000E)
    .ARM.Collect$$libshutdown$$00000011      0x08000274   Section        0  libshutdown2.o(.ARM.Collect$$libshutdown$$00000011)
    .ARM.Collect$$libshutdown$$00000012      0x08000274   Section        2  libshutdown2.o(.ARM.Collect$$libshutdown$$00000012)
    .ARM.Collect$$rtentry$$00000000          0x08000276   Section        0  __rtentry.o(.ARM.Collect$$rtentry$$00000000)
    .ARM.Collect$$rtentry$$00000002          0x08000276   Section        0  __rtentry2.o(.ARM.Collect$$rtentry$$00000002)
    .ARM.Collect$$rtentry$$00000004          0x08000276   Section        6  __rtentry4.o(.ARM.Collect$$rtentry$$00000004)
    .ARM.Collect$$rtentry$$00000009          0x0800027c   Section        0  __rtentry2.o(.ARM.Collect$$rtentry$$00000009)
    .ARM.Collect$$rtentry$$0000000A          0x0800027c   Section        4  __rtentry2.o(.ARM.Collect$$rtentry$$0000000A)
    .ARM.Collect$$rtentry$$0000000C          0x08000280   Section        0  __rtentry2.o(.ARM.Collect$$rtentry$$0000000C)
    .ARM.Collect$$rtentry$$0000000D          0x08000280   Section        8  __rtentry2.o(.ARM.Collect$$rtentry$$0000000D)
    .ARM.Collect$$rtexit$$00000000           0x08000288   Section        2  rtexit.o(.ARM.Collect$$rtexit$$00000000)
    .ARM.Collect$$rtexit$$00000002           0x0800028a   Section        0  rtexit2.o(.ARM.Collect$$rtexit$$00000002)
    .ARM.Collect$$rtexit$$00000003           0x0800028a   Section        4  rtexit2.o(.ARM.Collect$$rtexit$$00000003)
    .ARM.Collect$$rtexit$$00000004           0x0800028e   Section        6  rtexit2.o(.ARM.Collect$$rtexit$$00000004)
    .text                                    0x08000294   Section        0  main.o(.text)
    .text                                    0x080003a4   Section        0  stm32f4xx_it.o(.text)
    .text                                    0x080003c0   Section        0  system_stm32f4xx.o(.text)
    .text                                    0x080004e0   Section        0  sccb.o(.text)
    .text                                    0x08000794   Section        0  ov7670.o(.text)
    .text                                    0x08000b48   Section        0  dcmi.o(.text)
    .text                                    0x08000e14   Section        0  delay.o(.text)
    .text                                    0x08000f18   Section        0  usart.o(.text)
    .text                                    0x08001230   Section       64  startup_stm32f429xx.o(.text)
    $v0                                      0x08001230   Number         0  startup_stm32f429xx.o(.text)
    .text                                    0x08001270   Section        0  misc.o(.text)
    .text                                    0x08001350   Section        0  stm32f4xx_dma.o(.text)
    .text                                    0x080016f8   Section        0  stm32f4xx_gpio.o(.text)
    .text                                    0x08001990   Section        0  stm32f4xx_rcc.o(.text)
    .text                                    0x08001ff0   Section        0  stm32f4xx_tim.o(.text)
    TI4_Config                               0x0800278f   Thumb Code    80  stm32f4xx_tim.o(.text)
    TI3_Config                               0x080027f1   Thumb Code    72  stm32f4xx_tim.o(.text)
    TI2_Config                               0x08002853   Thumb Code    90  stm32f4xx_tim.o(.text)
    TI1_Config                               0x080028bf   Thumb Code    58  stm32f4xx_tim.o(.text)
    .text                                    0x08002c94   Section        0  stm32f4xx_usart.o(.text)
    .text                                    0x080030e8   Section        0  stm32f4xx_dcmi.o(.text)
    .text                                    0x08003274   Section        0  segger_rtt.o(.text)
    _DoInit                                  0x08003275   Thumb Code    82  segger_rtt.o(.text)
    _WriteBlocking                           0x080032c7   Thumb Code   118  segger_rtt.o(.text)
    _WriteNoCheck                            0x0800333d   Thumb Code    88  segger_rtt.o(.text)
    _PostTerminalSwitch                      0x08003395   Thumb Code    32  segger_rtt.o(.text)
    _GetAvailWriteSpace                      0x080033b5   Thumb Code    28  segger_rtt.o(.text)
    .text                                    0x0800400c   Section        0  segger_rtt_printf.o(.text)
    _StoreChar                               0x0800400d   Thumb Code    68  segger_rtt_printf.o(.text)
    _PrintUnsigned                           0x08004051   Thumb Code   230  segger_rtt_printf.o(.text)
    _PrintInt                                0x08004137   Thumb Code   236  segger_rtt_printf.o(.text)
    .text                                    0x080044f4   Section        0  usmart.o(.text)
    .text                                    0x08004fbc   Section        0  usmart_str.o(.text)
    .text                                    0x080054e4   Section        2  use_no_semi_2.o(.text)
    .text                                    0x080054e8   Section        0  noretval__2printf.o(.text)
    .text                                    0x08005500   Section        0  __printf.o(.text)
    .text                                    0x08005568   Section        0  _printf_dec.o(.text)
    .text                                    0x080055e0   Section        0  strlen.o(.text)
    .text                                    0x0800561e   Section      138  rt_memcpy_v6.o(.text)
    .text                                    0x080056a8   Section       78  rt_memclr_w.o(.text)
    .text                                    0x080056f6   Section        0  heapauxi.o(.text)
    .text                                    0x080056fc   Section        2  use_no_semi.o(.text)
    .text                                    0x080056fe   Section        0  _printf_intcommon.o(.text)
    .text                                    0x080057b0   Section        0  _printf_char_file.o(.text)
    .text                                    0x080057d4   Section      100  rt_memcpy_w.o(.text)
    .text                                    0x08005838   Section        0  _printf_char_common.o(.text)
    _printf_input_char                       0x08005839   Thumb Code    10  _printf_char_common.o(.text)
    .text                                    0x08005868   Section        0  ferror.o(.text)
    .text                                    0x08005870   Section       74  sys_stackheap_outer.o(.text)
    .text                                    0x080058ba   Section        0  exit.o(.text)
    .text                                    0x080058cc   Section        8  libspace.o(.text)
    x$fpl$d2f                                0x080058d4   Section       98  d2f.o(x$fpl$d2f)
    $v0                                      0x080058d4   Number         0  d2f.o(x$fpl$d2f)
    x$fpl$dnaninf                            0x08005936   Section      156  dnaninf.o(x$fpl$dnaninf)
    $v0                                      0x08005936   Number         0  dnaninf.o(x$fpl$dnaninf)
    x$fpl$fpinit                             0x080059d2   Section       10  fpinit.o(x$fpl$fpinit)
    $v0                                      0x080059d2   Number         0  fpinit.o(x$fpl$fpinit)
    x$fpl$fretinf                            0x080059dc   Section       10  fretinf.o(x$fpl$fretinf)
    $v0                                      0x080059dc   Number         0  fretinf.o(x$fpl$fretinf)
    .constdata                               0x080059e6   Section      334  ov7670.o(.constdata)
    x$fpl$usenofp                            0x080059e6   Section        0  usenofp.o(x$fpl$usenofp)
    .constdata                               0x08005b34   Section       17  segger_rtt.o(.constdata)
    _aInitStr                                0x08005b34   Data          17  segger_rtt.o(.constdata)
    .constdata                               0x08005b45   Section       16  segger_rtt_printf.o(.constdata)
    _aV2C                                    0x08005b45   Data          16  segger_rtt_printf.o(.constdata)
    .conststring                             0x08005b58   Section      428  usmart.o(.conststring)
    .conststring                             0x08005d04   Section      107  usmart_config.o(.conststring)
    .data                                    0x20000000   Section       20  system_stm32f4xx.o(.data)
    .data                                    0x20000014   Section       17  dcmi.o(.data)
    .data                                    0x20000026   Section        4  delay.o(.data)
    fac_us                                   0x20000026   Data           1  delay.o(.data)
    fac_ms                                   0x20000028   Data           2  delay.o(.data)
    .data                                    0x2000002c   Section        9  usart.o(.data)
    .data                                    0x20000035   Section       16  stm32f4xx_rcc.o(.data)
    APBAHBPrescTable                         0x20000035   Data          16  stm32f4xx_rcc.o(.data)
    .data                                    0x20000045   Section       17  segger_rtt.o(.data)
    _aTerminalId                             0x20000045   Data          16  segger_rtt.o(.data)
    _ActiveTerminal                          0x20000055   Data           1  segger_rtt.o(.data)
    .data                                    0x20000058   Section       28  usmart.o(.data)
    .data                                    0x20000074   Section      276  usmart_config.o(.data)
    .bss                                     0x20000188   Section    128000  ov7670.o(.bss)
    .bss                                     0x2001f588   Section       14  dcmi.o(.bss)
    .bss                                     0x2001f596   Section     2304  usart.o(.bss)
    .bss                                     0x2001fe98   Section     1320  segger_rtt.o(.bss)
    _acUpBuffer                              0x2001ff40   Data        1024  segger_rtt.o(.bss)
    _acDownBuffer                            0x20020340   Data         128  segger_rtt.o(.bss)
    .bss                                     0x200203c0   Section       96  libspace.o(.bss)
    HEAP                                     0x20020420   Section      512  startup_stm32f429xx.o(HEAP)
    Heap_Mem                                 0x20020420   Data         512  startup_stm32f429xx.o(HEAP)
    STACK                                    0x20020620   Section     1024  startup_stm32f429xx.o(STACK)
    Stack_Mem                                0x20020620   Data        1024  startup_stm32f429xx.o(STACK)
    __initial_sp                             0x20020a20   Data           0  startup_stm32f429xx.o(STACK)

    Global Symbols

    Symbol Name                              Value     Ov Type        Size  Object(Section)

    BuildAttributes$$THM_ISAv4$E$P$D$K$B$S$7EM$VFPi3$EXTD16$VFPS$VFMA$PE$A:L22UL41UL21$X:L11$S22US41US21$IEEE1$IW$USESV6$~STKCKD$USESV7$~SHL$OSPACE$ROPI$EBA8$UX$STANDARDLIB$REQ8$PRES8$EABIv2 0x00000000   Number         0  anon$$obj.o ABSOLUTE
    __ARM_use_no_argv                        0x00000000   Number         0  main.o ABSOLUTE
    __ARM_exceptions_init                     - Undefined Weak Reference
    __alloca_initialize                       - Undefined Weak Reference
    __arm_fini_                               - Undefined Weak Reference
    __arm_preinit_                            - Undefined Weak Reference
    __cpp_initialize__aeabi_                  - Undefined Weak Reference
    __cxa_finalize                            - Undefined Weak Reference
    __rt_locale                               - Undefined Weak Reference
    __sigvec_lookup                           - Undefined Weak Reference
    _atexit_init                              - Undefined Weak Reference
    _call_atexit_fns                          - Undefined Weak Reference
    _clock_init                               - Undefined Weak Reference
    _fp_trap_init                             - Undefined Weak Reference
    _fp_trap_shutdown                         - Undefined Weak Reference
    _get_lc_collate                           - Undefined Weak Reference
    _get_lc_ctype                             - Undefined Weak Reference
    _get_lc_monetary                          - Undefined Weak Reference
    _get_lc_numeric                           - Undefined Weak Reference
    _get_lc_time                              - Undefined Weak Reference
    _getenv_init                              - Undefined Weak Reference
    _handle_redirection                       - Undefined Weak Reference
    _init_alloc                               - Undefined Weak Reference
    _init_user_alloc                          - Undefined Weak Reference
    _initio                                   - Undefined Weak Reference
    _mutex_acquire                            - Undefined Weak Reference
    _mutex_release                            - Undefined Weak Reference
    _printf_post_padding                      - Undefined Weak Reference
    _printf_pre_padding                       - Undefined Weak Reference
    _printf_truncate_signed                   - Undefined Weak Reference
    _printf_truncate_unsigned                 - Undefined Weak Reference
    _rand_init                                - Undefined Weak Reference
    _signal_finish                            - Undefined Weak Reference
    _signal_init                              - Undefined Weak Reference
    _terminate_alloc                          - Undefined Weak Reference
    _terminate_user_alloc                     - Undefined Weak Reference
    _terminateio                              - Undefined Weak Reference
    __Vectors_Size                           0x000001ac   Number         0  startup_stm32f429xx.o ABSOLUTE
    __Vectors                                0x08000000   Data           4  startup_stm32f429xx.o(RESET)
    __Vectors_End                            0x080001ac   Data           0  startup_stm32f429xx.o(RESET)
    __main                                   0x080001ad   Thumb Code     8  __main.o(!!!main)
    __scatterload                            0x080001b5   Thumb Code     0  __scatter.o(!!!scatter)
    __scatterload_rt2                        0x080001b5   Thumb Code    44  __scatter.o(!!!scatter)
    __scatterload_rt2_thumb_only             0x080001b5   Thumb Code     0  __scatter.o(!!!scatter)
    __scatterload_null                       0x080001c3   Thumb Code     0  __scatter.o(!!!scatter)
    __decompress                             0x080001e9   Thumb Code    90  __dczerorl2.o(!!dczerorl2)
    __decompress1                            0x080001e9   Thumb Code     0  __dczerorl2.o(!!dczerorl2)
    __scatterload_zeroinit                   0x08000245   Thumb Code    28  __scatter_zi.o(!!handler_zi)
    _printf_d                                0x08000261   Thumb Code     0  _printf_d.o(.ARM.Collect$$_printf_percent$$00000009)
    _printf_percent                          0x08000261   Thumb Code     0  _printf_percent.o(.ARM.Collect$$_printf_percent$$00000000)
    _printf_percent_end                      0x08000267   Thumb Code     0  _printf_percent_end.o(.ARM.Collect$$_printf_percent$$00000017)
    __rt_lib_init                            0x0800026b   Thumb Code     0  libinit.o(.ARM.Collect$$libinit$$00000000)
    __rt_lib_init_fp_1                       0x0800026d   Thumb Code     0  libinit2.o(.ARM.Collect$$libinit$$00000001)
    __rt_lib_init_alloca_1                   0x08000271   Thumb Code     0  libinit2.o(.ARM.Collect$$libinit$$0000002E)
    __rt_lib_init_argv_1                     0x08000271   Thumb Code     0  libinit2.o(.ARM.Collect$$libinit$$0000002C)
    __rt_lib_init_atexit_1                   0x08000271   Thumb Code     0  libinit2.o(.ARM.Collect$$libinit$$0000001B)
    __rt_lib_init_clock_1                    0x08000271   Thumb Code     0  libinit2.o(.ARM.Collect$$libinit$$00000021)
    __rt_lib_init_cpp_1                      0x08000271   Thumb Code     0  libinit2.o(.ARM.Collect$$libinit$$00000032)
    __rt_lib_init_exceptions_1               0x08000271   Thumb Code     0  libinit2.o(.ARM.Collect$$libinit$$00000030)
    __rt_lib_init_fp_trap_1                  0x08000271   Thumb Code     0  libinit2.o(.ARM.Collect$$libinit$$0000001F)
    __rt_lib_init_getenv_1                   0x08000271   Thumb Code     0  libinit2.o(.ARM.Collect$$libinit$$00000023)
    __rt_lib_init_heap_1                     0x08000271   Thumb Code     0  libinit2.o(.ARM.Collect$$libinit$$0000000A)
    __rt_lib_init_lc_collate_1               0x08000271   Thumb Code     0  libinit2.o(.ARM.Collect$$libinit$$00000011)
    __rt_lib_init_lc_ctype_1                 0x08000271   Thumb Code     0  libinit2.o(.ARM.Collect$$libinit$$00000013)
    __rt_lib_init_lc_monetary_1              0x08000271   Thumb Code     0  libinit2.o(.ARM.Collect$$libinit$$00000015)
    __rt_lib_init_lc_numeric_1               0x08000271   Thumb Code     0  libinit2.o(.ARM.Collect$$libinit$$00000017)
    __rt_lib_init_lc_time_1                  0x08000271   Thumb Code     0  libinit2.o(.ARM.Collect$$libinit$$00000019)
    __rt_lib_init_preinit_1                  0x08000271   Thumb Code     0  libinit2.o(.ARM.Collect$$libinit$$00000004)
    __rt_lib_init_rand_1                     0x08000271   Thumb Code     0  libinit2.o(.ARM.Collect$$libinit$$0000000E)
    __rt_lib_init_return                     0x08000271   Thumb Code     0  libinit2.o(.ARM.Collect$$libinit$$00000033)
    __rt_lib_init_signal_1                   0x08000271   Thumb Code     0  libinit2.o(.ARM.Collect$$libinit$$0000001D)
    __rt_lib_init_stdio_1                    0x08000271   Thumb Code     0  libinit2.o(.ARM.Collect$$libinit$$00000025)
    __rt_lib_init_user_alloc_1               0x08000271   Thumb Code     0  libinit2.o(.ARM.Collect$$libinit$$0000000C)
    __rt_lib_shutdown                        0x08000273   Thumb Code     0  libshutdown.o(.ARM.Collect$$libshutdown$$00000000)
    __rt_lib_shutdown_cpp_1                  0x08000275   Thumb Code     0  libshutdown2.o(.ARM.Collect$$libshutdown$$00000004)
    __rt_lib_shutdown_fini_1                 0x08000275   Thumb Code     0  libshutdown2.o(.ARM.Collect$$libshutdown$$00000002)
    __rt_lib_shutdown_fp_trap_1              0x08000275   Thumb Code     0  libshutdown2.o(.ARM.Collect$$libshutdown$$00000009)
    __rt_lib_shutdown_heap_1                 0x08000275   Thumb Code     0  libshutdown2.o(.ARM.Collect$$libshutdown$$00000011)
    __rt_lib_shutdown_return                 0x08000275   Thumb Code     0  libshutdown2.o(.ARM.Collect$$libshutdown$$00000012)
    __rt_lib_shutdown_signal_1               0x08000275   Thumb Code     0  libshutdown2.o(.ARM.Collect$$libshutdown$$0000000C)
    __rt_lib_shutdown_stdio_1                0x08000275   Thumb Code     0  libshutdown2.o(.ARM.Collect$$libshutdown$$00000006)
    __rt_lib_shutdown_user_alloc_1           0x08000275   Thumb Code     0  libshutdown2.o(.ARM.Collect$$libshutdown$$0000000E)
    __rt_entry                               0x08000277   Thumb Code     0  __rtentry.o(.ARM.Collect$$rtentry$$00000000)
    __rt_entry_presh_1                       0x08000277   Thumb Code     0  __rtentry2.o(.ARM.Collect$$rtentry$$00000002)
    __rt_entry_sh                            0x08000277   Thumb Code     0  __rtentry4.o(.ARM.Collect$$rtentry$$00000004)
    __rt_entry_li                            0x0800027d   Thumb Code     0  __rtentry2.o(.ARM.Collect$$rtentry$$0000000A)
    __rt_entry_postsh_1                      0x0800027d   Thumb Code     0  __rtentry2.o(.ARM.Collect$$rtentry$$00000009)
    __rt_entry_main                          0x08000281   Thumb Code     0  __rtentry2.o(.ARM.Collect$$rtentry$$0000000D)
    __rt_entry_postli_1                      0x08000281   Thumb Code     0  __rtentry2.o(.ARM.Collect$$rtentry$$0000000C)
    __rt_exit                                0x08000289   Thumb Code     0  rtexit.o(.ARM.Collect$$rtexit$$00000000)
    __rt_exit_ls                             0x0800028b   Thumb Code     0  rtexit2.o(.ARM.Collect$$rtexit$$00000003)
    __rt_exit_prels_1                        0x0800028b   Thumb Code     0  rtexit2.o(.ARM.Collect$$rtexit$$00000002)
    __rt_exit_exit                           0x0800028f   Thumb Code     0  rtexit2.o(.ARM.Collect$$rtexit$$00000004)
    SendCameraFrame                          0x08000295   Thumb Code   162  main.o(.text)
    main                                     0x08000337   Thumb Code    96  main.o(.text)
    NMI_Handler                              0x080003a5   Thumb Code     2  stm32f4xx_it.o(.text)
    HardFault_Handler                        0x080003a7   Thumb Code     4  stm32f4xx_it.o(.text)
    MemManage_Handler                        0x080003ab   Thumb Code     4  stm32f4xx_it.o(.text)
    BusFault_Handler                         0x080003af   Thumb Code     4  stm32f4xx_it.o(.text)
    UsageFault_Handler                       0x080003b3   Thumb Code     4  stm32f4xx_it.o(.text)
    SVC_Handler                              0x080003b7   Thumb Code     2  stm32f4xx_it.o(.text)
    DebugMon_Handler                         0x080003b9   Thumb Code     2  stm32f4xx_it.o(.text)
    PendSV_Handler                           0x080003bb   Thumb Code     2  stm32f4xx_it.o(.text)
    SysTick_Handler                          0x080003bd   Thumb Code     2  stm32f4xx_it.o(.text)
    SystemInit                               0x080003c1   Thumb Code    82  system_stm32f4xx.o(.text)
    SystemCoreClockUpdate                    0x08000413   Thumb Code   174  system_stm32f4xx.o(.text)
    SCCB_Init                                0x080004e1   Thumb Code   130  sccb.o(.text)
    SCCB_Start                               0x08000563   Thumb Code    54  sccb.o(.text)
    SCCB_Stop                                0x08000599   Thumb Code    54  sccb.o(.text)
    SCCB_No_Ack                              0x080005cf   Thumb Code    54  sccb.o(.text)
    SCCB_WR_Byte                             0x08000605   Thumb Code   168  sccb.o(.text)
    SCCB_RD_Byte                             0x080006ad   Thumb Code   118  sccb.o(.text)
    SCCB_WR_Reg                              0x08000723   Thumb Code    50  sccb.o(.text)
    SCCB_RD_Reg                              0x08000755   Thumb Code    56  sccb.o(.text)
    OV7670_RST_PW_Init                       0x08000795   Thumb Code    50  ov7670.o(.text)
    OV7670_Contrast                          0x080007c7   Thumb Code    50  ov7670.o(.text)
    OV7670_Brightness                        0x080007f9   Thumb Code    50  ov7670.o(.text)
    OV7670_Color_Saturation                  0x0800082b   Thumb Code   122  ov7670.o(.text)
    OV7670_Light_Mode                        0x080008a5   Thumb Code    92  ov7670.o(.text)
    OV7670_Window_Set                        0x08000901   Thumb Code   192  ov7670.o(.text)
    OV7670_Init                              0x080009c1   Thumb Code   248  ov7670.o(.text)
    OV7670_Special_Effects                   0x08000ab9   Thumb Code   106  ov7670.o(.text)
    DCMI_DMA_Init                            0x08000b49   Thumb Code   140  dcmi.o(.text)
    DMA2_Stream1_IRQHandler                  0x08000bd5   Thumb Code    48  dcmi.o(.text)
    My_DCMI_Init                             0x08000c05   Thumb Code   330  dcmi.o(.text)
    DCMI_Start                               0x08000d4f   Thumb Code    18  dcmi.o(.text)
    DCMI_Stop                                0x08000d61   Thumb Code    34  dcmi.o(.text)
    DCMI_IRQHandler                          0x08000d83   Thumb Code    60  dcmi.o(.text)
    DCMI_Set_Window                          0x08000dbf   Thumb Code    34  dcmi.o(.text)
    delay_init                               0x08000e15   Thumb Code    52  delay.o(.text)
    delay_us                                 0x08000e49   Thumb Code    72  delay.o(.text)
    delay_xms                                0x08000e91   Thumb Code    72  delay.o(.text)
    delay_ms                                 0x08000ed9   Thumb Code    56  delay.o(.text)
    _sys_exit                                0x08000f19   Thumb Code     4  usart.o(.text)
    _ttywrch                                 0x08000f1d   Thumb Code     4  usart.o(.text)
    fputc                                    0x08000f21   Thumb Code    32  usart.o(.text)
    fgetc                                    0x08000f41   Thumb Code    20  usart.o(.text)
    RTT_printf                               0x08000f55   Thumb Code    40  usart.o(.text)
    uart1_Init                               0x08000f7d   Thumb Code   456  usart.o(.text)
    USART1_IRQHandler                        0x08001145   Thumb Code   100  usart.o(.text)
    DMA2_Stream7_IRQHandler                  0x080011a9   Thumb Code    52  usart.o(.text)
    DMA_USART1_Send                          0x080011dd   Thumb Code    52  usart.o(.text)
    Reset_Handler                            0x08001231   Thumb Code     8  startup_stm32f429xx.o(.text)
    ADC_IRQHandler                           0x0800124b   Thumb Code     0  startup_stm32f429xx.o(.text)
    CAN1_RX0_IRQHandler                      0x0800124b   Thumb Code     0  startup_stm32f429xx.o(.text)
    CAN1_RX1_IRQHandler                      0x0800124b   Thumb Code     0  startup_stm32f429xx.o(.text)
    CAN1_SCE_IRQHandler                      0x0800124b   Thumb Code     0  startup_stm32f429xx.o(.text)
    CAN1_TX_IRQHandler                       0x0800124b   Thumb Code     0  startup_stm32f429xx.o(.text)
    CAN2_RX0_IRQHandler                      0x0800124b   Thumb Code     0  startup_stm32f429xx.o(.text)
    CAN2_RX1_IRQHandler                      0x0800124b   Thumb Code     0  startup_stm32f429xx.o(.text)
    CAN2_SCE_IRQHandler                      0x0800124b   Thumb Code     0  startup_stm32f429xx.o(.text)
    CAN2_TX_IRQHandler                       0x0800124b   Thumb Code     0  startup_stm32f429xx.o(.text)
    DMA1_Stream0_IRQHandler                  0x0800124b   Thumb Code     0  startup_stm32f429xx.o(.text)
    DMA1_Stream1_IRQHandler                  0x0800124b   Thumb Code     0  startup_stm32f429xx.o(.text)
    DMA1_Stream2_IRQHandler                  0x0800124b   Thumb Code     0  startup_stm32f429xx.o(.text)
    DMA1_Stream3_IRQHandler                  0x0800124b   Thumb Code     0  startup_stm32f429xx.o(.text)
    DMA1_Stream4_IRQHandler                  0x0800124b   Thumb Code     0  startup_stm32f429xx.o(.text)
    DMA1_Stream5_IRQHandler                  0x0800124b   Thumb Code     0  startup_stm32f429xx.o(.text)
    DMA1_Stream6_IRQHandler                  0x0800124b   Thumb Code     0  startup_stm32f429xx.o(.text)
    DMA1_Stream7_IRQHandler                  0x0800124b   Thumb Code     0  startup_stm32f429xx.o(.text)
    DMA2D_IRQHandler                         0x0800124b   Thumb Code     0  startup_stm32f429xx.o(.text)
    DMA2_Stream0_IRQHandler                  0x0800124b   Thumb Code     0  startup_stm32f429xx.o(.text)
    DMA2_Stream2_IRQHandler                  0x0800124b   Thumb Code     0  startup_stm32f429xx.o(.text)
    DMA2_Stream3_IRQHandler                  0x0800124b   Thumb Code     0  startup_stm32f429xx.o(.text)
    DMA2_Stream4_IRQHandler                  0x0800124b   Thumb Code     0  startup_stm32f429xx.o(.text)
    DMA2_Stream5_IRQHandler                  0x0800124b   Thumb Code     0  startup_stm32f429xx.o(.text)
    DMA2_Stream6_IRQHandler                  0x0800124b   Thumb Code     0  startup_stm32f429xx.o(.text)
    ETH_IRQHandler                           0x0800124b   Thumb Code     0  startup_stm32f429xx.o(.text)
    ETH_WKUP_IRQHandler                      0x0800124b   Thumb Code     0  startup_stm32f429xx.o(.text)
    EXTI0_IRQHandler                         0x0800124b   Thumb Code     0  startup_stm32f429xx.o(.text)
    EXTI15_10_IRQHandler                     0x0800124b   Thumb Code     0  startup_stm32f429xx.o(.text)
    EXTI1_IRQHandler                         0x0800124b   Thumb Code     0  startup_stm32f429xx.o(.text)
    EXTI2_IRQHandler                         0x0800124b   Thumb Code     0  startup_stm32f429xx.o(.text)
    EXTI3_IRQHandler                         0x0800124b   Thumb Code     0  startup_stm32f429xx.o(.text)
    EXTI4_IRQHandler                         0x0800124b   Thumb Code     0  startup_stm32f429xx.o(.text)
    EXTI9_5_IRQHandler                       0x0800124b   Thumb Code     0  startup_stm32f429xx.o(.text)
    FLASH_IRQHandler                         0x0800124b   Thumb Code     0  startup_stm32f429xx.o(.text)
    FMC_IRQHandler                           0x0800124b   Thumb Code     0  startup_stm32f429xx.o(.text)
    FPU_IRQHandler                           0x0800124b   Thumb Code     0  startup_stm32f429xx.o(.text)
    HASH_RNG_IRQHandler                      0x0800124b   Thumb Code     0  startup_stm32f429xx.o(.text)
    I2C1_ER_IRQHandler                       0x0800124b   Thumb Code     0  startup_stm32f429xx.o(.text)
    I2C1_EV_IRQHandler                       0x0800124b   Thumb Code     0  startup_stm32f429xx.o(.text)
    I2C2_ER_IRQHandler                       0x0800124b   Thumb Code     0  startup_stm32f429xx.o(.text)
    I2C2_EV_IRQHandler                       0x0800124b   Thumb Code     0  startup_stm32f429xx.o(.text)
    I2C3_ER_IRQHandler                       0x0800124b   Thumb Code     0  startup_stm32f429xx.o(.text)
    I2C3_EV_IRQHandler                       0x0800124b   Thumb Code     0  startup_stm32f429xx.o(.text)
    LTDC_ER_IRQHandler                       0x0800124b   Thumb Code     0  startup_stm32f429xx.o(.text)
    LTDC_IRQHandler                          0x0800124b   Thumb Code     0  startup_stm32f429xx.o(.text)
    OTG_FS_IRQHandler                        0x0800124b   Thumb Code     0  startup_stm32f429xx.o(.text)
    OTG_FS_WKUP_IRQHandler                   0x0800124b   Thumb Code     0  startup_stm32f429xx.o(.text)
    OTG_HS_EP1_IN_IRQHandler                 0x0800124b   Thumb Code     0  startup_stm32f429xx.o(.text)
    OTG_HS_EP1_OUT_IRQHandler                0x0800124b   Thumb Code     0  startup_stm32f429xx.o(.text)
    OTG_HS_IRQHandler                        0x0800124b   Thumb Code     0  startup_stm32f429xx.o(.text)
    OTG_HS_WKUP_IRQHandler                   0x0800124b   Thumb Code     0  startup_stm32f429xx.o(.text)
    PVD_IRQHandler                           0x0800124b   Thumb Code     0  startup_stm32f429xx.o(.text)
    RCC_IRQHandler                           0x0800124b   Thumb Code     0  startup_stm32f429xx.o(.text)
    RTC_Alarm_IRQHandler                     0x0800124b   Thumb Code     0  startup_stm32f429xx.o(.text)
    RTC_WKUP_IRQHandler                      0x0800124b   Thumb Code     0  startup_stm32f429xx.o(.text)
    SAI1_IRQHandler                          0x0800124b   Thumb Code     0  startup_stm32f429xx.o(.text)
    SDIO_IRQHandler                          0x0800124b   Thumb Code     0  startup_stm32f429xx.o(.text)
    SPI1_IRQHandler                          0x0800124b   Thumb Code     0  startup_stm32f429xx.o(.text)
    SPI2_IRQHandler                          0x0800124b   Thumb Code     0  startup_stm32f429xx.o(.text)
    SPI3_IRQHandler                          0x0800124b   Thumb Code     0  startup_stm32f429xx.o(.text)
    SPI4_IRQHandler                          0x0800124b   Thumb Code     0  startup_stm32f429xx.o(.text)
    SPI5_IRQHandler                          0x0800124b   Thumb Code     0  startup_stm32f429xx.o(.text)
    SPI6_IRQHandler                          0x0800124b   Thumb Code     0  startup_stm32f429xx.o(.text)
    TAMP_STAMP_IRQHandler                    0x0800124b   Thumb Code     0  startup_stm32f429xx.o(.text)
    TIM1_BRK_TIM9_IRQHandler                 0x0800124b   Thumb Code     0  startup_stm32f429xx.o(.text)
    TIM1_CC_IRQHandler                       0x0800124b   Thumb Code     0  startup_stm32f429xx.o(.text)
    TIM1_TRG_COM_TIM11_IRQHandler            0x0800124b   Thumb Code     0  startup_stm32f429xx.o(.text)
    TIM1_UP_TIM10_IRQHandler                 0x0800124b   Thumb Code     0  startup_stm32f429xx.o(.text)
    TIM2_IRQHandler                          0x0800124b   Thumb Code     0  startup_stm32f429xx.o(.text)
    TIM3_IRQHandler                          0x0800124b   Thumb Code     0  startup_stm32f429xx.o(.text)
    TIM5_IRQHandler                          0x0800124b   Thumb Code     0  startup_stm32f429xx.o(.text)
    TIM6_DAC_IRQHandler                      0x0800124b   Thumb Code     0  startup_stm32f429xx.o(.text)
    TIM7_IRQHandler                          0x0800124b   Thumb Code     0  startup_stm32f429xx.o(.text)
    TIM8_BRK_TIM12_IRQHandler                0x0800124b   Thumb Code     0  startup_stm32f429xx.o(.text)
    TIM8_CC_IRQHandler                       0x0800124b   Thumb Code     0  startup_stm32f429xx.o(.text)
    TIM8_TRG_COM_TIM14_IRQHandler            0x0800124b   Thumb Code     0  startup_stm32f429xx.o(.text)
    TIM8_UP_TIM13_IRQHandler                 0x0800124b   Thumb Code     0  startup_stm32f429xx.o(.text)
    UART4_IRQHandler                         0x0800124b   Thumb Code     0  startup_stm32f429xx.o(.text)
    UART5_IRQHandler                         0x0800124b   Thumb Code     0  startup_stm32f429xx.o(.text)
    UART7_IRQHandler                         0x0800124b   Thumb Code     0  startup_stm32f429xx.o(.text)
    UART8_IRQHandler                         0x0800124b   Thumb Code     0  startup_stm32f429xx.o(.text)
    USART2_IRQHandler                        0x0800124b   Thumb Code     0  startup_stm32f429xx.o(.text)
    USART3_IRQHandler                        0x0800124b   Thumb Code     0  startup_stm32f429xx.o(.text)
    USART6_IRQHandler                        0x0800124b   Thumb Code     0  startup_stm32f429xx.o(.text)
    WWDG_IRQHandler                          0x0800124b   Thumb Code     0  startup_stm32f429xx.o(.text)
    __user_initial_stackheap                 0x0800124d   Thumb Code     0  startup_stm32f429xx.o(.text)
    NVIC_PriorityGroupConfig                 0x08001271   Thumb Code    10  misc.o(.text)
    NVIC_Init                                0x0800127b   Thumb Code   106  misc.o(.text)
    NVIC_SetVectorTable                      0x080012e5   Thumb Code    14  misc.o(.text)
    NVIC_SystemLPConfig                      0x080012f3   Thumb Code    34  misc.o(.text)
    SysTick_CLKSourceConfig                  0x08001315   Thumb Code    40  misc.o(.text)
    DMA_DeInit                               0x08001351   Thumb Code   324  stm32f4xx_dma.o(.text)
    DMA_Init                                 0x08001495   Thumb Code    82  stm32f4xx_dma.o(.text)
    DMA_StructInit                           0x080014e7   Thumb Code    34  stm32f4xx_dma.o(.text)
    DMA_Cmd                                  0x08001509   Thumb Code    22  stm32f4xx_dma.o(.text)
    DMA_PeriphIncOffsetSizeConfig            0x0800151f   Thumb Code    22  stm32f4xx_dma.o(.text)
    DMA_FlowControllerConfig                 0x08001535   Thumb Code    22  stm32f4xx_dma.o(.text)
    DMA_SetCurrDataCounter                   0x0800154b   Thumb Code     4  stm32f4xx_dma.o(.text)
    DMA_GetCurrDataCounter                   0x0800154f   Thumb Code     8  stm32f4xx_dma.o(.text)
    DMA_DoubleBufferModeConfig               0x08001557   Thumb Code    24  stm32f4xx_dma.o(.text)
    DMA_DoubleBufferModeCmd                  0x0800156f   Thumb Code    22  stm32f4xx_dma.o(.text)
    DMA_MemoryTargetConfig                   0x08001585   Thumb Code    10  stm32f4xx_dma.o(.text)
    DMA_GetCurrentMemoryTarget               0x0800158f   Thumb Code    20  stm32f4xx_dma.o(.text)
    DMA_GetCmdStatus                         0x080015a3   Thumb Code    20  stm32f4xx_dma.o(.text)
    DMA_GetFIFOStatus                        0x080015b7   Thumb Code    12  stm32f4xx_dma.o(.text)
    DMA_GetFlagStatus                        0x080015c3   Thumb Code    56  stm32f4xx_dma.o(.text)
    DMA_ClearFlag                            0x080015fb   Thumb Code    40  stm32f4xx_dma.o(.text)
    DMA_ITConfig                             0x08001623   Thumb Code    58  stm32f4xx_dma.o(.text)
    DMA_GetITStatus                          0x0800165d   Thumb Code    84  stm32f4xx_dma.o(.text)
    DMA_ClearITPendingBit                    0x080016b1   Thumb Code    40  stm32f4xx_dma.o(.text)
    GPIO_DeInit                              0x080016f9   Thumb Code   268  stm32f4xx_gpio.o(.text)
    GPIO_Init                                0x08001805   Thumb Code   144  stm32f4xx_gpio.o(.text)
    GPIO_StructInit                          0x08001895   Thumb Code    18  stm32f4xx_gpio.o(.text)
    GPIO_PinLockConfig                       0x080018a7   Thumb Code    34  stm32f4xx_gpio.o(.text)
    GPIO_ReadInputDataBit                    0x080018c9   Thumb Code    18  stm32f4xx_gpio.o(.text)
    GPIO_ReadInputData                       0x080018db   Thumb Code     8  stm32f4xx_gpio.o(.text)
    GPIO_ReadOutputDataBit                   0x080018e3   Thumb Code    18  stm32f4xx_gpio.o(.text)
    GPIO_ReadOutputData                      0x080018f5   Thumb Code     8  stm32f4xx_gpio.o(.text)
    GPIO_SetBits                             0x080018fd   Thumb Code     4  stm32f4xx_gpio.o(.text)
    GPIO_ResetBits                           0x08001901   Thumb Code     6  stm32f4xx_gpio.o(.text)
    GPIO_WriteBit                            0x08001907   Thumb Code    12  stm32f4xx_gpio.o(.text)
    GPIO_Write                               0x08001913   Thumb Code     4  stm32f4xx_gpio.o(.text)
    GPIO_ToggleBits                          0x08001917   Thumb Code     8  stm32f4xx_gpio.o(.text)
    GPIO_PinAFConfig                         0x0800191f   Thumb Code    70  stm32f4xx_gpio.o(.text)
    RCC_DeInit                               0x08001991   Thumb Code    82  stm32f4xx_rcc.o(.text)
    RCC_HSEConfig                            0x080019e3   Thumb Code    14  stm32f4xx_rcc.o(.text)
    RCC_GetFlagStatus                        0x080019f1   Thumb Code    60  stm32f4xx_rcc.o(.text)
    RCC_WaitForHSEStartUp                    0x08001a2d   Thumb Code    56  stm32f4xx_rcc.o(.text)
    RCC_AdjustHSICalibrationValue            0x08001a65   Thumb Code    20  stm32f4xx_rcc.o(.text)
    RCC_HSICmd                               0x08001a79   Thumb Code     6  stm32f4xx_rcc.o(.text)
    RCC_LSEConfig                            0x08001a7f   Thumb Code    46  stm32f4xx_rcc.o(.text)
    RCC_LSICmd                               0x08001aad   Thumb Code     6  stm32f4xx_rcc.o(.text)
    RCC_PLLConfig                            0x08001ab3   Thumb Code    32  stm32f4xx_rcc.o(.text)
    RCC_PLLCmd                               0x08001ad3   Thumb Code     6  stm32f4xx_rcc.o(.text)
    RCC_PLLI2SConfig                         0x08001ad9   Thumb Code    20  stm32f4xx_rcc.o(.text)
    RCC_PLLI2SCmd                            0x08001aed   Thumb Code     6  stm32f4xx_rcc.o(.text)
    RCC_PLLSAIConfig                         0x08001af3   Thumb Code    20  stm32f4xx_rcc.o(.text)
    RCC_PLLSAICmd                            0x08001b07   Thumb Code     6  stm32f4xx_rcc.o(.text)
    RCC_ClockSecuritySystemCmd               0x08001b0d   Thumb Code     6  stm32f4xx_rcc.o(.text)
    RCC_MCO1Config                           0x08001b13   Thumb Code    28  stm32f4xx_rcc.o(.text)
    RCC_MCO2Config                           0x08001b2f   Thumb Code    28  stm32f4xx_rcc.o(.text)
    RCC_SYSCLKConfig                         0x08001b4b   Thumb Code    20  stm32f4xx_rcc.o(.text)
    RCC_GetSYSCLKSource                      0x08001b5f   Thumb Code    12  stm32f4xx_rcc.o(.text)
    RCC_HCLKConfig                           0x08001b6b   Thumb Code    20  stm32f4xx_rcc.o(.text)
    RCC_PCLK1Config                          0x08001b7f   Thumb Code    20  stm32f4xx_rcc.o(.text)
    RCC_PCLK2Config                          0x08001b93   Thumb Code    22  stm32f4xx_rcc.o(.text)
    RCC_GetClocksFreq                        0x08001ba9   Thumb Code   222  stm32f4xx_rcc.o(.text)
    RCC_RTCCLKConfig                         0x08001c87   Thumb Code    54  stm32f4xx_rcc.o(.text)
    RCC_RTCCLKCmd                            0x08001cbd   Thumb Code     8  stm32f4xx_rcc.o(.text)
    RCC_BackupResetCmd                       0x08001cc5   Thumb Code     8  stm32f4xx_rcc.o(.text)
    RCC_I2SCLKConfig                         0x08001ccd   Thumb Code     6  stm32f4xx_rcc.o(.text)
    RCC_SAIBlockACLKConfig                   0x08001cd3   Thumb Code    20  stm32f4xx_rcc.o(.text)
    RCC_SAIBlockBCLKConfig                   0x08001ce7   Thumb Code    20  stm32f4xx_rcc.o(.text)
    RCC_SAIPLLI2SClkDivConfig                0x08001cfb   Thumb Code    26  stm32f4xx_rcc.o(.text)
    RCC_SAIPLLSAIClkDivConfig                0x08001d15   Thumb Code    28  stm32f4xx_rcc.o(.text)
    RCC_LTDCCLKDivConfig                     0x08001d31   Thumb Code    20  stm32f4xx_rcc.o(.text)
    RCC_TIMCLKPresConfig                     0x08001d45   Thumb Code     6  stm32f4xx_rcc.o(.text)
    RCC_AHB1PeriphClockCmd                   0x08001d4b   Thumb Code    82  stm32f4xx_rcc.o(.text)
    RCC_AHB2PeriphClockCmd                   0x08001d9d   Thumb Code    26  stm32f4xx_rcc.o(.text)
    RCC_AHB3PeriphClockCmd                   0x08001db7   Thumb Code    34  stm32f4xx_rcc.o(.text)
    RCC_APB1PeriphClockCmd                   0x08001dd9   Thumb Code    34  stm32f4xx_rcc.o(.text)
    RCC_APB2PeriphClockCmd                   0x08001dfb   Thumb Code    34  stm32f4xx_rcc.o(.text)
    RCC_AHB1PeriphResetCmd                   0x08001e1d   Thumb Code    34  stm32f4xx_rcc.o(.text)
    RCC_AHB2PeriphResetCmd                   0x08001e3f   Thumb Code    34  stm32f4xx_rcc.o(.text)
    RCC_AHB3PeriphResetCmd                   0x08001e61   Thumb Code    34  stm32f4xx_rcc.o(.text)
    RCC_APB1PeriphResetCmd                   0x08001e83   Thumb Code    34  stm32f4xx_rcc.o(.text)
    RCC_APB2PeriphResetCmd                   0x08001ea5   Thumb Code    34  stm32f4xx_rcc.o(.text)
    RCC_AHB1PeriphClockLPModeCmd             0x08001ec7   Thumb Code    34  stm32f4xx_rcc.o(.text)
    RCC_AHB2PeriphClockLPModeCmd             0x08001ee9   Thumb Code    34  stm32f4xx_rcc.o(.text)
    RCC_AHB3PeriphClockLPModeCmd             0x08001f0b   Thumb Code    34  stm32f4xx_rcc.o(.text)
    RCC_APB1PeriphClockLPModeCmd             0x08001f2d   Thumb Code    34  stm32f4xx_rcc.o(.text)
    RCC_APB2PeriphClockLPModeCmd             0x08001f4f   Thumb Code    34  stm32f4xx_rcc.o(.text)
    RCC_LSEModeConfig                        0x08001f71   Thumb Code    40  stm32f4xx_rcc.o(.text)
    RCC_ITConfig                             0x08001f99   Thumb Code    34  stm32f4xx_rcc.o(.text)
    RCC_ClearFlag                            0x08001fbb   Thumb Code    18  stm32f4xx_rcc.o(.text)
    RCC_GetITStatus                          0x08001fcd   Thumb Code    22  stm32f4xx_rcc.o(.text)
    RCC_ClearITPendingBit                    0x08001fe3   Thumb Code     8  stm32f4xx_rcc.o(.text)
    TIM_DeInit                               0x08001ff1   Thumb Code   346  stm32f4xx_tim.o(.text)
    TIM_TimeBaseInit                         0x0800214b   Thumb Code   104  stm32f4xx_tim.o(.text)
    TIM_TimeBaseStructInit                   0x080021b3   Thumb Code    18  stm32f4xx_tim.o(.text)
    TIM_PrescalerConfig                      0x080021c5   Thumb Code     6  stm32f4xx_tim.o(.text)
    TIM_CounterModeConfig                    0x080021cb   Thumb Code    18  stm32f4xx_tim.o(.text)
    TIM_SetCounter                           0x080021dd   Thumb Code     4  stm32f4xx_tim.o(.text)
    TIM_SetAutoreload                        0x080021e1   Thumb Code     4  stm32f4xx_tim.o(.text)
    TIM_GetCounter                           0x080021e5   Thumb Code     6  stm32f4xx_tim.o(.text)
    TIM_GetPrescaler                         0x080021eb   Thumb Code     6  stm32f4xx_tim.o(.text)
    TIM_UpdateDisableConfig                  0x080021f1   Thumb Code    24  stm32f4xx_tim.o(.text)
    TIM_UpdateRequestConfig                  0x08002209   Thumb Code    24  stm32f4xx_tim.o(.text)
    TIM_ARRPreloadConfig                     0x08002221   Thumb Code    24  stm32f4xx_tim.o(.text)
    TIM_SelectOnePulseMode                   0x08002239   Thumb Code    18  stm32f4xx_tim.o(.text)
    TIM_SetClockDivision                     0x0800224b   Thumb Code    18  stm32f4xx_tim.o(.text)
    TIM_Cmd                                  0x0800225d   Thumb Code    24  stm32f4xx_tim.o(.text)
    TIM_OC1Init                              0x08002275   Thumb Code   114  stm32f4xx_tim.o(.text)
    TIM_OC2Init                              0x080022e7   Thumb Code   154  stm32f4xx_tim.o(.text)
    TIM_OC3Init                              0x08002381   Thumb Code   204  stm32f4xx_tim.o(.text)
    TIM_OC4Init                              0x0800244d   Thumb Code   112  stm32f4xx_tim.o(.text)
    TIM_OCStructInit                         0x080024bd   Thumb Code    20  stm32f4xx_tim.o(.text)
    TIM_SelectOCxM                           0x080024d1   Thumb Code    86  stm32f4xx_tim.o(.text)
    TIM_SetCompare1                          0x08002527   Thumb Code     4  stm32f4xx_tim.o(.text)
    TIM_SetCompare2                          0x0800252b   Thumb Code     4  stm32f4xx_tim.o(.text)
    TIM_SetCompare3                          0x0800252f   Thumb Code     4  stm32f4xx_tim.o(.text)
    TIM_SetCompare4                          0x08002533   Thumb Code     4  stm32f4xx_tim.o(.text)
    TIM_ForcedOC1Config                      0x08002537   Thumb Code    18  stm32f4xx_tim.o(.text)
    TIM_ForcedOC2Config                      0x08002549   Thumb Code    26  stm32f4xx_tim.o(.text)
    TIM_ForcedOC3Config                      0x08002563   Thumb Code    18  stm32f4xx_tim.o(.text)
    TIM_ForcedOC4Config                      0x08002575   Thumb Code    26  stm32f4xx_tim.o(.text)
    TIM_OC1PreloadConfig                     0x0800258f   Thumb Code    18  stm32f4xx_tim.o(.text)
    TIM_OC2PreloadConfig                     0x080025a1   Thumb Code    26  stm32f4xx_tim.o(.text)
    TIM_OC3PreloadConfig                     0x080025bb   Thumb Code    18  stm32f4xx_tim.o(.text)
    TIM_OC4PreloadConfig                     0x080025cd   Thumb Code    26  stm32f4xx_tim.o(.text)
    TIM_OC1FastConfig                        0x080025e7   Thumb Code    18  stm32f4xx_tim.o(.text)
    TIM_OC2FastConfig                        0x080025f9   Thumb Code    26  stm32f4xx_tim.o(.text)
    TIM_OC3FastConfig                        0x08002613   Thumb Code    18  stm32f4xx_tim.o(.text)
    TIM_OC4FastConfig                        0x08002625   Thumb Code    26  stm32f4xx_tim.o(.text)
    TIM_ClearOC1Ref                          0x0800263f   Thumb Code    18  stm32f4xx_tim.o(.text)
    TIM_ClearOC2Ref                          0x08002651   Thumb Code    24  stm32f4xx_tim.o(.text)
    TIM_ClearOC3Ref                          0x08002669   Thumb Code    18  stm32f4xx_tim.o(.text)
    TIM_ClearOC4Ref                          0x0800267b   Thumb Code    24  stm32f4xx_tim.o(.text)
    TIM_OC1PolarityConfig                    0x08002693   Thumb Code    18  stm32f4xx_tim.o(.text)
    TIM_OC1NPolarityConfig                   0x080026a5   Thumb Code    18  stm32f4xx_tim.o(.text)
    TIM_OC2PolarityConfig                    0x080026b7   Thumb Code    26  stm32f4xx_tim.o(.text)
    TIM_OC2NPolarityConfig                   0x080026d1   Thumb Code    26  stm32f4xx_tim.o(.text)
    TIM_OC3PolarityConfig                    0x080026eb   Thumb Code    26  stm32f4xx_tim.o(.text)
    TIM_OC3NPolarityConfig                   0x08002705   Thumb Code    26  stm32f4xx_tim.o(.text)
    TIM_OC4PolarityConfig                    0x0800271f   Thumb Code    26  stm32f4xx_tim.o(.text)
    TIM_CCxCmd                               0x08002739   Thumb Code    30  stm32f4xx_tim.o(.text)
    TIM_CCxNCmd                              0x08002757   Thumb Code    30  stm32f4xx_tim.o(.text)
    TIM_SetIC4Prescaler                      0x08002775   Thumb Code    26  stm32f4xx_tim.o(.text)
    TIM_SetIC3Prescaler                      0x080027df   Thumb Code    18  stm32f4xx_tim.o(.text)
    TIM_SetIC2Prescaler                      0x08002839   Thumb Code    26  stm32f4xx_tim.o(.text)
    TIM_SetIC1Prescaler                      0x080028ad   Thumb Code    18  stm32f4xx_tim.o(.text)
    TIM_ICInit                               0x080028f9   Thumb Code   110  stm32f4xx_tim.o(.text)
    TIM_ICStructInit                         0x08002967   Thumb Code    18  stm32f4xx_tim.o(.text)
    TIM_PWMIConfig                           0x08002979   Thumb Code   124  stm32f4xx_tim.o(.text)
    TIM_GetCapture1                          0x080029f5   Thumb Code     6  stm32f4xx_tim.o(.text)
    TIM_GetCapture2                          0x080029fb   Thumb Code     6  stm32f4xx_tim.o(.text)
    TIM_GetCapture3                          0x08002a01   Thumb Code     6  stm32f4xx_tim.o(.text)
    TIM_GetCapture4                          0x08002a07   Thumb Code     6  stm32f4xx_tim.o(.text)
    TIM_BDTRConfig                           0x08002a0d   Thumb Code    32  stm32f4xx_tim.o(.text)
    TIM_BDTRStructInit                       0x08002a2d   Thumb Code    18  stm32f4xx_tim.o(.text)
    TIM_CtrlPWMOutputs                       0x08002a3f   Thumb Code    30  stm32f4xx_tim.o(.text)
    TIM_SelectCOM                            0x08002a5d   Thumb Code    24  stm32f4xx_tim.o(.text)
    TIM_CCPreloadControl                     0x08002a75   Thumb Code    24  stm32f4xx_tim.o(.text)
    TIM_ITConfig                             0x08002a8d   Thumb Code    18  stm32f4xx_tim.o(.text)
    TIM_GenerateEvent                        0x08002a9f   Thumb Code     4  stm32f4xx_tim.o(.text)
    TIM_GetFlagStatus                        0x08002aa3   Thumb Code    18  stm32f4xx_tim.o(.text)
    TIM_ClearFlag                            0x08002ab5   Thumb Code     6  stm32f4xx_tim.o(.text)
    TIM_GetITStatus                          0x08002abb   Thumb Code    34  stm32f4xx_tim.o(.text)
    TIM_ClearITPendingBit                    0x08002add   Thumb Code     6  stm32f4xx_tim.o(.text)
    TIM_DMAConfig                            0x08002ae3   Thumb Code    10  stm32f4xx_tim.o(.text)
    TIM_DMACmd                               0x08002aed   Thumb Code    18  stm32f4xx_tim.o(.text)
    TIM_SelectCCDMA                          0x08002aff   Thumb Code    24  stm32f4xx_tim.o(.text)
    TIM_InternalClockConfig                  0x08002b17   Thumb Code    12  stm32f4xx_tim.o(.text)
    TIM_SelectInputTrigger                   0x08002b23   Thumb Code    18  stm32f4xx_tim.o(.text)
    TIM_ITRxExternalClockConfig              0x08002b35   Thumb Code    24  stm32f4xx_tim.o(.text)
    TIM_TIxExternalClockConfig               0x08002b4d   Thumb Code    62  stm32f4xx_tim.o(.text)
    TIM_ETRConfig                            0x08002b8b   Thumb Code    28  stm32f4xx_tim.o(.text)
    TIM_ETRClockMode1Config                  0x08002ba7   Thumb Code    54  stm32f4xx_tim.o(.text)
    TIM_ETRClockMode2Config                  0x08002bdd   Thumb Code    32  stm32f4xx_tim.o(.text)
    TIM_SelectOutputTrigger                  0x08002bfd   Thumb Code    18  stm32f4xx_tim.o(.text)
    TIM_SelectSlaveMode                      0x08002c0f   Thumb Code    18  stm32f4xx_tim.o(.text)
    TIM_SelectMasterSlaveMode                0x08002c21   Thumb Code    18  stm32f4xx_tim.o(.text)
    TIM_EncoderInterfaceConfig               0x08002c33   Thumb Code    66  stm32f4xx_tim.o(.text)
    TIM_SelectHallSensor                     0x08002c75   Thumb Code    24  stm32f4xx_tim.o(.text)
    TIM_RemapConfig                          0x08002c8d   Thumb Code     6  stm32f4xx_tim.o(.text)
    USART_DeInit                             0x08002c95   Thumb Code   206  stm32f4xx_usart.o(.text)
    USART_Init                               0x08002d63   Thumb Code   204  stm32f4xx_usart.o(.text)
    USART_StructInit                         0x08002e2f   Thumb Code    24  stm32f4xx_usart.o(.text)
    USART_ClockInit                          0x08002e47   Thumb Code    32  stm32f4xx_usart.o(.text)
    USART_ClockStructInit                    0x08002e67   Thumb Code    12  stm32f4xx_usart.o(.text)
    USART_Cmd                                0x08002e73   Thumb Code    24  stm32f4xx_usart.o(.text)
    USART_SetPrescaler                       0x08002e8b   Thumb Code    16  stm32f4xx_usart.o(.text)
    USART_OverSampling8Cmd                   0x08002e9b   Thumb Code    22  stm32f4xx_usart.o(.text)
    USART_OneBitMethodCmd                    0x08002eb1   Thumb Code    24  stm32f4xx_usart.o(.text)
    USART_SendData                           0x08002ec9   Thumb Code     8  stm32f4xx_usart.o(.text)
    USART_ReceiveData                        0x08002ed1   Thumb Code    10  stm32f4xx_usart.o(.text)
    USART_SetAddress                         0x08002edb   Thumb Code    18  stm32f4xx_usart.o(.text)
    USART_ReceiverWakeUpCmd                  0x08002eed   Thumb Code    24  stm32f4xx_usart.o(.text)
    USART_WakeUpConfig                       0x08002f05   Thumb Code    18  stm32f4xx_usart.o(.text)
    USART_LINBreakDetectLengthConfig         0x08002f17   Thumb Code    18  stm32f4xx_usart.o(.text)
    USART_LINCmd                             0x08002f29   Thumb Code    24  stm32f4xx_usart.o(.text)
    USART_SendBreak                          0x08002f41   Thumb Code    10  stm32f4xx_usart.o(.text)
    USART_HalfDuplexCmd                      0x08002f4b   Thumb Code    24  stm32f4xx_usart.o(.text)
    USART_SetGuardTime                       0x08002f63   Thumb Code    16  stm32f4xx_usart.o(.text)
    USART_SmartCardCmd                       0x08002f73   Thumb Code    24  stm32f4xx_usart.o(.text)
    USART_SmartCardNACKCmd                   0x08002f8b   Thumb Code    24  stm32f4xx_usart.o(.text)
    USART_IrDAConfig                         0x08002fa3   Thumb Code    18  stm32f4xx_usart.o(.text)
    USART_IrDACmd                            0x08002fb5   Thumb Code    24  stm32f4xx_usart.o(.text)
    USART_DMACmd                             0x08002fcd   Thumb Code    18  stm32f4xx_usart.o(.text)
    USART_ITConfig                           0x08002fdf   Thumb Code    74  stm32f4xx_usart.o(.text)
    USART_GetFlagStatus                      0x08003029   Thumb Code    26  stm32f4xx_usart.o(.text)
    USART_ClearFlag                          0x08003043   Thumb Code    18  stm32f4xx_usart.o(.text)
    USART_GetITStatus                        0x08003055   Thumb Code   118  stm32f4xx_usart.o(.text)
    USART_ClearITPendingBit                  0x080030cb   Thumb Code    30  stm32f4xx_usart.o(.text)
    DCMI_DeInit                              0x080030e9   Thumb Code    24  stm32f4xx_dcmi.o(.text)
    DCMI_Init                                0x08003101   Thumb Code    60  stm32f4xx_dcmi.o(.text)
    DCMI_StructInit                          0x0800313d   Thumb Code    18  stm32f4xx_dcmi.o(.text)
    DCMI_CROPConfig                          0x0800314f   Thumb Code    26  stm32f4xx_dcmi.o(.text)
    DCMI_CROPCmd                             0x08003169   Thumb Code    30  stm32f4xx_dcmi.o(.text)
    DCMI_SetEmbeddedSynchroCodes             0x08003187   Thumb Code    26  stm32f4xx_dcmi.o(.text)
    DCMI_JPEGCmd                             0x080031a1   Thumb Code    30  stm32f4xx_dcmi.o(.text)
    DCMI_Cmd                                 0x080031bf   Thumb Code    30  stm32f4xx_dcmi.o(.text)
    DCMI_CaptureCmd                          0x080031dd   Thumb Code    30  stm32f4xx_dcmi.o(.text)
    DCMI_ReadData                            0x080031fb   Thumb Code     6  stm32f4xx_dcmi.o(.text)
    DCMI_ITConfig                            0x08003201   Thumb Code    30  stm32f4xx_dcmi.o(.text)
    DCMI_GetFlagStatus                       0x0800321f   Thumb Code    46  stm32f4xx_dcmi.o(.text)
    DCMI_ClearFlag                           0x0800324d   Thumb Code     6  stm32f4xx_dcmi.o(.text)
    DCMI_GetITStatus                         0x08003253   Thumb Code    24  stm32f4xx_dcmi.o(.text)
    DCMI_ClearITPendingBit                   0x0800326b   Thumb Code     6  stm32f4xx_dcmi.o(.text)
    SEGGER_RTT_ReadUpBufferNoLock            0x080033d1   Thumb Code   164  segger_rtt.o(.text)
    SEGGER_RTT_ReadNoLock                    0x08003475   Thumb Code   164  segger_rtt.o(.text)
    SEGGER_RTT_ReadUpBuffer                  0x08003519   Thumb Code    56  segger_rtt.o(.text)
    SEGGER_RTT_Read                          0x08003551   Thumb Code    56  segger_rtt.o(.text)
    SEGGER_RTT_WriteWithOverwriteNoLock      0x08003589   Thumb Code   176  segger_rtt.o(.text)
    SEGGER_RTT_WriteSkipNoLock               0x08003639   Thumb Code   184  segger_rtt.o(.text)
    SEGGER_RTT_WriteDownBufferNoLock         0x080036f1   Thumb Code   126  segger_rtt.o(.text)
    SEGGER_RTT_WriteNoLock                   0x0800376f   Thumb Code   128  segger_rtt.o(.text)
    SEGGER_RTT_WriteDownBuffer               0x080037ef   Thumb Code    70  segger_rtt.o(.text)
    SEGGER_RTT_Write                         0x08003835   Thumb Code    70  segger_rtt.o(.text)
    SEGGER_RTT_WriteString                   0x0800387b   Thumb Code    26  segger_rtt.o(.text)
    SEGGER_RTT_PutCharSkipNoLock             0x08003895   Thumb Code    54  segger_rtt.o(.text)
    SEGGER_RTT_PutCharSkip                   0x080038cb   Thumb Code   112  segger_rtt.o(.text)
    SEGGER_RTT_PutChar                       0x0800393b   Thumb Code   126  segger_rtt.o(.text)
    SEGGER_RTT_GetKey                        0x080039b9   Thumb Code    32  segger_rtt.o(.text)
    SEGGER_RTT_WaitKey                       0x080039d9   Thumb Code    14  segger_rtt.o(.text)
    SEGGER_RTT_HasKey                        0x080039e7   Thumb Code    42  segger_rtt.o(.text)
    SEGGER_RTT_HasData                       0x08003a11   Thumb Code    22  segger_rtt.o(.text)
    SEGGER_RTT_HasDataUp                     0x08003a27   Thumb Code    24  segger_rtt.o(.text)
    SEGGER_RTT_AllocDownBuffer               0x08003a3f   Thumb Code   202  segger_rtt.o(.text)
    SEGGER_RTT_AllocUpBuffer                 0x08003b09   Thumb Code   192  segger_rtt.o(.text)
    SEGGER_RTT_ConfigUpBuffer                0x08003bc9   Thumb Code   112  segger_rtt.o(.text)
    SEGGER_RTT_ConfigDownBuffer              0x08003c39   Thumb Code   112  segger_rtt.o(.text)
    SEGGER_RTT_SetNameUpBuffer               0x08003ca9   Thumb Code    88  segger_rtt.o(.text)
    SEGGER_RTT_SetNameDownBuffer             0x08003d01   Thumb Code    88  segger_rtt.o(.text)
    SEGGER_RTT_SetFlagsUpBuffer              0x08003d59   Thumb Code    88  segger_rtt.o(.text)
    SEGGER_RTT_SetFlagsDownBuffer            0x08003db1   Thumb Code    88  segger_rtt.o(.text)
    SEGGER_RTT_Init                          0x08003e09   Thumb Code     8  segger_rtt.o(.text)
    SEGGER_RTT_SetTerminal                   0x08003e11   Thumb Code   146  segger_rtt.o(.text)
    SEGGER_RTT_TerminalOut                   0x08003ea3   Thumb Code   266  segger_rtt.o(.text)
    SEGGER_RTT_GetAvailWriteSpace            0x08003fad   Thumb Code    22  segger_rtt.o(.text)
    SEGGER_RTT_GetBytesInBuffer              0x08003fc3   Thumb Code    64  segger_rtt.o(.text)
    SEGGER_RTT_vprintf                       0x08004223   Thumb Code   686  segger_rtt_printf.o(.text)
    SEGGER_RTT_printf                        0x080044d1   Thumb Code    34  segger_rtt_printf.o(.text)
    usmart_sys_cmd_exe                       0x080044f5   Thumb Code   690  usmart.o(.text)
    usmart_reset_runtime                     0x080047a7   Thumb Code    38  usmart.o(.text)
    usmart_get_runtime                       0x080047cd   Thumb Code    60  usmart.o(.text)
    TIM4_IRQHandler                          0x08004809   Thumb Code   674  usmart.o(.text)
    Timer4_Init                              0x08004aab   Thumb Code    86  usmart.o(.text)
    usmart_init                              0x08004b01   Thumb Code    36  usmart.o(.text)
    usmart_cmd_rec                           0x08004b25   Thumb Code   170  usmart.o(.text)
    usmart_exe                               0x08004bcf   Thumb Code   732  usmart.o(.text)
    usmart_scan                              0x08004eab   Thumb Code   130  usmart.o(.text)
    read_addr                                0x08004f2d   Thumb Code     6  usmart.o(.text)
    write_addr                               0x08004f33   Thumb Code     4  usmart.o(.text)
    usmart_strcmp                            0x08004fbd   Thumb Code    34  usmart_str.o(.text)
    usmart_strcopy                           0x08004fdf   Thumb Code    22  usmart_str.o(.text)
    usmart_strlen                            0x08004ff5   Thumb Code    24  usmart_str.o(.text)
    usmart_pow                               0x0800500d   Thumb Code    22  usmart_str.o(.text)
    usmart_str2num                           0x08005023   Thumb Code   202  usmart_str.o(.text)
    usmart_get_cmdname                       0x080050ed   Thumb Code    54  usmart_str.o(.text)
    usmart_search_nextc                      0x08005123   Thumb Code    22  usmart_str.o(.text)
    usmart_get_fname                         0x08005139   Thumb Code   440  usmart_str.o(.text)
    usmart_get_aparm                         0x080052f1   Thumb Code   200  usmart_str.o(.text)
    usmart_get_parmpos                       0x080053b9   Thumb Code    26  usmart_str.o(.text)
    usmart_get_fparam                        0x080053d3   Thumb Code   262  usmart_str.o(.text)
    __use_no_semihosting                     0x080054e5   Thumb Code     2  use_no_semi_2.o(.text)
    __2printf                                0x080054e9   Thumb Code    20  noretval__2printf.o(.text)
    __printf                                 0x08005501   Thumb Code   104  __printf.o(.text)
    _printf_int_dec                          0x08005569   Thumb Code   104  _printf_dec.o(.text)
    strlen                                   0x080055e1   Thumb Code    62  strlen.o(.text)
    __aeabi_memcpy                           0x0800561f   Thumb Code     0  rt_memcpy_v6.o(.text)
    __rt_memcpy                              0x0800561f   Thumb Code   138  rt_memcpy_v6.o(.text)
    _memcpy_lastbytes                        0x08005685   Thumb Code     0  rt_memcpy_v6.o(.text)
    __aeabi_memclr4                          0x080056a9   Thumb Code     0  rt_memclr_w.o(.text)
    __aeabi_memclr8                          0x080056a9   Thumb Code     0  rt_memclr_w.o(.text)
    __rt_memclr_w                            0x080056a9   Thumb Code    78  rt_memclr_w.o(.text)
    _memset_w                                0x080056ad   Thumb Code     0  rt_memclr_w.o(.text)
    __use_two_region_memory                  0x080056f7   Thumb Code     2  heapauxi.o(.text)
    __rt_heap_escrow$2region                 0x080056f9   Thumb Code     2  heapauxi.o(.text)
    __rt_heap_expand$2region                 0x080056fb   Thumb Code     2  heapauxi.o(.text)
    __I$use$semihosting                      0x080056fd   Thumb Code     0  use_no_semi.o(.text)
    __use_no_semihosting_swi                 0x080056fd   Thumb Code     2  use_no_semi.o(.text)
    _printf_int_common                       0x080056ff   Thumb Code   178  _printf_intcommon.o(.text)
    _printf_char_file                        0x080057b1   Thumb Code    32  _printf_char_file.o(.text)
    __aeabi_memcpy4                          0x080057d5   Thumb Code     0  rt_memcpy_w.o(.text)
    __aeabi_memcpy8                          0x080057d5   Thumb Code     0  rt_memcpy_w.o(.text)
    __rt_memcpy_w                            0x080057d5   Thumb Code   100  rt_memcpy_w.o(.text)
    _memcpy_lastbytes_aligned                0x0800581d   Thumb Code     0  rt_memcpy_w.o(.text)
    _printf_char_common                      0x08005843   Thumb Code    32  _printf_char_common.o(.text)
    ferror                                   0x08005869   Thumb Code     8  ferror.o(.text)
    __user_setup_stackheap                   0x08005871   Thumb Code    74  sys_stackheap_outer.o(.text)
    exit                                     0x080058bb   Thumb Code    18  exit.o(.text)
    __user_libspace                          0x080058cd   Thumb Code     8  libspace.o(.text)
    __user_perproc_libspace                  0x080058cd   Thumb Code     0  libspace.o(.text)
    __user_perthread_libspace                0x080058cd   Thumb Code     0  libspace.o(.text)
    __aeabi_d2f                              0x080058d5   Thumb Code     0  d2f.o(x$fpl$d2f)
    _d2f                                     0x080058d5   Thumb Code    98  d2f.o(x$fpl$d2f)
    __fpl_dnaninf                            0x08005937   Thumb Code   156  dnaninf.o(x$fpl$dnaninf)
    _fp_init                                 0x080059d3   Thumb Code    10  fpinit.o(x$fpl$fpinit)
    __fplib_config_fpu_vfp                   0x080059db   Thumb Code     0  fpinit.o(x$fpl$fpinit)
    __fplib_config_pureend_doubles           0x080059db   Thumb Code     0  fpinit.o(x$fpl$fpinit)
    __fpl_fretinf                            0x080059dd   Thumb Code    10  fretinf.o(x$fpl$fretinf)
    __I$use$fp                               0x080059e6   Number         0  usenofp.o(x$fpl$usenofp)
    ov7670_init_reg_tbl                      0x080059e6   Data         334  ov7670.o(.constdata)
    Region$$Table$$Base                      0x08005d70   Number         0  anon$$obj.o(Region$$Table)
    Region$$Table$$Limit                     0x08005d90   Number         0  anon$$obj.o(Region$$Table)
    SystemCoreClock                          0x20000000   Data           4  system_stm32f4xx.o(.data)
    AHBPrescTable                            0x20000004   Data          16  system_stm32f4xx.o(.data)
    ov_frame                                 0x20000014   Data           1  dcmi.o(.data)
    datanum                                  0x20000018   Data           4  dcmi.o(.data)
    HSYNC                                    0x2000001c   Data           4  dcmi.o(.data)
    VSYNC                                    0x20000020   Data           4  dcmi.o(.data)
    ov_rev_ok                                0x20000024   Data           1  dcmi.o(.data)
    __stdout                                 0x2000002c   Data           4  usart.o(.data)
    USART_RX_STA                             0x20000030   Data           2  usart.o(.data)
    com1_rx_len                              0x20000032   Data           2  usart.o(.data)
    com1_recv_end_flag                       0x20000034   Data           1  usart.o(.data)
    sys_cmd_tab                              0x20000058   Data          28  usmart.o(.data)
    usmart_nametab                           0x20000074   Data          32  usmart_config.o(.data)
    usmart_dev                               0x20000094   Data         244  usmart_config.o(.data)
    camera_buffer                            0x20000188   Data       128000  ov7670.o(.bss)
    DCMI_InitStructure                       0x2001f588   Data          14  dcmi.o(.bss)
    USART_RX_BUF                             0x2001f596   Data         256  usart.o(.bss)
    com1_rx_buffer                           0x2001f696   Data        1024  usart.o(.bss)
    DMA_USART1_TX_BUF                        0x2001fa96   Data        1024  usart.o(.bss)
    _SEGGER_RTT                              0x2001fe98   Data         168  segger_rtt.o(.bss)
    __libspace_start                         0x200203c0   Data          96  libspace.o(.bss)
    __temporary_stack_top$libspace           0x20020420   Data           0  libspace.o(.bss)



==============================================================================

Memory Map of the image

  Image Entry point : 0x080001ad

  Load Region LR_IROM1 (Base: 0x08000000, Size: 0x00005f18, Max: 0x00100000, ABSOLUTE, COMPRESSED[0x00005dfc])

    Execution Region ER_IROM1 (Exec base: 0x08000000, Load base: 0x08000000, Size: 0x00005d90, Max: 0x00100000, ABSOLUTE)

    Exec Addr    Load Addr    Size         Type   Attr      Idx    E Section Name        Object

    0x08000000   0x08000000   0x000001ac   Data   RO          429    RESET               startup_stm32f429xx.o
    0x080001ac   0x080001ac   0x00000008   Code   RO          906  * !!!main             c_w.l(__main.o)
    0x080001b4   0x080001b4   0x00000034   Code   RO         1085    !!!scatter          c_w.l(__scatter.o)
    0x080001e8   0x080001e8   0x0000005a   Code   RO         1083    !!dczerorl2         c_w.l(__dczerorl2.o)
    0x08000242   0x08000242   0x00000002   PAD
    0x08000244   0x08000244   0x0000001c   Code   RO         1087    !!handler_zi        c_w.l(__scatter_zi.o)
    0x08000260   0x08000260   0x00000000   Code   RO          897    .ARM.Collect$$_printf_percent$$00000000  c_w.l(_printf_percent.o)
    0x08000260   0x08000260   0x00000006   Code   RO          896    .ARM.Collect$$_printf_percent$$00000009  c_w.l(_printf_d.o)
    0x08000266   0x08000266   0x00000004   Code   RO          917    .ARM.Collect$$_printf_percent$$00000017  c_w.l(_printf_percent_end.o)
    0x0800026a   0x0800026a   0x00000002   Code   RO          957    .ARM.Collect$$libinit$$00000000  c_w.l(libinit.o)
    0x0800026c   0x0800026c   0x00000004   Code   RO          963    .ARM.Collect$$libinit$$00000001  c_w.l(libinit2.o)
    0x08000270   0x08000270   0x00000000   Code   RO          966    .ARM.Collect$$libinit$$00000004  c_w.l(libinit2.o)
    0x08000270   0x08000270   0x00000000   Code   RO          969    .ARM.Collect$$libinit$$0000000A  c_w.l(libinit2.o)
    0x08000270   0x08000270   0x00000000   Code   RO          971    .ARM.Collect$$libinit$$0000000C  c_w.l(libinit2.o)
    0x08000270   0x08000270   0x00000000   Code   RO          973    .ARM.Collect$$libinit$$0000000E  c_w.l(libinit2.o)
    0x08000270   0x08000270   0x00000000   Code   RO          976    .ARM.Collect$$libinit$$00000011  c_w.l(libinit2.o)
    0x08000270   0x08000270   0x00000000   Code   RO          978    .ARM.Collect$$libinit$$00000013  c_w.l(libinit2.o)
    0x08000270   0x08000270   0x00000000   Code   RO          980    .ARM.Collect$$libinit$$00000015  c_w.l(libinit2.o)
    0x08000270   0x08000270   0x00000000   Code   RO          982    .ARM.Collect$$libinit$$00000017  c_w.l(libinit2.o)
    0x08000270   0x08000270   0x00000000   Code   RO          984    .ARM.Collect$$libinit$$00000019  c_w.l(libinit2.o)
    0x08000270   0x08000270   0x00000000   Code   RO          986    .ARM.Collect$$libinit$$0000001B  c_w.l(libinit2.o)
    0x08000270   0x08000270   0x00000000   Code   RO          988    .ARM.Collect$$libinit$$0000001D  c_w.l(libinit2.o)
    0x08000270   0x08000270   0x00000000   Code   RO          990    .ARM.Collect$$libinit$$0000001F  c_w.l(libinit2.o)
    0x08000270   0x08000270   0x00000000   Code   RO          992    .ARM.Collect$$libinit$$00000021  c_w.l(libinit2.o)
    0x08000270   0x08000270   0x00000000   Code   RO          994    .ARM.Collect$$libinit$$00000023  c_w.l(libinit2.o)
    0x08000270   0x08000270   0x00000000   Code   RO          996    .ARM.Collect$$libinit$$00000025  c_w.l(libinit2.o)
    0x08000270   0x08000270   0x00000000   Code   RO         1000    .ARM.Collect$$libinit$$0000002C  c_w.l(libinit2.o)
    0x08000270   0x08000270   0x00000000   Code   RO         1002    .ARM.Collect$$libinit$$0000002E  c_w.l(libinit2.o)
    0x08000270   0x08000270   0x00000000   Code   RO         1004    .ARM.Collect$$libinit$$00000030  c_w.l(libinit2.o)
    0x08000270   0x08000270   0x00000000   Code   RO         1006    .ARM.Collect$$libinit$$00000032  c_w.l(libinit2.o)
    0x08000270   0x08000270   0x00000002   Code   RO         1007    .ARM.Collect$$libinit$$00000033  c_w.l(libinit2.o)
    0x08000272   0x08000272   0x00000002   Code   RO         1025    .ARM.Collect$$libshutdown$$00000000  c_w.l(libshutdown.o)
    0x08000274   0x08000274   0x00000000   Code   RO         1035    .ARM.Collect$$libshutdown$$00000002  c_w.l(libshutdown2.o)
    0x08000274   0x08000274   0x00000000   Code   RO         1037    .ARM.Collect$$libshutdown$$00000004  c_w.l(libshutdown2.o)
    0x08000274   0x08000274   0x00000000   Code   RO         1039    .ARM.Collect$$libshutdown$$00000006  c_w.l(libshutdown2.o)
    0x08000274   0x08000274   0x00000000   Code   RO         1042    .ARM.Collect$$libshutdown$$00000009  c_w.l(libshutdown2.o)
    0x08000274   0x08000274   0x00000000   Code   RO         1045    .ARM.Collect$$libshutdown$$0000000C  c_w.l(libshutdown2.o)
    0x08000274   0x08000274   0x00000000   Code   RO         1047    .ARM.Collect$$libshutdown$$0000000E  c_w.l(libshutdown2.o)
    0x08000274   0x08000274   0x00000000   Code   RO         1050    .ARM.Collect$$libshutdown$$00000011  c_w.l(libshutdown2.o)
    0x08000274   0x08000274   0x00000002   Code   RO         1051    .ARM.Collect$$libshutdown$$00000012  c_w.l(libshutdown2.o)
    0x08000276   0x08000276   0x00000000   Code   RO          912    .ARM.Collect$$rtentry$$00000000  c_w.l(__rtentry.o)
    0x08000276   0x08000276   0x00000000   Code   RO          926    .ARM.Collect$$rtentry$$00000002  c_w.l(__rtentry2.o)
    0x08000276   0x08000276   0x00000006   Code   RO          938    .ARM.Collect$$rtentry$$00000004  c_w.l(__rtentry4.o)
    0x0800027c   0x0800027c   0x00000000   Code   RO          928    .ARM.Collect$$rtentry$$00000009  c_w.l(__rtentry2.o)
    0x0800027c   0x0800027c   0x00000004   Code   RO          929    .ARM.Collect$$rtentry$$0000000A  c_w.l(__rtentry2.o)
    0x08000280   0x08000280   0x00000000   Code   RO          931    .ARM.Collect$$rtentry$$0000000C  c_w.l(__rtentry2.o)
    0x08000280   0x08000280   0x00000008   Code   RO          932    .ARM.Collect$$rtentry$$0000000D  c_w.l(__rtentry2.o)
    0x08000288   0x08000288   0x00000002   Code   RO          961    .ARM.Collect$$rtexit$$00000000  c_w.l(rtexit.o)
    0x0800028a   0x0800028a   0x00000000   Code   RO         1009    .ARM.Collect$$rtexit$$00000002  c_w.l(rtexit2.o)
    0x0800028a   0x0800028a   0x00000004   Code   RO         1010    .ARM.Collect$$rtexit$$00000003  c_w.l(rtexit2.o)
    0x0800028e   0x0800028e   0x00000006   Code   RO         1011    .ARM.Collect$$rtexit$$00000004  c_w.l(rtexit2.o)
    0x08000294   0x08000294   0x00000110   Code   RO            4    .text               main.o
    0x080003a4   0x080003a4   0x0000001a   Code   RO          194    .text               stm32f4xx_it.o
    0x080003be   0x080003be   0x00000002   PAD
    0x080003c0   0x080003c0   0x00000120   Code   RO          221    .text               system_stm32f4xx.o
    0x080004e0   0x080004e0   0x000002b4   Code   RO          251    .text               sccb.o
    0x08000794   0x08000794   0x000003b4   Code   RO          275    .text               ov7670.o
    0x08000b48   0x08000b48   0x000002cc   Code   RO          313    .text               dcmi.o
    0x08000e14   0x08000e14   0x00000104   Code   RO          341    .text               delay.o
    0x08000f18   0x08000f18   0x00000318   Code   RO          395    .text               usart.o
    0x08001230   0x08001230   0x00000040   Code   RO          430    .text               startup_stm32f429xx.o
    0x08001270   0x08001270   0x000000e0   Code   RO          437    .text               misc.o
    0x08001350   0x08001350   0x000003a8   Code   RO          485    .text               stm32f4xx_dma.o
    0x080016f8   0x080016f8   0x00000298   Code   RO          557    .text               stm32f4xx_gpio.o
    0x08001990   0x08001990   0x00000660   Code   RO          653    .text               stm32f4xx_rcc.o
    0x08001ff0   0x08001ff0   0x00000ca2   Code   RO          679    .text               stm32f4xx_tim.o
    0x08002c92   0x08002c92   0x00000002   PAD
    0x08002c94   0x08002c94   0x00000454   Code   RO          703    .text               stm32f4xx_usart.o
    0x080030e8   0x080030e8   0x0000018c   Code   RO          727    .text               stm32f4xx_dcmi.o
    0x08003274   0x08003274   0x00000d98   Code   RO          748    .text               segger_rtt.o
    0x0800400c   0x0800400c   0x000004e6   Code   RO          774    .text               segger_rtt_printf.o
    0x080044f2   0x080044f2   0x00000002   PAD
    0x080044f4   0x080044f4   0x00000ac8   Code   RO          790    .text               usmart.o
    0x08004fbc   0x08004fbc   0x00000528   Code   RO          843    .text               usmart_str.o
    0x080054e4   0x080054e4   0x00000002   Code   RO          866    .text               c_w.l(use_no_semi_2.o)
    0x080054e6   0x080054e6   0x00000002   PAD
    0x080054e8   0x080054e8   0x00000018   Code   RO          870    .text               c_w.l(noretval__2printf.o)
    0x08005500   0x08005500   0x00000068   Code   RO          872    .text               c_w.l(__printf.o)
    0x08005568   0x08005568   0x00000078   Code   RO          874    .text               c_w.l(_printf_dec.o)
    0x080055e0   0x080055e0   0x0000003e   Code   RO          898    .text               c_w.l(strlen.o)
    0x0800561e   0x0800561e   0x0000008a   Code   RO          900    .text               c_w.l(rt_memcpy_v6.o)
    0x080056a8   0x080056a8   0x0000004e   Code   RO          902    .text               c_w.l(rt_memclr_w.o)
    0x080056f6   0x080056f6   0x00000006   Code   RO          904    .text               c_w.l(heapauxi.o)
    0x080056fc   0x080056fc   0x00000002   Code   RO          910    .text               c_w.l(use_no_semi.o)
    0x080056fe   0x080056fe   0x000000b2   Code   RO          913    .text               c_w.l(_printf_intcommon.o)
    0x080057b0   0x080057b0   0x00000024   Code   RO          915    .text               c_w.l(_printf_char_file.o)
    0x080057d4   0x080057d4   0x00000064   Code   RO          918    .text               c_w.l(rt_memcpy_w.o)
    0x08005838   0x08005838   0x00000030   Code   RO          940    .text               c_w.l(_printf_char_common.o)
    0x08005868   0x08005868   0x00000008   Code   RO          942    .text               c_w.l(ferror.o)
    0x08005870   0x08005870   0x0000004a   Code   RO          946    .text               c_w.l(sys_stackheap_outer.o)
    0x080058ba   0x080058ba   0x00000012   Code   RO          950    .text               c_w.l(exit.o)
    0x080058cc   0x080058cc   0x00000008   Code   RO          958    .text               c_w.l(libspace.o)
    0x080058d4   0x080058d4   0x00000062   Code   RO          908    x$fpl$d2f           fz_wm.l(d2f.o)
    0x08005936   0x08005936   0x0000009c   Code   RO          920    x$fpl$dnaninf       fz_wm.l(dnaninf.o)
    0x080059d2   0x080059d2   0x0000000a   Code   RO         1017    x$fpl$fpinit        fz_wm.l(fpinit.o)
    0x080059dc   0x080059dc   0x0000000a   Code   RO          922    x$fpl$fretinf       fz_wm.l(fretinf.o)
    0x080059e6   0x080059e6   0x00000000   Code   RO          924    x$fpl$usenofp       fz_wm.l(usenofp.o)
    0x080059e6   0x080059e6   0x0000014e   Data   RO          277    .constdata          ov7670.o
    0x08005b34   0x08005b34   0x00000011   Data   RO          750    .constdata          segger_rtt.o
    0x08005b45   0x08005b45   0x00000010   Data   RO          775    .constdata          segger_rtt_printf.o
    0x08005b55   0x08005b55   0x00000003   PAD
    0x08005b58   0x08005b58   0x000001ac   Data   RO          791    .conststring        usmart.o
    0x08005d04   0x08005d04   0x0000006b   Data   RO          818    .conststring        usmart_config.o
    0x08005d6f   0x08005d6f   0x00000001   PAD
    0x08005d70   0x08005d70   0x00000020   Data   RO         1081    Region$$Table       anon$$obj.o


    Execution Region RW_IRAM1 (Exec base: 0x20000000, Load base: 0x08005d90, Size: 0x00020a20, Max: 0x00030000, ABSOLUTE, COMPRESSED[0x0000006c])

    Exec Addr    Load Addr    Size         Type   Attr      Idx    E Section Name        Object

    0x20000000   COMPRESSED   0x00000014   Data   RW          222    .data               system_stm32f4xx.o
    0x20000014   COMPRESSED   0x00000011   Data   RW          315    .data               dcmi.o
    0x20000025   COMPRESSED   0x00000001   PAD
    0x20000026   COMPRESSED   0x00000004   Data   RW          342    .data               delay.o
    0x2000002a   COMPRESSED   0x00000002   PAD
    0x2000002c   COMPRESSED   0x00000009   Data   RW          397    .data               usart.o
    0x20000035   COMPRESSED   0x00000010   Data   RW          654    .data               stm32f4xx_rcc.o
    0x20000045   COMPRESSED   0x00000011   Data   RW          751    .data               segger_rtt.o
    0x20000056   COMPRESSED   0x00000002   PAD
    0x20000058   COMPRESSED   0x0000001c   Data   RW          792    .data               usmart.o
    0x20000074   COMPRESSED   0x00000114   Data   RW          819    .data               usmart_config.o
    0x20000188        -       0x0001f400   Zero   RW          276    .bss                ov7670.o
    0x2001f588        -       0x0000000e   Zero   RW          314    .bss                dcmi.o
    0x2001f596        -       0x00000900   Zero   RW          396    .bss                usart.o
    0x2001fe96   COMPRESSED   0x00000002   PAD
    0x2001fe98        -       0x00000528   Zero   RW          749    .bss                segger_rtt.o
    0x200203c0        -       0x00000060   Zero   RW          959    .bss                c_w.l(libspace.o)
    0x20020420        -       0x00000200   Zero   RW          428    HEAP                startup_stm32f429xx.o
    0x20020620        -       0x00000400   Zero   RW          427    STACK               startup_stm32f429xx.o


==============================================================================

Image component sizes


      Code (inc. data)   RO Data    RW Data    ZI Data      Debug   Object Name

       716         52          0         17         14       2626   dcmi.o
       260          8          0          4          0       1569   delay.o
       272         14          0          0          0     316943   main.o
       224         20          0          0          0       1905   misc.o
       948         46        334          0     128000       4006   ov7670.o
       692          8          0          0          0       2123   sccb.o
      3480         60         17         17       1320      21552   segger_rtt.o
      1254         10         16          0          0       4359   segger_rtt_printf.o
        64         26        428          0       1536        960   startup_stm32f429xx.o
       396          4          0          0          0       3566   stm32f4xx_dcmi.o
       936         32          0          0          0       6485   stm32f4xx_dma.o
       664         44          0          0          0       4257   stm32f4xx_gpio.o
        26          0          0          0          0       1266   stm32f4xx_it.o
      1632         54          0         16          0      13284   stm32f4xx_rcc.o
      3234         60          0          0          0      23104   stm32f4xx_tim.o
      1108         34          0          0          0       7972   stm32f4xx_usart.o
       288         32          0         20          0       1595   system_stm32f4xx.o
       792         32          0          9       2304       4785   usart.o
      2760        774        428         28          0       4726   usmart.o
         0          0        107        276          0       1620   usmart_config.o
      1320         12          0          0          0       5429   usmart_str.o

    ----------------------------------------------------------------------
     21072       1322       1366        392     133176     434132   Object Totals
         0          0         32          0          0          0   (incl. Generated)
         6          0          4          5          2          0   (incl. Padding)

    ----------------------------------------------------------------------

      Code (inc. data)   RO Data    RW Data    ZI Data      Debug   Library Member Name

        90          0          0          0          0          0   __dczerorl2.o
         8          0          0          0          0         68   __main.o
       104          0          0          0          0         84   __printf.o
         0          0          0          0          0          0   __rtentry.o
        12          0          0          0          0          0   __rtentry2.o
         6          0          0          0          0          0   __rtentry4.o
        52          8          0          0          0          0   __scatter.o
        28          0          0          0          0          0   __scatter_zi.o
        48          6          0          0          0         96   _printf_char_common.o
        36          4          0          0          0         80   _printf_char_file.o
         6          0          0          0          0          0   _printf_d.o
       120         16          0          0          0         92   _printf_dec.o
       178          0          0          0          0         88   _printf_intcommon.o
         0          0          0          0          0          0   _printf_percent.o
         4          0          0          0          0          0   _printf_percent_end.o
        18          0          0          0          0         80   exit.o
         8          0          0          0          0         68   ferror.o
         6          0          0          0          0        152   heapauxi.o
         2          0          0          0          0          0   libinit.o
         6          0          0          0          0          0   libinit2.o
         2          0          0          0          0          0   libshutdown.o
         2          0          0          0          0          0   libshutdown2.o
         8          4          0          0         96         68   libspace.o
        24          4          0          0          0         84   noretval__2printf.o
        78          0          0          0          0         80   rt_memclr_w.o
       138          0          0          0          0         68   rt_memcpy_v6.o
       100          0          0          0          0         80   rt_memcpy_w.o
         2          0          0          0          0          0   rtexit.o
        10          0          0          0          0          0   rtexit2.o
        62          0          0          0          0         76   strlen.o
        74          0          0          0          0         80   sys_stackheap_outer.o
         2          0          0          0          0         68   use_no_semi.o
         2          0          0          0          0         68   use_no_semi_2.o
        98          4          0          0          0        140   d2f.o
       156          4          0          0          0        140   dnaninf.o
        10          0          0          0          0        116   fpinit.o
        10          0          0          0          0        116   fretinf.o
         0          0          0          0          0          0   usenofp.o

    ----------------------------------------------------------------------
      1514         50          0          0         96       1992   Library Totals
         4          0          0          0          0          0   (incl. Padding)

    ----------------------------------------------------------------------

      Code (inc. data)   RO Data    RW Data    ZI Data      Debug   Library Name

      1236         42          0          0         96       1480   c_w.l
       274          8          0          0          0        512   fz_wm.l

    ----------------------------------------------------------------------
      1514         50          0          0         96       1992   Library Totals

    ----------------------------------------------------------------------

==============================================================================


      Code (inc. data)   RO Data    RW Data    ZI Data      Debug   

     22586       1372       1366        392     133272     431296   Grand Totals
     22586       1372       1366        108     133272     431296   ELF Image Totals (compressed)
     22586       1372       1366        108          0          0   ROM Totals

==============================================================================

    Total RO  Size (Code + RO Data)                23952 (  23.39kB)
    Total RW  Size (RW Data + ZI Data)            133664 ( 130.53kB)
    Total ROM Size (Code + RO Data + RW Data)      24060 (  23.50kB)

==============================================================================

