Component: ARM Compiler 5.06 update 7 (build 960) Tool: armlink [4d3601]

==============================================================================

Section Cross References

    main.o(.text) refers to usart.o(.text) for DMA_USART1_Send
    main.o(.text) refers to misc.o(.text) for NVIC_PriorityGroupConfig
    main.o(.text) refers to delay.o(.text) for delay_init
    main.o(.text) refers to segger_rtt.o(.text) for SEGGER_RTT_Init
    main.o(.text) refers to usmart.o(.text) for usmart_init
    main.o(.text) refers to ov7670.o(.text) for OV7670_Init
    main.o(.text) refers to dcmi.o(.text) for DCMI_Start
    main.o(.text) refers to ov7670.o(.bss) for camera_buffer
    system_stm32f4xx.o(.text) refers to system_stm32f4xx.o(.data) for SystemCoreClock
    sccb.o(.text) refers to stm32f4xx_rcc.o(.text) for RCC_AHB1PeriphClockCmd
    sccb.o(.text) refers to stm32f4xx_gpio.o(.text) for GPIO_Init
    sccb.o(.text) refers to delay.o(.text) for delay_us
    ov7670.o(.text) refers to _printf_percent.o(.ARM.Collect$$_printf_percent$$00000000) for _printf_percent
    ov7670.o(.text) refers to _printf_d.o(.ARM.Collect$$_printf_percent$$00000009) for _printf_d
    ov7670.o(.text) refers to _printf_dec.o(.text) for _printf_int_dec
    ov7670.o(.text) refers to stm32f4xx_rcc.o(.text) for RCC_AHB1PeriphClockCmd
    ov7670.o(.text) refers to stm32f4xx_gpio.o(.text) for GPIO_Init
    ov7670.o(.text) refers to sccb.o(.text) for SCCB_RD_Reg
    ov7670.o(.text) refers to delay.o(.text) for delay_ms
    ov7670.o(.text) refers to noretval__2printf.o(.text) for __2printf
    ov7670.o(.text) refers to dcmi.o(.text) for My_DCMI_Init
    ov7670.o(.text) refers to ov7670.o(.constdata) for ov7670_init_reg_tbl
    ov7670.o(.text) refers to ov7670.o(.bss) for camera_buffer
    dcmi.o(.text) refers to stm32f4xx_rcc.o(.text) for RCC_AHB1PeriphClockCmd
    dcmi.o(.text) refers to stm32f4xx_dma.o(.text) for DMA_DeInit
    dcmi.o(.text) refers to misc.o(.text) for NVIC_Init
    dcmi.o(.text) refers to stm32f4xx_gpio.o(.text) for GPIO_Init
    dcmi.o(.text) refers to stm32f4xx_dcmi.o(.text) for DCMI_DeInit
    dcmi.o(.text) refers to dcmi.o(.data) for ov_rev_ok
    dcmi.o(.text) refers to dcmi.o(.bss) for DCMI_InitStructure
    delay.o(.text) refers to misc.o(.text) for SysTick_CLKSourceConfig
    delay.o(.text) refers to delay.o(.data) for fac_us
    usart.o(.rev16_text) refers (Special) to use_no_semi_2.o(.text) for __use_no_semihosting
    usart.o(.revsh_text) refers (Special) to use_no_semi_2.o(.text) for __use_no_semihosting
    usart.o(.rrx_text) refers (Special) to use_no_semi_2.o(.text) for __use_no_semihosting
    usart.o(.text) refers (Special) to use_no_semi_2.o(.text) for __use_no_semihosting
    usart.o(.text) refers to stm32f4xx_usart.o(.text) for USART_SendData
    usart.o(.text) refers to segger_rtt.o(.text) for SEGGER_RTT_HasKey
    usart.o(.text) refers to segger_rtt_printf.o(.text) for SEGGER_RTT_vprintf
    usart.o(.text) refers to stm32f4xx_rcc.o(.text) for RCC_AHB1PeriphClockCmd
    usart.o(.text) refers to stm32f4xx_gpio.o(.text) for GPIO_PinAFConfig
    usart.o(.text) refers to misc.o(.text) for NVIC_Init
    usart.o(.text) refers to stm32f4xx_dma.o(.text) for DMA_DeInit
    usart.o(.text) refers to rt_memcpy_v6.o(.text) for __aeabi_memcpy
    usart.o(.text) refers to usart.o(.bss) for com1_rx_buffer
    usart.o(.text) refers to usart.o(.data) for com1_recv_end_flag
    usart.o(.bss) refers (Special) to use_no_semi_2.o(.text) for __use_no_semihosting
    usart.o(.data) refers (Special) to use_no_semi_2.o(.text) for __use_no_semihosting
    startup_stm32f429xx.o(STACK) refers (Special) to heapauxi.o(.text) for __use_two_region_memory
    startup_stm32f429xx.o(HEAP) refers (Special) to heapauxi.o(.text) for __use_two_region_memory
    startup_stm32f429xx.o(RESET) refers (Special) to heapauxi.o(.text) for __use_two_region_memory
    startup_stm32f429xx.o(RESET) refers to startup_stm32f429xx.o(STACK) for __initial_sp
    startup_stm32f429xx.o(RESET) refers to startup_stm32f429xx.o(.text) for Reset_Handler
    startup_stm32f429xx.o(RESET) refers to stm32f4xx_it.o(.text) for NMI_Handler
    startup_stm32f429xx.o(RESET) refers to usmart.o(.text) for TIM4_IRQHandler
    startup_stm32f429xx.o(RESET) refers to usart.o(.text) for USART1_IRQHandler
    startup_stm32f429xx.o(RESET) refers to dcmi.o(.text) for DMA2_Stream1_IRQHandler
    startup_stm32f429xx.o(.text) refers (Special) to heapauxi.o(.text) for __use_two_region_memory
    startup_stm32f429xx.o(.text) refers to system_stm32f4xx.o(.text) for SystemInit
    startup_stm32f429xx.o(.text) refers to __main.o(!!!main) for __main
    startup_stm32f429xx.o(.text) refers to startup_stm32f429xx.o(HEAP) for Heap_Mem
    startup_stm32f429xx.o(.text) refers to startup_stm32f429xx.o(STACK) for Stack_Mem
    stm32f4xx_adc.o(.text) refers to stm32f4xx_rcc.o(.text) for RCC_APB2PeriphResetCmd
[...]
    ..\\SYSTEM\\sys\\sys.c                   0x00000000   Number         0  sys.o ABSOLUTE
    ..\\SYSTEM\\usart\\usart.c               0x00000000   Number         0  usart.o ABSOLUTE
    ..\\USMART\\usmart.c                     0x00000000   Number         0  usmart.o ABSOLUTE
    ..\\USMART\\usmart_config.c              0x00000000   Number         0  usmart_config.o ABSOLUTE
    ..\\USMART\\usmart_str.c                 0x00000000   Number         0  usmart_str.o ABSOLUTE
    dc.s                                     0x00000000   Number         0  dc.o ABSOLUTE
    main.c                                   0x00000000   Number         0  main.o ABSOLUTE
    main.c                                   0x00000000   Number         0  main.o ABSOLUTE
    stm32f4xx_it.c                           0x00000000   Number         0  stm32f4xx_it.o ABSOLUTE
    stm32f4xx_it.c                           0x00000000   Number         0  stm32f4xx_it.o ABSOLUTE
    system_stm32f4xx.c                       0x00000000   Number         0  system_stm32f4xx.o ABSOLUTE
    system_stm32f4xx.c                       0x00000000   Number         0  system_stm32f4xx.o ABSOLUTE
    RESET                                    0x08000000   Section      428  startup_stm32f429xx.o(RESET)
    !!!main                                  0x080001ac   Section        8  __main.o(!!!main)
    !!!scatter                               0x080001b4   Section       52  __scatter.o(!!!scatter)
    !!dczerorl2                              0x080001e8   Section       90  __dczerorl2.o(!!dczerorl2)
    !!handler_zi                             0x08000244   Section       28  __scatter_zi.o(!!handler_zi)
    .ARM.Collect$$_printf_percent$$00000000  0x08000260   Section        0  _printf_percent.o(.ARM.Collect$$_printf_percent$$00000000)
    .ARM.Collect$$_printf_percent$$00000009  0x08000260   Section        6  _printf_d.o(.ARM.Collect$$_printf_percent$$00000009)
    .ARM.Collect$$_printf_percent$$00000017  0x08000266   Section        4  _printf_percent_end.o(.ARM.Collect$$_printf_percent$$00000017)
    .ARM.Collect$$libinit$$00000000          0x0800026a   Section        2  libinit.o(.ARM.Collect$$libinit$$00000000)
    .ARM.Collect$$libinit$$00000001          0x0800026c   Section        4  libinit2.o(.ARM.Collect$$libinit$$00000001)
    .ARM.Collect$$libinit$$00000004          0x08000270   Section        0  libinit2.o(.ARM.Collect$$libinit$$00000004)
    .ARM.Collect$$libinit$$0000000A          0x08000270   Section        0  libinit2.o(.ARM.Collect$$libinit$$0000000A)
    .ARM.Collect$$libinit$$0000000C          0x08000270   Section        0  libinit2.o(.ARM.Collect$$libinit$$0000000C)
    .ARM.Collect$$libinit$$0000000E          0x08000270   Section        0  libinit2.o(.ARM.Collect$$libinit$$0000000E)
    .ARM.Collect$$libinit$$00000011          0x08000270   Section        0  libinit2.o(.ARM.Collect$$libinit$$00000011)
    .ARM.Collect$$libinit$$00000013          0x08000270   Section        0  libinit2.o(.ARM.Collect$$libinit$$00000013)
    .ARM.Collect$$libinit$$00000015          0x08000270   Section        0  libinit2.o(.ARM.Collect$$libinit$$00000015)
    .ARM.Collect$$libinit$$00000017          0x08000270   Section        0  libinit2.o(.ARM.Collect$$libinit$$00000017)
    .ARM.Collect$$libinit$$00000019          0x08000270   Section        0  libinit2.o(.ARM.Collect$$libinit$$00000019)
    .ARM.Collect$$libinit$$0000001B          0x08000270   Section        0  libinit2.o(.ARM.Collect$$libinit$$0000001B)
    .ARM.Collect$$libinit$$0000001D          0x08000270   Section        0  libinit2.o(.ARM.Collect$$libinit$$0000001D)
    .ARM.Collect$$libinit$$0000001F          0x08000270   Section        0  libinit2.o(.ARM.Collect$$libinit$$0000001F)
    .ARM.Collect$$libinit$$00000021          0x08000270   Section        0  libinit2.o(.ARM.Collect$$libinit$$00000021)
    .ARM.Collect$$libinit$$00000023          0x08000270   Section        0  libinit2.o(.ARM.Collect$$libinit$$00000023)
    .ARM.Collect$$libinit$$00000025          0x08000270   Section        0  libinit2.o(.ARM.Collect$$libinit$$00000025)
    .ARM.Collect$$libinit$$0000002C          0x08000270   Section        0  libinit2.o(.ARM.Collect$$libinit$$0000002C)
    .ARM.Collect$$libinit$$0000002E          0x08000270   Section        0  libinit2.o(.ARM.Collect$$libinit$$0000002E)
    .ARM.Collect$$libinit$$00000030          0x08000270   Section        0  libinit2.o(.ARM.Collect$$libinit$$00000030)
    .ARM.Collect$$libinit$$00000032          0x08000270   Section        0  libinit2.o(.ARM.Collect$$libinit$$00000032)
    .ARM.Collect$$libinit$$00000033          0x08000270   Section        2  libinit2.o(.ARM.Collect$$libinit$$00000033)
    .ARM.Collect$$libshutdown$$00000000      0x08000272   Section        2  libshutdown.o(.ARM.Collect$$libshutdown$$00000000)
    .ARM.Collect$$libshutdown$$00000002      0x08000274   Section        0  libshutdown2.o(.ARM.Collect$$libshutdown$$00000002)
    .ARM.Collect$$libshutdown$$00000004      0x08000274   Section        0  libshutdown2.o(.ARM.Collect$$libshutdown$$00000004)
    .ARM.Collect$$libshutdown$$00000006      0x08000274   Section        0  libshutdown2.o(.ARM.Collect$$libshutdown$$00000006)
    .ARM.Collect$$libshutdown$$00000009      0x08000274   Section        0  libshutdown2.o(.ARM.Collect$$libshutdown$$00000009)
    .ARM.Collect$$libshutdown$$0000000C      0x08000274   Section        0  libshutdown2.o(.ARM.Collect$$libshutdown$$0000000C)
    .ARM.Collect$$libshutdown$$0000000E      0x08000274   Section        0  libshutdown2.o(.ARM.Collect$$libshutdown$$0000000E)
    .ARM.Collect$$libshutdown$$00000011      0x08000274   Section        0  libshutdown2.o(.ARM.Collect$$libshutdown$$00000011)
    .ARM.Collect$$libshutdown$$00000012      0x08000274   Section        2  libshutdown2.o(.ARM.Collect$$libshutdown$$00000012)
    .ARM.Collect$$rtentry$$00000000          0x08000276   Section        0  __rtentry.o(.ARM.Collect$$rtentry$$00000000)
    .ARM.Collect$$rtentry$$00000002          0x08000276   Section        0  __rtentry2.o(.ARM.Collect$$rtentry$$00000002)
    .ARM.Collect$$rtentry$$00000004          0x08000276   Section        6  __rtentry4.o(.ARM.Collect$$rtentry$$00000004)
    .ARM.Collect$$rtentry$$00000009          0x0800027c   Section        0  __rtentry2.o(.ARM.Collect$$rtentry$$00000009)
    .ARM.Collect$$rtentry$$0000000A          0x0800027c   Section        4  __rtentry2.o(.ARM.Collect$$rtentry$$0000000A)
    .ARM.Collect$$rtentry$$0000000C          0x08000280   Section        0  __rtentry2.o(.ARM.Collect$$rtentry$$0000000C)
    .ARM.Collect$$rtentry$$0000000D          0x08000280   Section        8  __rtentry2.o(.ARM.Collect$$rtentry$$0000000D)
    .ARM.Collect$$rtexit$$00000000           0x08000288   Section        2  rtexit.o(.ARM.Collect$$rtexit$$00000000)
    .ARM.Collect$$rtexit$$00000002           0x0800028a   Section        0  rtexit2.o(.ARM.Collect$$rtexit$$00000002)
    .ARM.Collect$$rtexit$$00000003           0x0800028a   Section        4  rtexit2.o(.ARM.Collect$$rtexit$$00000003)
    .ARM.Collect$$rtexit$$00000004           0x0800028e   Section        6  rtexit2.o(.ARM.Collect$$rtexit$$00000004)
    .text                                    0x08000294   Section        0  main.o(.text)
    .text                                    0x0800037c   Section        0  stm32f4xx_it.o(.text)
    .text                                    0x08000398   Section        0  system_stm32f4xx.o(.text)
    .text                                    0x080004b8   Section        0  sccb.o(.text)
    .text                                    0x0800076c   Section        0  ov7670.o(.text)
    .text                                    0x08000b08   Section        0  dcmi.o(.text)
    .text                                    0x08000dd4   Section        0  delay.o(.text)
    .text                                    0x08000ed8   Section        0  usart.o(.text)
    .text                                    0x080011f0   Section       64  startup_stm32f429xx.o(.text)
    $v0                                      0x080011f0   Number         0  startup_stm32f429xx.o(.text)
    .text                                    0x08001230   Section        0  misc.o(.text)
    .text                                    0x08001310   Section        0  stm32f4xx_dma.o(.text)
    .text                                    0x080016b8   Section        0  stm32f4xx_gpio.o(.text)
    .text                                    0x08001950   Section        0  stm32f4xx_rcc.o(.text)
    .text                                    0x08001fb0   Section        0  stm32f4xx_tim.o(.text)
    TI4_Config                               0x0800274f   Thumb Code    80  stm32f4xx_tim.o(.text)
    TI3_Config                               0x080027b1   Thumb Code    72  stm32f4xx_tim.o(.text)
    TI2_Config                               0x08002813   Thumb Code    90  stm32f4xx_tim.o(.text)
    TI1_Config                               0x0800287f   Thumb Code    58  stm32f4xx_tim.o(.text)
    .text                                    0x08002c54   Section        0  stm32f4xx_usart.o(.text)
    .text                                    0x080030a8   Section        0  stm32f4xx_dcmi.o(.text)
    .text                                    0x08003234   Section        0  segger_rtt.o(.text)
    _DoInit                                  0x08003235   Thumb Code    82  segger_rtt.o(.text)
    _WriteBlocking                           0x08003287   Thumb Code   118  segger_rtt.o(.text)
    _WriteNoCheck                            0x080032fd   Thumb Code    88  segger_rtt.o(.text)
    _PostTerminalSwitch                      0x08003355   Thumb Code    32  segger_rtt.o(.text)
    _GetAvailWriteSpace                      0x08003375   Thumb Code    28  segger_rtt.o(.text)
    .text                                    0x08003fcc   Section        0  segger_rtt_printf.o(.text)
    _StoreChar                               0x08003fcd   Thumb Code    68  segger_rtt_printf.o(.text)
    _PrintUnsigned                           0x08004011   Thumb Code   230  segger_rtt_printf.o(.text)
    _PrintInt                                0x080040f7   Thumb Code   236  segger_rtt_printf.o(.text)
    .text                                    0x080044b4   Section        0  usmart.o(.text)
    .text                                    0x08004f7c   Section        0  usmart_str.o(.text)
    .text                                    0x080054a4   Section        2  use_no_semi_2.o(.text)
    .text                                    0x080054a8   Section        0  noretval__2printf.o(.text)
    .text                                    0x080054c0   Section        0  __printf.o(.text)
    .text                                    0x08005528   Section        0  _printf_dec.o(.text)
    .text                                    0x080055a0   Section        0  strlen.o(.text)
    .text                                    0x080055de   Section      138  rt_memcpy_v6.o(.text)
    .text                                    0x08005668   Section       78  rt_memclr_w.o(.text)
    .text                                    0x080056b6   Section        0  heapauxi.o(.text)
    .text                                    0x080056bc   Section        2  use_no_semi.o(.text)
    .text                                    0x080056be   Section        0  _printf_intcommon.o(.text)
    .text                                    0x08005770   Section        0  _printf_char_file.o(.text)
    .text                                    0x08005794   Section      100  rt_memcpy_w.o(.text)
    .text                                    0x080057f8   Section        0  _printf_char_common.o(.text)
    _printf_input_char                       0x080057f9   Thumb Code    10  _printf_char_common.o(.text)
    .text                                    0x08005828   Section        0  ferror.o(.text)
    .text                                    0x08005830   Section       74  sys_stackheap_outer.o(.text)
    .text                                    0x0800587a   Section        0  exit.o(.text)
    .text                                    0x0800588c   Section        8  libspace.o(.text)
    x$fpl$d2f                                0x08005894   Section       98  d2f.o(x$fpl$d2f)
    $v0                                      0x08005894   Number         0  d2f.o(x$fpl$d2f)
    x$fpl$dnaninf                            0x080058f6   Section      156  dnaninf.o(x$fpl$dnaninf)
    $v0                                      0x080058f6   Number         0  dnaninf.o(x$fpl$dnaninf)
    x$fpl$fpinit                             0x08005992   Section       10  fpinit.o(x$fpl$fpinit)
    $v0                                      0x08005992   Number         0  fpinit.o(x$fpl$fpinit)
    x$fpl$fretinf                            0x0800599c   Section       10  fretinf.o(x$fpl$fretinf)
    $v0                                      0x0800599c   Number         0  fretinf.o(x$fpl$fretinf)
    .constdata                               0x080059a6   Section      340  ov7670.o(.constdata)
    x$fpl$usenofp                            0x080059a6   Section        0  usenofp.o(x$fpl$usenofp)
    .constdata                               0x08005afa   Section       17  segger_rtt.o(.constdata)
    _aInitStr                                0x08005afa   Data          17  segger_rtt.o(.constdata)
    .constdata                               0x08005b0b   Section       16  segger_rtt_printf.o(.constdata)
    _aV2C                                    0x08005b0b   Data          16  segger_rtt_printf.o(.constdata)
    .conststring                             0x08005b1c   Section      428  usmart.o(.conststring)
    .conststring                             0x08005cc8   Section      107  usmart_config.o(.conststring)
    .data                                    0x20000000   Section       20  system_stm32f4xx.o(.data)
    .data                                    0x20000014   Section       17  dcmi.o(.data)
    .data                                    0x20000026   Section        4  delay.o(.data)
    fac_us                                   0x20000026   Data           1  delay.o(.data)
    fac_ms                                   0x20000028   Data           2  delay.o(.data)
    .data                                    0x2000002c   Section        9  usart.o(.data)
    .data                                    0x20000035   Section       16  stm32f4xx_rcc.o(.data)
    APBAHBPrescTable                         0x20000035   Data          16  stm32f4xx_rcc.o(.data)
    .data                                    0x20000045   Section       17  segger_rtt.o(.data)
    _aTerminalId                             0x20000045   Data          16  segger_rtt.o(.data)
    _ActiveTerminal                          0x20000055   Data           1  segger_rtt.o(.data)
    .data                                    0x20000058   Section       28  usmart.o(.data)
    .data                                    0x20000074   Section      276  usmart_config.o(.data)
    .bss                                     0x20000188   Section    128000  ov7670.o(.bss)
    .bss                                     0x2001f588   Section       14  dcmi.o(.bss)
    .bss                                     0x2001f596   Section     2304  usart.o(.bss)
    .bss                                     0x2001fe98   Section     1320  segger_rtt.o(.bss)
    _acUpBuffer                              0x2001ff40   Data        1024  segger_rtt.o(.bss)
    _acDownBuffer                            0x20020340   Data         128  segger_rtt.o(.bss)
    .bss                                     0x200203c0   Section       96  libspace.o(.bss)
    HEAP                                     0x20020420   Section      512  startup_stm32f429xx.o(HEAP)
    Heap_Mem                                 0x20020420   Data         512  startup_stm32f429xx.o(HEAP)
    STACK                                    0x20020620   Section     1024  startup_stm32f429xx.o(STACK)
    Stack_Mem                                0x20020620   Data        1024  startup_stm32f429xx.o(STACK)
    __initial_sp                             0x20020a20   Data           0  startup_stm32f429xx.o(STACK)

    Global Symbols

    Symbol Name                              Value     Ov Type        Size  Object(Section)

    BuildAttributes$$THM_ISAv4$E$P$D$K$B$S$7EM$VFPi3$EXTD16$VFPS$VFMA$PE$A:L22UL41UL21$X:L11$S22US41US21$IEEE1$IW$USESV6$~STKCKD$USESV7$~SHL$OSPACE$ROPI$EBA8$UX$STANDARDLIB$REQ8$PRES8$EABIv2 0x00000000   Number         0  anon$$obj.o ABSOLUTE
    __ARM_use_no_argv                        0x00000000   Number         0  main.o ABSOLUTE
    __ARM_exceptions_init                     - Undefined Weak Reference
    __alloca_initialize                       - Undefined Weak Reference
    __arm_fini_                               - Undefined Weak Reference
    __arm_preinit_                            - Undefined Weak Reference
    __cpp_initialize__aeabi_                  - Undefined Weak Reference
    __cxa_finalize                            - Undefined Weak Reference
    __rt_locale                               - Undefined Weak Reference
    __sigvec_lookup                           - Undefined Weak Reference
    _atexit_init                              - Undefined Weak Reference
    _call_atexit_fns                          - Undefined Weak Reference
    _clock_init                               - Undefined Weak Reference
    _fp_trap_init                             - Undefined Weak Reference
    _fp_trap_shutdown                         - Undefined Weak Reference
    _get_lc_collate                           - Undefined Weak Reference
    _get_lc_ctype                             - Undefined Weak Reference
    _get_lc_monetary                          - Undefined Weak Reference
    _get_lc_numeric                           - Undefined Weak Reference
    _get_lc_time                              - Undefined Weak Reference
    _getenv_init                              - Undefined Weak Reference
    _handle_redirection                       - Undefined Weak Reference
    _init_alloc                               - Undefined Weak Reference
    _init_user_alloc                          - Undefined Weak Reference
    _initio                                   - Undefined Weak Reference
    _mutex_acquire                            - Undefined Weak Reference
    _mutex_release                            - Undefined Weak Reference
    _printf_post_padding                      - Undefined Weak Reference
    _printf_pre_padding                       - Undefined Weak Reference
    _printf_truncate_signed                   - Undefined Weak Reference
    _printf_truncate_unsigned                 - Undefined Weak Reference
    _rand_init                                - Undefined Weak Reference
    _signal_finish                            - Undefined Weak Reference
    _signal_init                              - Undefined Weak Reference
    _terminate_alloc                          - Undefined Weak Reference
    _terminate_user_alloc                     - Undefined Weak Reference
    _terminateio                              - Undefined Weak Reference
    __Vectors_Size                           0x000001ac   Number         0  startup_stm32f429xx.o ABSOLUTE
    __Vectors                                0x08000000   Data           4  startup_stm32f429xx.o(RESET)
    __Vectors_End                            0x080001ac   Data           0  startup_stm32f429xx.o(RESET)
    __main                                   0x080001ad   Thumb Code     8  __main.o(!!!main)
    __scatterload                            0x080001b5   Thumb Code     0  __scatter.o(!!!scatter)
    __scatterload_rt2                        0x080001b5   Thumb Code    44  __scatter.o(!!!scatter)
    __scatterload_rt2_thumb_only             0x080001b5   Thumb Code     0  __scatter.o(!!!scatter)
    __scatterload_null                       0x080001c3   Thumb Code     0  __scatter.o(!!!scatter)
    __decompress                             0x080001e9   Thumb Code    90  __dczerorl2.o(!!dczerorl2)
    __decompress1                            0x080001e9   Thumb Code     0  __dczerorl2.o(!!dczerorl2)
    __scatterload_zeroinit                   0x08000245   Thumb Code    28  __scatter_zi.o(!!handler_zi)
    _printf_d                                0x08000261   Thumb Code     0  _printf_d.o(.ARM.Collect$$_printf_percent$$00000009)
    _printf_percent                          0x08000261   Thumb Code     0  _printf_percent.o(.ARM.Collect$$_printf_percent$$00000000)
    _printf_percent_end                      0x08000267   Thumb Code     0  _printf_percent_end.o(.ARM.Collect$$_printf_percent$$00000017)
    __rt_lib_init                            0x0800026b   Thumb Code     0  libinit.o(.ARM.Collect$$libinit$$00000000)
    __rt_lib_init_fp_1                       0x0800026d   Thumb Code     0  libinit2.o(.ARM.Collect$$libinit$$00000001)
    __rt_lib_init_alloca_1                   0x08000271   Thumb Code     0  libinit2.o(.ARM.Collect$$libinit$$0000002E)
    __rt_lib_init_argv_1                     0x08000271   Thumb Code     0  libinit2.o(.ARM.Collect$$libinit$$0000002C)
    __rt_lib_init_atexit_1                   0x08000271   Thumb Code     0  libinit2.o(.ARM.Collect$$libinit$$0000001B)
    __rt_lib_init_clock_1                    0x08000271   Thumb Code     0  libinit2.o(.ARM.Collect$$libinit$$00000021)
    __rt_lib_init_cpp_1                      0x08000271   Thumb Code     0  libinit2.o(.ARM.Collect$$libinit$$00000032)
    __rt_lib_init_exceptions_1               0x08000271   Thumb Code     0  libinit2.o(.ARM.Collect$$libinit$$00000030)
    __rt_lib_init_fp_trap_1                  0x08000271   Thumb Code     0  libinit2.o(.ARM.Collect$$libinit$$0000001F)
    __rt_lib_init_getenv_1                   0x08000271   Thumb Code     0  libinit2.o(.ARM.Collect$$libinit$$00000023)
    __rt_lib_init_heap_1                     0x08000271   Thumb Code     0  libinit2.o(.ARM.Collect$$libinit$$0000000A)
    __rt_lib_init_lc_collate_1               0x08000271   Thumb Code     0  libinit2.o(.ARM.Collect$$libinit$$00000011)
    __rt_lib_init_lc_ctype_1                 0x08000271   Thumb Code     0  libinit2.o(.ARM.Collect$$libinit$$00000013)
    __rt_lib_init_lc_monetary_1              0x08000271   Thumb Code     0  libinit2.o(.ARM.Collect$$libinit$$00000015)
    __rt_lib_init_lc_numeric_1               0x08000271   Thumb Code     0  libinit2.o(.ARM.Collect$$libinit$$00000017)
    __rt_lib_init_lc_time_1                  0x08000271   Thumb Code     0  libinit2.o(.ARM.Collect$$libinit$$00000019)
    __rt_lib_init_preinit_1                  0x08000271   Thumb Code     0  libinit2.o(.ARM.Collect$$libinit$$00000004)
    __rt_lib_init_rand_1                     0x08000271   Thumb Code     0  libinit2.o(.ARM.Collect$$libinit$$0000000E)
    __rt_lib_init_return                     0x08000271   Thumb Code     0  libinit2.o(.ARM.Collect$$libinit$$00000033)
    __rt_lib_init_signal_1                   0x08000271   Thumb Code     0  libinit2.o(.ARM.Collect$$libinit$$0000001D)
    __rt_lib_init_stdio_1                    0x08000271   Thumb Code     0  libinit2.o(.ARM.Collect$$libinit$$00000025)
    __rt_lib_init_user_alloc_1               0x08000271   Thumb Code     0  libinit2.o(.ARM.Collect$$libinit$$0000000C)
    __rt_lib_shutdown                        0x08000273   Thumb Code     0  libshutdown.o(.ARM.Collect$$libshutdown$$00000000)
    __rt_lib_shutdown_cpp_1                  0x08000275   Thumb Code     0  libshutdown2.o(.ARM.Collect$$libshutdown$$00000004)
    __rt_lib_shutdown_fini_1                 0x08000275   Thumb Code     0  libshutdown2.o(.ARM.Collect$$libshutdown$$00000002)
    __rt_lib_shutdown_fp_trap_1              0x08000275   Thumb Code     0  libshutdown2.o(.ARM.Collect$$libshutdown$$00000009)
    __rt_lib_shutdown_heap_1                 0x08000275   Thumb Code     0  libshutdown2.o(.ARM.Collect$$libshutdown$$00000011)
    __rt_lib_shutdown_return                 0x08000275   Thumb Code     0  libshutdown2.o(.ARM.Collect$$libshutdown$$00000012)
    __rt_lib_shutdown_signal_1               0x08000275   Thumb Code     0  libshutdown2.o(.ARM.Collect$$libshutdown$$0000000C)
    __rt_lib_shutdown_stdio_1                0x08000275   Thumb Code     0  libshutdown2.o(.ARM.Collect$$libshutdown$$00000006)
    __rt_lib_shutdown_user_alloc_1           0x08000275   Thumb Code     0  libshutdown2.o(.ARM.Collect$$libshutdown$$0000000E)
    __rt_entry                               0x08000277   Thumb Code     0  __rtentry.o(.ARM.Collect$$rtentry$$00000000)
    __rt_entry_presh_1                       0x08000277   Thumb Code     0  __rtentry2.o(.ARM.Collect$$rtentry$$00000002)
    __rt_entry_sh                            0x08000277   Thumb Code     0  __rtentry4.o(.ARM.Collect$$rtentry$$00000004)
    __rt_entry_li                            0x0800027d   Thumb Code     0  __rtentry2.o(.ARM.Collect$$rtentry$$0000000A)
    __rt_entry_postsh_1                      0x0800027d   Thumb Code     0  __rtentry2.o(.ARM.Collect$$rtentry$$00000009)
    __rt_entry_main                          0x08000281   Thumb Code     0  __rtentry2.o(.ARM.Collect$$rtentry$$0000000D)
    __rt_entry_postli_1                      0x08000281   Thumb Code     0  __rtentry2.o(.ARM.Collect$$rtentry$$0000000C)
    __rt_exit                                0x08000289   Thumb Code     0  rtexit.o(.ARM.Collect$$rtexit$$00000000)
    __rt_exit_ls                             0x0800028b   Thumb Code     0  rtexit2.o(.ARM.Collect$$rtexit$$00000003)
    __rt_exit_prels_1                        0x0800028b   Thumb Code     0  rtexit2.o(.ARM.Collect$$rtexit$$00000002)
    __rt_exit_exit                           0x0800028f   Thumb Code     0  rtexit2.o(.ARM.Collect$$rtexit$$00000004)
    SendCameraFrame                          0x08000295   Thumb Code   122  main.o(.text)
    main                                     0x0800030f   Thumb Code    94  main.o(.text)
    NMI_Handler                              0x0800037d   Thumb Code     2  stm32f4xx_it.o(.text)
    HardFault_Handler                        0x0800037f   Thumb Code     4  stm32f4xx_it.o(.text)
    MemManage_Handler                        0x08000383   Thumb Code     4  stm32f4xx_it.o(.text)
    BusFault_Handler                         0x08000387   Thumb Code     4  stm32f4xx_it.o(.text)
    UsageFault_Handler                       0x0800038b   Thumb Code     4  stm32f4xx_it.o(.text)
    SVC_Handler                              0x0800038f   Thumb Code     2  stm32f4xx_it.o(.text)
    DebugMon_Handler                         0x08000391   Thumb Code     2  stm32f4xx_it.o(.text)
    PendSV_Handler                           0x08000393   Thumb Code     2  stm32f4xx_it.o(.text)
    SysTick_Handler                          0x08000395   Thumb Code     2  stm32f4xx_it.o(.text)
    SystemInit                               0x08000399   Thumb Code    82  system_stm32f4xx.o(.text)
    SystemCoreClockUpdate                    0x080003eb   Thumb Code   174  system_stm32f4xx.o(.text)
    SCCB_Init                                0x080004b9   Thumb Code   130  sccb.o(.text)
    SCCB_Start                               0x0800053b   Thumb Code    54  sccb.o(.text)
    SCCB_Stop                                0x08000571   Thumb Code    54  sccb.o(.text)
    SCCB_No_Ack                              0x080005a7   Thumb Code    54  sccb.o(.text)
    SCCB_WR_Byte                             0x080005dd   Thumb Code   168  sccb.o(.text)
    SCCB_RD_Byte                             0x08000685   Thumb Code   118  sccb.o(.text)
    SCCB_WR_Reg                              0x080006fb   Thumb Code    50  sccb.o(.text)
    SCCB_RD_Reg                              0x0800072d   Thumb Code    56  sccb.o(.text)
    OV7670_RST_PW_Init                       0x0800076d   Thumb Code    50  ov7670.o(.text)
    OV7670_Window_Set                        0x0800079f   Thumb Code   192  ov7670.o(.text)
    OV7670_Init                              0x0800085f   Thumb Code   224  ov7670.o(.text)
    OV7670_Light_Mode                        0x0800093f   Thumb Code    92  ov7670.o(.text)
    OV7670_Color_Saturation                  0x0800099b   Thumb Code   122  ov7670.o(.text)
    OV7670_Brightness                        0x08000a15   Thumb Code    50  ov7670.o(.text)
    OV7670_Contrast                          0x08000a47   Thumb Code    50  ov7670.o(.text)
    OV7670_Special_Effects                   0x08000a79   Thumb Code   106  ov7670.o(.text)
    DCMI_DMA_Init                            0x08000b09   Thumb Code   140  dcmi.o(.text)
    DMA2_Stream1_IRQHandler                  0x08000b95   Thumb Code    48  dcmi.o(.text)
    My_DCMI_Init                             0x08000bc5   Thumb Code   330  dcmi.o(.text)
    DCMI_Start                               0x08000d0f   Thumb Code    18  dcmi.o(.text)
    DCMI_Stop                                0x08000d21   Thumb Code    34  dcmi.o(.text)
    DCMI_IRQHandler                          0x08000d43   Thumb Code    60  dcmi.o(.text)
    DCMI_Set_Window                          0x08000d7f   Thumb Code    34  dcmi.o(.text)
    delay_init                               0x08000dd5   Thumb Code    52  delay.o(.text)
    delay_us                                 0x08000e09   Thumb Code    72  delay.o(.text)
    delay_xms                                0x08000e51   Thumb Code    72  delay.o(.text)
    delay_ms                                 0x08000e99   Thumb Code    56  delay.o(.text)
    _sys_exit                                0x08000ed9   Thumb Code     4  usart.o(.text)
    _ttywrch                                 0x08000edd   Thumb Code     4  usart.o(.text)
    fputc                                    0x08000ee1   Thumb Code    32  usart.o(.text)
    fgetc                                    0x08000f01   Thumb Code    20  usart.o(.text)
    RTT_printf                               0x08000f15   Thumb Code    40  usart.o(.text)
    uart1_Init                               0x08000f3d   Thumb Code   456  usart.o(.text)
    USART1_IRQHandler                        0x08001105   Thumb Code   100  usart.o(.text)
    DMA2_Stream7_IRQHandler                  0x08001169   Thumb Code    52  usart.o(.text)
    DMA_USART1_Send                          0x0800119d   Thumb Code    52  usart.o(.text)
    Reset_Handler                            0x080011f1   Thumb Code     8  startup_stm32f429xx.o(.text)
    ADC_IRQHandler                           0x0800120b   Thumb Code     0  startup_stm32f429xx.o(.text)
    CAN1_RX0_IRQHandler                      0x0800120b   Thumb Code     0  startup_stm32f429xx.o(.text)
    CAN1_RX1_IRQHandler                      0x0800120b   Thumb Code     0  startup_stm32f429xx.o(.text)
    CAN1_SCE_IRQHandler                      0x0800120b   Thumb Code     0  startup_stm32f429xx.o(.text)
    CAN1_TX_IRQHandler                       0x0800120b   Thumb Code     0  startup_stm32f429xx.o(.text)
    CAN2_RX0_IRQHandler                      0x0800120b   Thumb Code     0  startup_stm32f429xx.o(.text)
    CAN2_RX1_IRQHandler                      0x0800120b   Thumb Code     0  startup_stm32f429xx.o(.text)
    CAN2_SCE_IRQHandler                      0x0800120b   Thumb Code     0  startup_stm32f429xx.o(.text)
    CAN2_TX_IRQHandler                       0x0800120b   Thumb Code     0  startup_stm32f429xx.o(.text)
    DMA1_Stream0_IRQHandler                  0x0800120b   Thumb Code     0  startup_stm32f429xx.o(.text)
    DMA1_Stream1_IRQHandler                  0x0800120b   Thumb Code     0  startup_stm32f429xx.o(.text)
    DMA1_Stream2_IRQHandler                  0x0800120b   Thumb Code     0  startup_stm32f429xx.o(.text)
    DMA1_Stream3_IRQHandler                  0x0800120b   Thumb Code     0  startup_stm32f429xx.o(.text)
    DMA1_Stream4_IRQHandler                  0x0800120b   Thumb Code     0  startup_stm32f429xx.o(.text)
    DMA1_Stream5_IRQHandler                  0x0800120b   Thumb Code     0  startup_stm32f429xx.o(.text)
    DMA1_Stream6_IRQHandler                  0x0800120b   Thumb Code     0  startup_stm32f429xx.o(.text)
    DMA1_Stream7_IRQHandler                  0x0800120b   Thumb Code     0  startup_stm32f429xx.o(.text)
    DMA2D_IRQHandler                         0x0800120b   Thumb Code     0  startup_stm32f429xx.o(.text)
    DMA2_Stream0_IRQHandler                  0x0800120b   Thumb Code     0  startup_stm32f429xx.o(.text)
    DMA2_Stream2_IRQHandler                  0x0800120b   Thumb Code     0  startup_stm32f429xx.o(.text)
    DMA2_Stream3_IRQHandler                  0x0800120b   Thumb Code     0  startup_stm32f429xx.o(.text)
    DMA2_Stream4_IRQHandler                  0x0800120b   Thumb Code     0  startup_stm32f429xx.o(.text)
    DMA2_Stream5_IRQHandler                  0x0800120b   Thumb Code     0  startup_stm32f429xx.o(.text)
    DMA2_Stream6_IRQHandler                  0x0800120b   Thumb Code     0  startup_stm32f429xx.o(.text)
    ETH_IRQHandler                           0x0800120b   Thumb Code     0  startup_stm32f429xx.o(.text)
    ETH_WKUP_IRQHandler                      0x0800120b   Thumb Code     0  startup_stm32f429xx.o(.text)
    EXTI0_IRQHandler                         0x0800120b   Thumb Code     0  startup_stm32f429xx.o(.text)
    EXTI15_10_IRQHandler                     0x0800120b   Thumb Code     0  startup_stm32f429xx.o(.text)
    EXTI1_IRQHandler                         0x0800120b   Thumb Code     0  startup_stm32f429xx.o(.text)
    EXTI2_IRQHandler                         0x0800120b   Thumb Code     0  startup_stm32f429xx.o(.text)
    EXTI3_IRQHandler                         0x0800120b   Thumb Code     0  startup_stm32f429xx.o(.text)
    EXTI4_IRQHandler                         0x0800120b   Thumb Code     0  startup_stm32f429xx.o(.text)
    EXTI9_5_IRQHandler                       0x0800120b   Thumb Code     0  startup_stm32f429xx.o(.text)
    FLASH_IRQHandler                         0x0800120b   Thumb Code     0  startup_stm32f429xx.o(.text)
    FMC_IRQHandler                           0x0800120b   Thumb Code     0  startup_stm32f429xx.o(.text)
    FPU_IRQHandler                           0x0800120b   Thumb Code     0  startup_stm32f429xx.o(.text)
    HASH_RNG_IRQHandler                      0x0800120b   Thumb Code     0  startup_stm32f429xx.o(.text)
    I2C1_ER_IRQHandler                       0x0800120b   Thumb Code     0  startup_stm32f429xx.o(.text)
    I2C1_EV_IRQHandler                       0x0800120b   Thumb Code     0  startup_stm32f429xx.o(.text)
    I2C2_ER_IRQHandler                       0x0800120b   Thumb Code     0  startup_stm32f429xx.o(.text)
    I2C2_EV_IRQHandler                       0x0800120b   Thumb Code     0  startup_stm32f429xx.o(.text)
    I2C3_ER_IRQHandler                       0x0800120b   Thumb Code     0  startup_stm32f429xx.o(.text)
    I2C3_EV_IRQHandler                       0x0800120b   Thumb Code     0  startup_stm32f429xx.o(.text)
    LTDC_ER_IRQHandler                       0x0800120b   Thumb Code     0  startup_stm32f429xx.o(.text)
    LTDC_IRQHandler                          0x0800120b   Thumb Code     0  startup_stm32f429xx.o(.text)
    OTG_FS_IRQHandler                        0x0800120b   Thumb Code     0  startup_stm32f429xx.o(.text)
    OTG_FS_WKUP_IRQHandler                   0x0800120b   Thumb Code     0  startup_stm32f429xx.o(.text)
    OTG_HS_EP1_IN_IRQHandler                 0x0800120b   Thumb Code     0  startup_stm32f429xx.o(.text)
    OTG_HS_EP1_OUT_IRQHandler                0x0800120b   Thumb Code     0  startup_stm32f429xx.o(.text)
    OTG_HS_IRQHandler                        0x0800120b   Thumb Code     0  startup_stm32f429xx.o(.text)
    OTG_HS_WKUP_IRQHandler                   0x0800120b   Thumb Code     0  startup_stm32f429xx.o(.text)
    PVD_IRQHandler                           0x0800120b   Thumb Code     0  startup_stm32f429xx.o(.text)
    RCC_IRQHandler                           0x0800120b   Thumb Code     0  startup_stm32f429xx.o(.text)
    RTC_Alarm_IRQHandler                     0x0800120b   Thumb Code     0  startup_stm32f429xx.o(.text)
    RTC_WKUP_IRQHandler                      0x0800120b   Thumb Code     0  startup_stm32f429xx.o(.text)
    SAI1_IRQHandler                          0x0800120b   Thumb Code     0  startup_stm32f429xx.o(.text)
    SDIO_IRQHandler                          0x0800120b   Thumb Code     0  startup_stm32f429xx.o(.text)
    SPI1_IRQHandler                          0x0800120b   Thumb Code     0  startup_stm32f429xx.o(.text)
    SPI2_IRQHandler                          0x0800120b   Thumb Code     0  startup_stm32f429xx.o(.text)
    SPI3_IRQHandler                          0x0800120b   Thumb Code     0  startup_stm32f429xx.o(.text)
    SPI4_IRQHandler                          0x0800120b   Thumb Code     0  startup_stm32f429xx.o(.text)
    SPI5_IRQHandler                          0x0800120b   Thumb Code     0  startup_stm32f429xx.o(.text)
    SPI6_IRQHandler                          0x0800120b   Thumb Code     0  startup_stm32f429xx.o(.text)
    TAMP_STAMP_IRQHandler                    0x0800120b   Thumb Code     0  startup_stm32f429xx.o(.text)
    TIM1_BRK_TIM9_IRQHandler                 0x0800120b   Thumb Code     0  startup_stm32f429xx.o(.text)
    TIM1_CC_IRQHandler                       0x0800120b   Thumb Code     0  startup_stm32f429xx.o(.text)
    TIM1_TRG_COM_TIM11_IRQHandler            0x0800120b   Thumb Code     0  startup_stm32f429xx.o(.text)
    TIM1_UP_TIM10_IRQHandler                 0x0800120b   Thumb Code     0  startup_stm32f429xx.o(.text)
    TIM2_IRQHandler                          0x0800120b   Thumb Code     0  startup_stm32f429xx.o(.text)
    TIM3_IRQHandler                          0x0800120b   Thumb Code     0  startup_stm32f429xx.o(.text)
    TIM5_IRQHandler                          0x0800120b   Thumb Code     0  startup_stm32f429xx.o(.text)
    TIM6_DAC_IRQHandler                      0x0800120b   Thumb Code     0  startup_stm32f429xx.o(.text)
    TIM7_IRQHandler                          0x0800120b   Thumb Code     0  startup_stm32f429xx.o(.text)
    TIM8_BRK_TIM12_IRQHandler                0x0800120b   Thumb Code     0  startup_stm32f429xx.o(.text)
    TIM8_CC_IRQHandler                       0x0800120b   Thumb Code     0  startup_stm32f429xx.o(.text)
    TIM8_TRG_COM_TIM14_IRQHandler            0x0800120b   Thumb Code     0  startup_stm32f429xx.o(.text)
    TIM8_UP_TIM13_IRQHandler                 0x0800120b   Thumb Code     0  startup_stm32f429xx.o(.text)
    UART4_IRQHandler                         0x0800120b   Thumb Code     0  startup_stm32f429xx.o(.text)
    UART5_IRQHandler                         0x0800120b   Thumb Code     0  startup_stm32f429xx.o(.text)
    UART7_IRQHandler                         0x0800120b   Thumb Code     0  startup_stm32f429xx.o(.text)
    UART8_IRQHandler                         0x0800120b   Thumb Code     0  startup_stm32f429xx.o(.text)
    USART2_IRQHandler                        0x0800120b   Thumb Code     0  startup_stm32f429xx.o(.text)
    USART3_IRQHandler                        0x0800120b   Thumb Code     0  startup_stm32f429xx.o(.text)
    USART6_IRQHandler                        0x0800120b   Thumb Code     0  startup_stm32f429xx.o(.text)
    WWDG_IRQHandler                          0x0800120b   Thumb Code     0  startup_stm32f429xx.o(.text)
    __user_initial_stackheap                 0x0800120d   Thumb Code     0  startup_stm32f429xx.o(.text)
    NVIC_PriorityGroupConfig                 0x08001231   Thumb Code    10  misc.o(.text)
    NVIC_Init                                0x0800123b   Thumb Code   106  misc.o(.text)
    NVIC_SetVectorTable                      0x080012a5   Thumb Code    14  misc.o(.text)
    NVIC_SystemLPConfig                      0x080012b3   Thumb Code    34  misc.o(.text)
    SysTick_CLKSourceConfig                  0x080012d5   Thumb Code    40  misc.o(.text)
    DMA_DeInit                               0x08001311   Thumb Code   324  stm32f4xx_dma.o(.text)
    DMA_Init                                 0x08001455   Thumb Code    82  stm32f4xx_dma.o(.text)
    DMA_StructInit                           0x080014a7   Thumb Code    34  stm32f4xx_dma.o(.text)
    DMA_Cmd                                  0x080014c9   Thumb Code    22  stm32f4xx_dma.o(.text)
    DMA_PeriphIncOffsetSizeConfig            0x080014df   Thumb Code    22  stm32f4xx_dma.o(.text)
    DMA_FlowControllerConfig                 0x080014f5   Thumb Code    22  stm32f4xx_dma.o(.text)
    DMA_SetCurrDataCounter                   0x0800150b   Thumb Code     4  stm32f4xx_dma.o(.text)
    DMA_GetCurrDataCounter                   0x0800150f   Thumb Code     8  stm32f4xx_dma.o(.text)
    DMA_DoubleBufferModeConfig               0x08001517   Thumb Code    24  stm32f4xx_dma.o(.text)
    DMA_DoubleBufferModeCmd                  0x0800152f   Thumb Code    22  stm32f4xx_dma.o(.text)
    DMA_MemoryTargetConfig                   0x08001545   Thumb Code    10  stm32f4xx_dma.o(.text)
    DMA_GetCurrentMemoryTarget               0x0800154f   Thumb Code    20  stm32f4xx_dma.o(.text)
    DMA_GetCmdStatus                         0x08001563   Thumb Code    20  stm32f4xx_dma.o(.text)
    DMA_GetFIFOStatus                        0x08001577   Thumb Code    12  stm32f4xx_dma.o(.text)
    DMA_GetFlagStatus                        0x08001583   Thumb Code    56  stm32f4xx_dma.o(.text)
    DMA_ClearFlag                            0x080015bb   Thumb Code    40  stm32f4xx_dma.o(.text)
    DMA_ITConfig                             0x080015e3   Thumb Code    58  stm32f4xx_dma.o(.text)
    DMA_GetITStatus                          0x0800161d   Thumb Code    84  stm32f4xx_dma.o(.text)
    DMA_ClearITPendingBit                    0x08001671   Thumb Code    40  stm32f4xx_dma.o(.text)
    GPIO_DeInit                              0x080016b9   Thumb Code   268  stm32f4xx_gpio.o(.text)
    GPIO_Init                                0x080017c5   Thumb Code   144  stm32f4xx_gpio.o(.text)
    GPIO_StructInit                          0x08001855   Thumb Code    18  stm32f4xx_gpio.o(.text)
    GPIO_PinLockConfig                       0x08001867   Thumb Code    34  stm32f4xx_gpio.o(.text)
    GPIO_ReadInputDataBit                    0x08001889   Thumb Code    18  stm32f4xx_gpio.o(.text)
    GPIO_ReadInputData                       0x0800189b   Thumb Code     8  stm32f4xx_gpio.o(.text)
    GPIO_ReadOutputDataBit                   0x080018a3   Thumb Code    18  stm32f4xx_gpio.o(.text)
    GPIO_ReadOutputData                      0x080018b5   Thumb Code     8  stm32f4xx_gpio.o(.text)
    GPIO_SetBits                             0x080018bd   Thumb Code     4  stm32f4xx_gpio.o(.text)
    GPIO_ResetBits                           0x080018c1   Thumb Code     6  stm32f4xx_gpio.o(.text)
    GPIO_WriteBit                            0x080018c7   Thumb Code    12  stm32f4xx_gpio.o(.text)
    GPIO_Write                               0x080018d3   Thumb Code     4  stm32f4xx_gpio.o(.text)
    GPIO_ToggleBits                          0x080018d7   Thumb Code     8  stm32f4xx_gpio.o(.text)
    GPIO_PinAFConfig                         0x080018df   Thumb Code    70  stm32f4xx_gpio.o(.text)
    RCC_DeInit                               0x08001951   Thumb Code    82  stm32f4xx_rcc.o(.text)
    RCC_HSEConfig                            0x080019a3   Thumb Code    14  stm32f4xx_rcc.o(.text)
    RCC_GetFlagStatus                        0x080019b1   Thumb Code    60  stm32f4xx_rcc.o(.text)
    RCC_WaitForHSEStartUp                    0x080019ed   Thumb Code    56  stm32f4xx_rcc.o(.text)
    RCC_AdjustHSICalibrationValue            0x08001a25   Thumb Code    20  stm32f4xx_rcc.o(.text)
    RCC_HSICmd                               0x08001a39   Thumb Code     6  stm32f4xx_rcc.o(.text)
    RCC_LSEConfig                            0x08001a3f   Thumb Code    46  stm32f4xx_rcc.o(.text)
    RCC_LSICmd                               0x08001a6d   Thumb Code     6  stm32f4xx_rcc.o(.text)
    RCC_PLLConfig                            0x08001a73   Thumb Code    32  stm32f4xx_rcc.o(.text)
    RCC_PLLCmd                               0x08001a93   Thumb Code     6  stm32f4xx_rcc.o(.text)
    RCC_PLLI2SConfig                         0x08001a99   Thumb Code    20  stm32f4xx_rcc.o(.text)
    RCC_PLLI2SCmd                            0x08001aad   Thumb Code     6  stm32f4xx_rcc.o(.text)
    RCC_PLLSAIConfig                         0x08001ab3   Thumb Code    20  stm32f4xx_rcc.o(.text)
    RCC_PLLSAICmd                            0x08001ac7   Thumb Code     6  stm32f4xx_rcc.o(.text)
    RCC_ClockSecuritySystemCmd               0x08001acd   Thumb Code     6  stm32f4xx_rcc.o(.text)
    RCC_MCO1Config                           0x08001ad3   Thumb Code    28  stm32f4xx_rcc.o(.text)
    RCC_MCO2Config                           0x08001aef   Thumb Code    28  stm32f4xx_rcc.o(.text)
    RCC_SYSCLKConfig                         0x08001b0b   Thumb Code    20  stm32f4xx_rcc.o(.text)
    RCC_GetSYSCLKSource                      0x08001b1f   Thumb Code    12  stm32f4xx_rcc.o(.text)
    RCC_HCLKConfig                           0x08001b2b   Thumb Code    20  stm32f4xx_rcc.o(.text)
    RCC_PCLK1Config                          0x08001b3f   Thumb Code    20  stm32f4xx_rcc.o(.text)
    RCC_PCLK2Config                          0x08001b53   Thumb Code    22  stm32f4xx_rcc.o(.text)
    RCC_GetClocksFreq                        0x08001b69   Thumb Code   222  stm32f4xx_rcc.o(.text)
    RCC_RTCCLKConfig                         0x08001c47   Thumb Code    54  stm32f4xx_rcc.o(.text)
    RCC_RTCCLKCmd                            0x08001c7d   Thumb Code     8  stm32f4xx_rcc.o(.text)
    RCC_BackupResetCmd                       0x08001c85   Thumb Code     8  stm32f4xx_rcc.o(.text)
    RCC_I2SCLKConfig                         0x08001c8d   Thumb Code     6  stm32f4xx_rcc.o(.text)
    RCC_SAIBlockACLKConfig                   0x08001c93   Thumb Code    20  stm32f4xx_rcc.o(.text)
    RCC_SAIBlockBCLKConfig                   0x08001ca7   Thumb Code    20  stm32f4xx_rcc.o(.text)
    RCC_SAIPLLI2SClkDivConfig                0x08001cbb   Thumb Code    26  stm32f4xx_rcc.o(.text)
    RCC_SAIPLLSAIClkDivConfig                0x08001cd5   Thumb Code    28  stm32f4xx_rcc.o(.text)
    RCC_LTDCCLKDivConfig                     0x08001cf1   Thumb Code    20  stm32f4xx_rcc.o(.text)
    RCC_TIMCLKPresConfig                     0x08001d05   Thumb Code     6  stm32f4xx_rcc.o(.text)
    RCC_AHB1PeriphClockCmd                   0x08001d0b   Thumb Code    82  stm32f4xx_rcc.o(.text)
    RCC_AHB2PeriphClockCmd                   0x08001d5d   Thumb Code    26  stm32f4xx_rcc.o(.text)
    RCC_AHB3PeriphClockCmd                   0x08001d77   Thumb Code    34  stm32f4xx_rcc.o(.text)
    RCC_APB1PeriphClockCmd                   0x08001d99   Thumb Code    34  stm32f4xx_rcc.o(.text)
    RCC_APB2PeriphClockCmd                   0x08001dbb   Thumb Code    34  stm32f4xx_rcc.o(.text)
    RCC_AHB1PeriphResetCmd                   0x08001ddd   Thumb Code    34  stm32f4xx_rcc.o(.text)
    RCC_AHB2PeriphResetCmd                   0x08001dff   Thumb Code    34  stm32f4xx_rcc.o(.text)
    RCC_AHB3PeriphResetCmd                   0x08001e21   Thumb Code    34  stm32f4xx_rcc.o(.text)
    RCC_APB1PeriphResetCmd                   0x08001e43   Thumb Code    34  stm32f4xx_rcc.o(.text)
    RCC_APB2PeriphResetCmd                   0x08001e65   Thumb Code    34  stm32f4xx_rcc.o(.text)
    RCC_AHB1PeriphClockLPModeCmd             0x08001e87   Thumb Code    34  stm32f4xx_rcc.o(.text)
    RCC_AHB2PeriphClockLPModeCmd             0x08001ea9   Thumb Code    34  stm32f4xx_rcc.o(.text)
    RCC_AHB3PeriphClockLPModeCmd             0x08001ecb   Thumb Code    34  stm32f4xx_rcc.o(.text)
    RCC_APB1PeriphClockLPModeCmd             0x08001eed   Thumb Code    34  stm32f4xx_rcc.o(.text)
    RCC_APB2PeriphClockLPModeCmd             0x08001f0f   Thumb Code    34  stm32f4xx_rcc.o(.text)
    RCC_LSEModeConfig                        0x08001f31   Thumb Code    40  stm32f4xx_rcc.o(.text)
    RCC_ITConfig                             0x08001f59   Thumb Code    34  stm32f4xx_rcc.o(.text)
    RCC_ClearFlag                            0x08001f7b   Thumb Code    18  stm32f4xx_rcc.o(.text)
    RCC_GetITStatus                          0x08001f8d   Thumb Code    22  stm32f4xx_rcc.o(.text)
    RCC_ClearITPendingBit                    0x08001fa3   Thumb Code     8  stm32f4xx_rcc.o(.text)
    TIM_DeInit                               0x08001fb1   Thumb Code   346  stm32f4xx_tim.o(.text)
    TIM_TimeBaseInit                         0x0800210b   Thumb Code   104  stm32f4xx_tim.o(.text)
    TIM_TimeBaseStructInit                   0x08002173   Thumb Code    18  stm32f4xx_tim.o(.text)
    TIM_PrescalerConfig                      0x08002185   Thumb Code     6  stm32f4xx_tim.o(.text)
    TIM_CounterModeConfig                    0x0800218b   Thumb Code    18  stm32f4xx_tim.o(.text)
    TIM_SetCounter                           0x0800219d   Thumb Code     4  stm32f4xx_tim.o(.text)
    TIM_SetAutoreload                        0x080021a1   Thumb Code     4  stm32f4xx_tim.o(.text)
    TIM_GetCounter                           0x080021a5   Thumb Code     6  stm32f4xx_tim.o(.text)
    TIM_GetPrescaler                         0x080021ab   Thumb Code     6  stm32f4xx_tim.o(.text)
    TIM_UpdateDisableConfig                  0x080021b1   Thumb Code    24  stm32f4xx_tim.o(.text)
    TIM_UpdateRequestConfig                  0x080021c9   Thumb Code    24  stm32f4xx_tim.o(.text)
    TIM_ARRPreloadConfig                     0x080021e1   Thumb Code    24  stm32f4xx_tim.o(.text)
    TIM_SelectOnePulseMode                   0x080021f9   Thumb Code    18  stm32f4xx_tim.o(.text)
    TIM_SetClockDivision                     0x0800220b   Thumb Code    18  stm32f4xx_tim.o(.text)
    TIM_Cmd                                  0x0800221d   Thumb Code    24  stm32f4xx_tim.o(.text)
    TIM_OC1Init                              0x08002235   Thumb Code   114  stm32f4xx_tim.o(.text)
    TIM_OC2Init                              0x080022a7   Thumb Code   154  stm32f4xx_tim.o(.text)
    TIM_OC3Init                              0x08002341   Thumb Code   204  stm32f4xx_tim.o(.text)
    TIM_OC4Init                              0x0800240d   Thumb Code   112  stm32f4xx_tim.o(.text)
    TIM_OCStructInit                         0x0800247d   Thumb Code    20  stm32f4xx_tim.o(.text)
    TIM_SelectOCxM                           0x08002491   Thumb Code    86  stm32f4xx_tim.o(.text)
    TIM_SetCompare1                          0x080024e7   Thumb Code     4  stm32f4xx_tim.o(.text)
    TIM_SetCompare2                          0x080024eb   Thumb Code     4  stm32f4xx_tim.o(.text)
    TIM_SetCompare3                          0x080024ef   Thumb Code     4  stm32f4xx_tim.o(.text)
    TIM_SetCompare4                          0x080024f3   Thumb Code     4  stm32f4xx_tim.o(.text)
    TIM_ForcedOC1Config                      0x080024f7   Thumb Code    18  stm32f4xx_tim.o(.text)
    TIM_ForcedOC2Config                      0x08002509   Thumb Code    26  stm32f4xx_tim.o(.text)
    TIM_ForcedOC3Config                      0x08002523   Thumb Code    18  stm32f4xx_tim.o(.text)
    TIM_ForcedOC4Config                      0x08002535   Thumb Code    26  stm32f4xx_tim.o(.text)
    TIM_OC1PreloadConfig                     0x0800254f   Thumb Code    18  stm32f4xx_tim.o(.text)
    TIM_OC2PreloadConfig                     0x08002561   Thumb Code    26  stm32f4xx_tim.o(.text)
    TIM_OC3PreloadConfig                     0x0800257b   Thumb Code    18  stm32f4xx_tim.o(.text)
    TIM_OC4PreloadConfig                     0x0800258d   Thumb Code    26  stm32f4xx_tim.o(.text)
    TIM_OC1FastConfig                        0x080025a7   Thumb Code    18  stm32f4xx_tim.o(.text)
    TIM_OC2FastConfig                        0x080025b9   Thumb Code    26  stm32f4xx_tim.o(.text)
    TIM_OC3FastConfig                        0x080025d3   Thumb Code    18  stm32f4xx_tim.o(.text)
    TIM_OC4FastConfig                        0x080025e5   Thumb Code    26  stm32f4xx_tim.o(.text)
    TIM_ClearOC1Ref                          0x080025ff   Thumb Code    18  stm32f4xx_tim.o(.text)
    TIM_ClearOC2Ref                          0x08002611   Thumb Code    24  stm32f4xx_tim.o(.text)
    TIM_ClearOC3Ref                          0x08002629   Thumb Code    18  stm32f4xx_tim.o(.text)
    TIM_ClearOC4Ref                          0x0800263b   Thumb Code    24  stm32f4xx_tim.o(.text)
    TIM_OC1PolarityConfig                    0x08002653   Thumb Code    18  stm32f4xx_tim.o(.text)
    TIM_OC1NPolarityConfig                   0x08002665   Thumb Code    18  stm32f4xx_tim.o(.text)
    TIM_OC2PolarityConfig                    0x08002677   Thumb Code    26  stm32f4xx_tim.o(.text)
    TIM_OC2NPolarityConfig                   0x08002691   Thumb Code    26  stm32f4xx_tim.o(.text)
    TIM_OC3PolarityConfig                    0x080026ab   Thumb Code    26  stm32f4xx_tim.o(.text)
    TIM_OC3NPolarityConfig                   0x080026c5   Thumb Code    26  stm32f4xx_tim.o(.text)
    TIM_OC4PolarityConfig                    0x080026df   Thumb Code    26  stm32f4xx_tim.o(.text)
    TIM_CCxCmd                               0x080026f9   Thumb Code    30  stm32f4xx_tim.o(.text)
    TIM_CCxNCmd                              0x08002717   Thumb Code    30  stm32f4xx_tim.o(.text)
    TIM_SetIC4Prescaler                      0x08002735   Thumb Code    26  stm32f4xx_tim.o(.text)
    TIM_SetIC3Prescaler                      0x0800279f   Thumb Code    18  stm32f4xx_tim.o(.text)
    TIM_SetIC2Prescaler                      0x080027f9   Thumb Code    26  stm32f4xx_tim.o(.text)
    TIM_SetIC1Prescaler                      0x0800286d   Thumb Code    18  stm32f4xx_tim.o(.text)
    TIM_ICInit                               0x080028b9   Thumb Code   110  stm32f4xx_tim.o(.text)
    TIM_ICStructInit                         0x08002927   Thumb Code    18  stm32f4xx_tim.o(.text)
    TIM_PWMIConfig                           0x08002939   Thumb Code   124  stm32f4xx_tim.o(.text)
    TIM_GetCapture1                          0x080029b5   Thumb Code     6  stm32f4xx_tim.o(.text)
    TIM_GetCapture2                          0x080029bb   Thumb Code     6  stm32f4xx_tim.o(.text)
    TIM_GetCapture3                          0x080029c1   Thumb Code     6  stm32f4xx_tim.o(.text)
    TIM_GetCapture4                          0x080029c7   Thumb Code     6  stm32f4xx_tim.o(.text)
    TIM_BDTRConfig                           0x080029cd   Thumb Code    32  stm32f4xx_tim.o(.text)
    TIM_BDTRStructInit                       0x080029ed   Thumb Code    18  stm32f4xx_tim.o(.text)
    TIM_CtrlPWMOutputs                       0x080029ff   Thumb Code    30  stm32f4xx_tim.o(.text)
    TIM_SelectCOM                            0x08002a1d   Thumb Code    24  stm32f4xx_tim.o(.text)
    TIM_CCPreloadControl                     0x08002a35   Thumb Code    24  stm32f4xx_tim.o(.text)
    TIM_ITConfig                             0x08002a4d   Thumb Code    18  stm32f4xx_tim.o(.text)
    TIM_GenerateEvent                        0x08002a5f   Thumb Code     4  stm32f4xx_tim.o(.text)
    TIM_GetFlagStatus                        0x08002a63   Thumb Code    18  stm32f4xx_tim.o(.text)
    TIM_ClearFlag                            0x08002a75   Thumb Code     6  stm32f4xx_tim.o(.text)
    TIM_GetITStatus                          0x08002a7b   Thumb Code    34  stm32f4xx_tim.o(.text)
    TIM_ClearITPendingBit                    0x08002a9d   Thumb Code     6  stm32f4xx_tim.o(.text)
    TIM_DMAConfig                            0x08002aa3   Thumb Code    10  stm32f4xx_tim.o(.text)
    TIM_DMACmd                               0x08002aad   Thumb Code    18  stm32f4xx_tim.o(.text)
    TIM_SelectCCDMA                          0x08002abf   Thumb Code    24  stm32f4xx_tim.o(.text)
    TIM_InternalClockConfig                  0x08002ad7   Thumb Code    12  stm32f4xx_tim.o(.text)
    TIM_SelectInputTrigger                   0x08002ae3   Thumb Code    18  stm32f4xx_tim.o(.text)
    TIM_ITRxExternalClockConfig              0x08002af5   Thumb Code    24  stm32f4xx_tim.o(.text)
    TIM_TIxExternalClockConfig               0x08002b0d   Thumb Code    62  stm32f4xx_tim.o(.text)
    TIM_ETRConfig                            0x08002b4b   Thumb Code    28  stm32f4xx_tim.o(.text)
    TIM_ETRClockMode1Config                  0x08002b67   Thumb Code    54  stm32f4xx_tim.o(.text)
    TIM_ETRClockMode2Config                  0x08002b9d   Thumb Code    32  stm32f4xx_tim.o(.text)
    TIM_SelectOutputTrigger                  0x08002bbd   Thumb Code    18  stm32f4xx_tim.o(.text)
    TIM_SelectSlaveMode                      0x08002bcf   Thumb Code    18  stm32f4xx_tim.o(.text)
    TIM_SelectMasterSlaveMode                0x08002be1   Thumb Code    18  stm32f4xx_tim.o(.text)
    TIM_EncoderInterfaceConfig               0x08002bf3   Thumb Code    66  stm32f4xx_tim.o(.text)
    TIM_SelectHallSensor                     0x08002c35   Thumb Code    24  stm32f4xx_tim.o(.text)
    TIM_RemapConfig                          0x08002c4d   Thumb Code     6  stm32f4xx_tim.o(.text)
    USART_DeInit                             0x08002c55   Thumb Code   206  stm32f4xx_usart.o(.text)
    USART_Init                               0x08002d23   Thumb Code   204  stm32f4xx_usart.o(.text)
    USART_StructInit                         0x08002def   Thumb Code    24  stm32f4xx_usart.o(.text)
    USART_ClockInit                          0x08002e07   Thumb Code    32  stm32f4xx_usart.o(.text)
    USART_ClockStructInit                    0x08002e27   Thumb Code    12  stm32f4xx_usart.o(.text)
    USART_Cmd                                0x08002e33   Thumb Code    24  stm32f4xx_usart.o(.text)
    USART_SetPrescaler                       0x08002e4b   Thumb Code    16  stm32f4xx_usart.o(.text)
    USART_OverSampling8Cmd                   0x08002e5b   Thumb Code    22  stm32f4xx_usart.o(.text)
    USART_OneBitMethodCmd                    0x08002e71   Thumb Code    24  stm32f4xx_usart.o(.text)
    USART_SendData                           0x08002e89   Thumb Code     8  stm32f4xx_usart.o(.text)
    USART_ReceiveData                        0x08002e91   Thumb Code    10  stm32f4xx_usart.o(.text)
    USART_SetAddress                         0x08002e9b   Thumb Code    18  stm32f4xx_usart.o(.text)
    USART_ReceiverWakeUpCmd                  0x08002ead   Thumb Code    24  stm32f4xx_usart.o(.text)
    USART_WakeUpConfig                       0x08002ec5   Thumb Code    18  stm32f4xx_usart.o(.text)
    USART_LINBreakDetectLengthConfig         0x08002ed7   Thumb Code    18  stm32f4xx_usart.o(.text)
    USART_LINCmd                             0x08002ee9   Thumb Code    24  stm32f4xx_usart.o(.text)
    USART_SendBreak                          0x08002f01   Thumb Code    10  stm32f4xx_usart.o(.text)
    USART_HalfDuplexCmd                      0x08002f0b   Thumb Code    24  stm32f4xx_usart.o(.text)
    USART_SetGuardTime                       0x08002f23   Thumb Code    16  stm32f4xx_usart.o(.text)
    USART_SmartCardCmd                       0x08002f33   Thumb Code    24  stm32f4xx_usart.o(.text)
    USART_SmartCardNACKCmd                   0x08002f4b   Thumb Code    24  stm32f4xx_usart.o(.text)
    USART_IrDAConfig                         0x08002f63   Thumb Code    18  stm32f4xx_usart.o(.text)
    USART_IrDACmd                            0x08002f75   Thumb Code    24  stm32f4xx_usart.o(.text)
    USART_DMACmd                             0x08002f8d   Thumb Code    18  stm32f4xx_usart.o(.text)
    USART_ITConfig                           0x08002f9f   Thumb Code    74  stm32f4xx_usart.o(.text)
    USART_GetFlagStatus                      0x08002fe9   Thumb Code    26  stm32f4xx_usart.o(.text)
    USART_ClearFlag                          0x08003003   Thumb Code    18  stm32f4xx_usart.o(.text)
    USART_GetITStatus                        0x08003015   Thumb Code   118  stm32f4xx_usart.o(.text)
    USART_ClearITPendingBit                  0x0800308b   Thumb Code    30  stm32f4xx_usart.o(.text)
    DCMI_DeInit                              0x080030a9   Thumb Code    24  stm32f4xx_dcmi.o(.text)
    DCMI_Init                                0x080030c1   Thumb Code    60  stm32f4xx_dcmi.o(.text)
    DCMI_StructInit                          0x080030fd   Thumb Code    18  stm32f4xx_dcmi.o(.text)
    DCMI_CROPConfig                          0x0800310f   Thumb Code    26  stm32f4xx_dcmi.o(.text)
    DCMI_CROPCmd                             0x08003129   Thumb Code    30  stm32f4xx_dcmi.o(.text)
    DCMI_SetEmbeddedSynchroCodes             0x08003147   Thumb Code    26  stm32f4xx_dcmi.o(.text)
    DCMI_JPEGCmd                             0x08003161   Thumb Code    30  stm32f4xx_dcmi.o(.text)
    DCMI_Cmd                                 0x0800317f   Thumb Code    30  stm32f4xx_dcmi.o(.text)
    DCMI_CaptureCmd                          0x0800319d   Thumb Code    30  stm32f4xx_dcmi.o(.text)
    DCMI_ReadData                            0x080031bb   Thumb Code     6  stm32f4xx_dcmi.o(.text)
    DCMI_ITConfig                            0x080031c1   Thumb Code    30  stm32f4xx_dcmi.o(.text)
    DCMI_GetFlagStatus                       0x080031df   Thumb Code    46  stm32f4xx_dcmi.o(.text)
    DCMI_ClearFlag                           0x0800320d   Thumb Code     6  stm32f4xx_dcmi.o(.text)
    DCMI_GetITStatus                         0x08003213   Thumb Code    24  stm32f4xx_dcmi.o(.text)
    DCMI_ClearITPendingBit                   0x0800322b   Thumb Code     6  stm32f4xx_dcmi.o(.text)
    SEGGER_RTT_ReadUpBufferNoLock            0x08003391   Thumb Code   164  segger_rtt.o(.text)
    SEGGER_RTT_ReadNoLock                    0x08003435   Thumb Code   164  segger_rtt.o(.text)
    SEGGER_RTT_ReadUpBuffer                  0x080034d9   Thumb Code    56  segger_rtt.o(.text)
    SEGGER_RTT_Read                          0x08003511   Thumb Code    56  segger_rtt.o(.text)
    SEGGER_RTT_WriteWithOverwriteNoLock      0x08003549   Thumb Code   176  segger_rtt.o(.text)
    SEGGER_RTT_WriteSkipNoLock               0x080035f9   Thumb Code   184  segger_rtt.o(.text)
    SEGGER_RTT_WriteDownBufferNoLock         0x080036b1   Thumb Code   126  segger_rtt.o(.text)
    SEGGER_RTT_WriteNoLock                   0x0800372f   Thumb Code   128  segger_rtt.o(.text)
    SEGGER_RTT_WriteDownBuffer               0x080037af   Thumb Code    70  segger_rtt.o(.text)
    SEGGER_RTT_Write                         0x080037f5   Thumb Code    70  segger_rtt.o(.text)
    SEGGER_RTT_WriteString                   0x0800383b   Thumb Code    26  segger_rtt.o(.text)
    SEGGER_RTT_PutCharSkipNoLock             0x08003855   Thumb Code    54  segger_rtt.o(.text)
    SEGGER_RTT_PutCharSkip                   0x0800388b   Thumb Code   112  segger_rtt.o(.text)
    SEGGER_RTT_PutChar                       0x080038fb   Thumb Code   126  segger_rtt.o(.text)
    SEGGER_RTT_GetKey                        0x08003979   Thumb Code    32  segger_rtt.o(.text)
    SEGGER_RTT_WaitKey                       0x08003999   Thumb Code    14  segger_rtt.o(.text)
    SEGGER_RTT_HasKey                        0x080039a7   Thumb Code    42  segger_rtt.o(.text)
    SEGGER_RTT_HasData                       0x080039d1   Thumb Code    22  segger_rtt.o(.text)
    SEGGER_RTT_HasDataUp                     0x080039e7   Thumb Code    24  segger_rtt.o(.text)
    SEGGER_RTT_AllocDownBuffer               0x080039ff   Thumb Code   202  segger_rtt.o(.text)
    SEGGER_RTT_AllocUpBuffer                 0x08003ac9   Thumb Code   192  segger_rtt.o(.text)
    SEGGER_RTT_ConfigUpBuffer                0x08003b89   Thumb Code   112  segger_rtt.o(.text)
    SEGGER_RTT_ConfigDownBuffer              0x08003bf9   Thumb Code   112  segger_rtt.o(.text)
    SEGGER_RTT_SetNameUpBuffer               0x08003c69   Thumb Code    88  segger_rtt.o(.text)
    SEGGER_RTT_SetNameDownBuffer             0x08003cc1   Thumb Code    88  segger_rtt.o(.text)
    SEGGER_RTT_SetFlagsUpBuffer              0x08003d19   Thumb Code    88  segger_rtt.o(.text)
    SEGGER_RTT_SetFlagsDownBuffer            0x08003d71   Thumb Code    88  segger_rtt.o(.text)
    SEGGER_RTT_Init                          0x08003dc9   Thumb Code     8  segger_rtt.o(.text)
    SEGGER_RTT_SetTerminal                   0x08003dd1   Thumb Code   146  segger_rtt.o(.text)
    SEGGER_RTT_TerminalOut                   0x08003e63   Thumb Code   266  segger_rtt.o(.text)
    SEGGER_RTT_GetAvailWriteSpace            0x08003f6d   Thumb Code    22  segger_rtt.o(.text)
    SEGGER_RTT_GetBytesInBuffer              0x08003f83   Thumb Code    64  segger_rtt.o(.text)
    SEGGER_RTT_vprintf                       0x080041e3   Thumb Code   686  segger_rtt_printf.o(.text)
    SEGGER_RTT_printf                        0x08004491   Thumb Code    34  segger_rtt_printf.o(.text)
    usmart_sys_cmd_exe                       0x080044b5   Thumb Code   690  usmart.o(.text)
    usmart_reset_runtime                     0x08004767   Thumb Code    38  usmart.o(.text)
    usmart_get_runtime                       0x0800478d   Thumb Code    60  usmart.o(.text)
    TIM4_IRQHandler                          0x080047c9   Thumb Code   674  usmart.o(.text)
    Timer4_Init                              0x08004a6b   Thumb Code    86  usmart.o(.text)
    usmart_init                              0x08004ac1   Thumb Code    36  usmart.o(.text)
    usmart_cmd_rec                           0x08004ae5   Thumb Code   170  usmart.o(.text)
    usmart_exe                               0x08004b8f   Thumb Code   732  usmart.o(.text)
    usmart_scan                              0x08004e6b   Thumb Code   130  usmart.o(.text)
    read_addr                                0x08004eed   Thumb Code     6  usmart.o(.text)
    write_addr                               0x08004ef3   Thumb Code     4  usmart.o(.text)
    usmart_strcmp                            0x08004f7d   Thumb Code    34  usmart_str.o(.text)
    usmart_strcopy                           0x08004f9f   Thumb Code    22  usmart_str.o(.text)
    usmart_strlen                            0x08004fb5   Thumb Code    24  usmart_str.o(.text)
    usmart_pow                               0x08004fcd   Thumb Code    22  usmart_str.o(.text)
    usmart_str2num                           0x08004fe3   Thumb Code   202  usmart_str.o(.text)
    usmart_get_cmdname                       0x080050ad   Thumb Code    54  usmart_str.o(.text)
    usmart_search_nextc                      0x080050e3   Thumb Code    22  usmart_str.o(.text)
    usmart_get_fname                         0x080050f9   Thumb Code   440  usmart_str.o(.text)
    usmart_get_aparm                         0x080052b1   Thumb Code   200  usmart_str.o(.text)
    usmart_get_parmpos                       0x08005379   Thumb Code    26  usmart_str.o(.text)
    usmart_get_fparam                        0x08005393   Thumb Code   262  usmart_str.o(.text)
    __use_no_semihosting                     0x080054a5   Thumb Code     2  use_no_semi_2.o(.text)
    __2printf                                0x080054a9   Thumb Code    20  noretval__2printf.o(.text)
    __printf                                 0x080054c1   Thumb Code   104  __printf.o(.text)
    _printf_int_dec                          0x08005529   Thumb Code   104  _printf_dec.o(.text)
    strlen                                   0x080055a1   Thumb Code    62  strlen.o(.text)
    __aeabi_memcpy                           0x080055df   Thumb Code     0  rt_memcpy_v6.o(.text)
    __rt_memcpy                              0x080055df   Thumb Code   138  rt_memcpy_v6.o(.text)
    _memcpy_lastbytes                        0x08005645   Thumb Code     0  rt_memcpy_v6.o(.text)
    __aeabi_memclr4                          0x08005669   Thumb Code     0  rt_memclr_w.o(.text)
    __aeabi_memclr8                          0x08005669   Thumb Code     0  rt_memclr_w.o(.text)
    __rt_memclr_w                            0x08005669   Thumb Code    78  rt_memclr_w.o(.text)
    _memset_w                                0x0800566d   Thumb Code     0  rt_memclr_w.o(.text)
    __use_two_region_memory                  0x080056b7   Thumb Code     2  heapauxi.o(.text)
    __rt_heap_escrow$2region                 0x080056b9   Thumb Code     2  heapauxi.o(.text)
    __rt_heap_expand$2region                 0x080056bb   Thumb Code     2  heapauxi.o(.text)
    __I$use$semihosting                      0x080056bd   Thumb Code     0  use_no_semi.o(.text)
    __use_no_semihosting_swi                 0x080056bd   Thumb Code     2  use_no_semi.o(.text)
    _printf_int_common                       0x080056bf   Thumb Code   178  _printf_intcommon.o(.text)
    _printf_char_file                        0x08005771   Thumb Code    32  _printf_char_file.o(.text)
    __aeabi_memcpy4                          0x08005795   Thumb Code     0  rt_memcpy_w.o(.text)
    __aeabi_memcpy8                          0x08005795   Thumb Code     0  rt_memcpy_w.o(.text)
    __rt_memcpy_w                            0x08005795   Thumb Code   100  rt_memcpy_w.o(.text)
    _memcpy_lastbytes_aligned                0x080057dd   Thumb Code     0  rt_memcpy_w.o(.text)
    _printf_char_common                      0x08005803   Thumb Code    32  _printf_char_common.o(.text)
    ferror                                   0x08005829   Thumb Code     8  ferror.o(.text)
    __user_setup_stackheap                   0x08005831   Thumb Code    74  sys_stackheap_outer.o(.text)
    exit                                     0x0800587b   Thumb Code    18  exit.o(.text)
    __user_libspace                          0x0800588d   Thumb Code     8  libspace.o(.text)
    __user_perproc_libspace                  0x0800588d   Thumb Code     0  libspace.o(.text)
    __user_perthread_libspace                0x0800588d   Thumb Code     0  libspace.o(.text)
    __aeabi_d2f                              0x08005895   Thumb Code     0  d2f.o(x$fpl$d2f)
    _d2f                                     0x08005895   Thumb Code    98  d2f.o(x$fpl$d2f)
    __fpl_dnaninf                            0x080058f7   Thumb Code   156  dnaninf.o(x$fpl$dnaninf)
    _fp_init                                 0x08005993   Thumb Code    10  fpinit.o(x$fpl$fpinit)
    __fplib_config_fpu_vfp                   0x0800599b   Thumb Code     0  fpinit.o(x$fpl$fpinit)
    __fplib_config_pureend_doubles           0x0800599b   Thumb Code     0  fpinit.o(x$fpl$fpinit)
    __fpl_fretinf                            0x0800599d   Thumb Code    10  fretinf.o(x$fpl$fretinf)
    __I$use$fp                               0x080059a6   Number         0  usenofp.o(x$fpl$usenofp)
    ov7670_init_reg_tbl                      0x080059a6   Data         340  ov7670.o(.constdata)
    Region$$Table$$Base                      0x08005d34   Number         0  anon$$obj.o(Region$$Table)
    Region$$Table$$Limit                     0x08005d54   Number         0  anon$$obj.o(Region$$Table)
    SystemCoreClock                          0x20000000   Data           4  system_stm32f4xx.o(.data)
    AHBPrescTable                            0x20000004   Data          16  system_stm32f4xx.o(.data)
    ov_frame                                 0x20000014   Data           1  dcmi.o(.data)
    datanum                                  0x20000018   Data           4  dcmi.o(.data)
    HSYNC                                    0x2000001c   Data           4  dcmi.o(.data)
    VSYNC                                    0x20000020   Data           4  dcmi.o(.data)
    ov_rev_ok                                0x20000024   Data           1  dcmi.o(.data)
    __stdout                                 0x2000002c   Data           4  usart.o(.data)
    USART_RX_STA                             0x20000030   Data           2  usart.o(.data)
    com1_rx_len                              0x20000032   Data           2  usart.o(.data)
    com1_recv_end_flag                       0x20000034   Data           1  usart.o(.data)
    sys_cmd_tab                              0x20000058   Data          28  usmart.o(.data)
    usmart_nametab                           0x20000074   Data          32  usmart_config.o(.data)
    usmart_dev                               0x20000094   Data         244  usmart_config.o(.data)
    camera_buffer                            0x20000188   Data       128000  ov7670.o(.bss)
    DCMI_InitStructure                       0x2001f588   Data          14  dcmi.o(.bss)
    USART_RX_BUF                             0x2001f596   Data         256  usart.o(.bss)
    com1_rx_buffer                           0x2001f696   Data        1024  usart.o(.bss)
    DMA_USART1_TX_BUF                        0x2001fa96   Data        1024  usart.o(.bss)
    _SEGGER_RTT                              0x2001fe98   Data         168  segger_rtt.o(.bss)
    __libspace_start                         0x200203c0   Data          96  libspace.o(.bss)
    __temporary_stack_top$libspace           0x20020420   Data           0  libspace.o(.bss)



==============================================================================

Memory Map of the image

  Image Entry point : 0x080001ad

  Load Region LR_IROM1 (Base: 0x08000000, Size: 0x00005edc, Max: 0x00100000, ABSOLUTE, COMPRESSED[0x00005dc0])

    Execution Region ER_IROM1 (Exec base: 0x08000000, Load base: 0x08000000, Size: 0x00005d54, Max: 0x00100000, ABSOLUTE)

    Exec Addr    Load Addr    Size         Type   Attr      Idx    E Section Name        Object

    0x08000000   0x08000000   0x000001ac   Data   RO          432    RESET               startup_stm32f429xx.o
    0x080001ac   0x080001ac   0x00000008   Code   RO          909  * !!!main             c_w.l(__main.o)
    0x080001b4   0x080001b4   0x00000034   Code   RO         1088    !!!scatter          c_w.l(__scatter.o)
    0x080001e8   0x080001e8   0x0000005a   Code   RO         1086    !!dczerorl2         c_w.l(__dczerorl2.o)
    0x08000242   0x08000242   0x00000002   PAD
    0x08000244   0x08000244   0x0000001c   Code   RO         1090    !!handler_zi        c_w.l(__scatter_zi.o)
    0x08000260   0x08000260   0x00000000   Code   RO          900    .ARM.Collect$$_printf_percent$$00000000  c_w.l(_printf_percent.o)
    0x08000260   0x08000260   0x00000006   Code   RO          899    .ARM.Collect$$_printf_percent$$00000009  c_w.l(_printf_d.o)
    0x08000266   0x08000266   0x00000004   Code   RO          920    .ARM.Collect$$_printf_percent$$00000017  c_w.l(_printf_percent_end.o)
    0x0800026a   0x0800026a   0x00000002   Code   RO          960    .ARM.Collect$$libinit$$00000000  c_w.l(libinit.o)
    0x0800026c   0x0800026c   0x00000004   Code   RO          966    .ARM.Collect$$libinit$$00000001  c_w.l(libinit2.o)
    0x08000270   0x08000270   0x00000000   Code   RO          969    .ARM.Collect$$libinit$$00000004  c_w.l(libinit2.o)
    0x08000270   0x08000270   0x00000000   Code   RO          972    .ARM.Collect$$libinit$$0000000A  c_w.l(libinit2.o)
    0x08000270   0x08000270   0x00000000   Code   RO          974    .ARM.Collect$$libinit$$0000000C  c_w.l(libinit2.o)
    0x08000270   0x08000270   0x00000000   Code   RO          976    .ARM.Collect$$libinit$$0000000E  c_w.l(libinit2.o)
    0x08000270   0x08000270   0x00000000   Code   RO          979    .ARM.Collect$$libinit$$00000011  c_w.l(libinit2.o)
    0x08000270   0x08000270   0x00000000   Code   RO          981    .ARM.Collect$$libinit$$00000013  c_w.l(libinit2.o)
    0x08000270   0x08000270   0x00000000   Code   RO          983    .ARM.Collect$$libinit$$00000015  c_w.l(libinit2.o)
    0x08000270   0x08000270   0x00000000   Code   RO          985    .ARM.Collect$$libinit$$00000017  c_w.l(libinit2.o)
    0x08000270   0x08000270   0x00000000   Code   RO          987    .ARM.Collect$$libinit$$00000019  c_w.l(libinit2.o)
    0x08000270   0x08000270   0x00000000   Code   RO          989    .ARM.Collect$$libinit$$0000001B  c_w.l(libinit2.o)
    0x08000270   0x08000270   0x00000000   Code   RO          991    .ARM.Collect$$libinit$$0000001D  c_w.l(libinit2.o)
    0x08000270   0x08000270   0x00000000   Code   RO          993    .ARM.Collect$$libinit$$0000001F  c_w.l(libinit2.o)
    0x08000270   0x08000270   0x00000000   Code   RO          995    .ARM.Collect$$libinit$$00000021  c_w.l(libinit2.o)
    0x08000270   0x08000270   0x00000000   Code   RO          997    .ARM.Collect$$libinit$$00000023  c_w.l(libinit2.o)
    0x08000270   0x08000270   0x00000000   Code   RO          999    .ARM.Collect$$libinit$$00000025  c_w.l(libinit2.o)
    0x08000270   0x08000270   0x00000000   Code   RO         1003    .ARM.Collect$$libinit$$0000002C  c_w.l(libinit2.o)
    0x08000270   0x08000270   0x00000000   Code   RO         1005    .ARM.Collect$$libinit$$0000002E  c_w.l(libinit2.o)
    0x08000270   0x08000270   0x00000000   Code   RO         1007    .ARM.Collect$$libinit$$00000030  c_w.l(libinit2.o)
    0x08000270   0x08000270   0x00000000   Code   RO         1009    .ARM.Collect$$libinit$$00000032  c_w.l(libinit2.o)
    0x08000270   0x08000270   0x00000002   Code   RO         1010    .ARM.Collect$$libinit$$00000033  c_w.l(libinit2.o)
    0x08000272   0x08000272   0x00000002   Code   RO         1028    .ARM.Collect$$libshutdown$$00000000  c_w.l(libshutdown.o)
    0x08000274   0x08000274   0x00000000   Code   RO         1038    .ARM.Collect$$libshutdown$$00000002  c_w.l(libshutdown2.o)
    0x08000274   0x08000274   0x00000000   Code   RO         1040    .ARM.Collect$$libshutdown$$00000004  c_w.l(libshutdown2.o)
    0x08000274   0x08000274   0x00000000   Code   RO         1042    .ARM.Collect$$libshutdown$$00000006  c_w.l(libshutdown2.o)
    0x08000274   0x08000274   0x00000000   Code   RO         1045    .ARM.Collect$$libshutdown$$00000009  c_w.l(libshutdown2.o)
    0x08000274   0x08000274   0x00000000   Code   RO         1048    .ARM.Collect$$libshutdown$$0000000C  c_w.l(libshutdown2.o)
    0x08000274   0x08000274   0x00000000   Code   RO         1050    .ARM.Collect$$libshutdown$$0000000E  c_w.l(libshutdown2.o)
    0x08000274   0x08000274   0x00000000   Code   RO         1053    .ARM.Collect$$libshutdown$$00000011  c_w.l(libshutdown2.o)
    0x08000274   0x08000274   0x00000002   Code   RO         1054    .ARM.Collect$$libshutdown$$00000012  c_w.l(libshutdown2.o)
    0x08000276   0x08000276   0x00000000   Code   RO          915    .ARM.Collect$$rtentry$$00000000  c_w.l(__rtentry.o)
    0x08000276   0x08000276   0x00000000   Code   RO          929    .ARM.Collect$$rtentry$$00000002  c_w.l(__rtentry2.o)
    0x08000276   0x08000276   0x00000006   Code   RO          941    .ARM.Collect$$rtentry$$00000004  c_w.l(__rtentry4.o)
    0x0800027c   0x0800027c   0x00000000   Code   RO          931    .ARM.Collect$$rtentry$$00000009  c_w.l(__rtentry2.o)
    0x0800027c   0x0800027c   0x00000004   Code   RO          932    .ARM.Collect$$rtentry$$0000000A  c_w.l(__rtentry2.o)
    0x08000280   0x08000280   0x00000000   Code   RO          934    .ARM.Collect$$rtentry$$0000000C  c_w.l(__rtentry2.o)
    0x08000280   0x08000280   0x00000008   Code   RO          935    .ARM.Collect$$rtentry$$0000000D  c_w.l(__rtentry2.o)
    0x08000288   0x08000288   0x00000002   Code   RO          964    .ARM.Collect$$rtexit$$00000000  c_w.l(rtexit.o)
    0x0800028a   0x0800028a   0x00000000   Code   RO         1012    .ARM.Collect$$rtexit$$00000002  c_w.l(rtexit2.o)
    0x0800028a   0x0800028a   0x00000004   Code   RO         1013    .ARM.Collect$$rtexit$$00000003  c_w.l(rtexit2.o)
    0x0800028e   0x0800028e   0x00000006   Code   RO         1014    .ARM.Collect$$rtexit$$00000004  c_w.l(rtexit2.o)
    0x08000294   0x08000294   0x000000e8   Code   RO            4    .text               main.o
    0x0800037c   0x0800037c   0x0000001a   Code   RO          197    .text               stm32f4xx_it.o
    0x08000396   0x08000396   0x00000002   PAD
    0x08000398   0x08000398   0x00000120   Code   RO          224    .text               system_stm32f4xx.o
    0x080004b8   0x080004b8   0x000002b4   Code   RO          254    .text               sccb.o
    0x0800076c   0x0800076c   0x0000039c   Code   RO          278    .text               ov7670.o
    0x08000b08   0x08000b08   0x000002cc   Code   RO          316    .text               dcmi.o
    0x08000dd4   0x08000dd4   0x00000104   Code   RO          344    .text               delay.o
    0x08000ed8   0x08000ed8   0x00000318   Code   RO          398    .text               usart.o
    0x080011f0   0x080011f0   0x00000040   Code   RO          433    .text               startup_stm32f429xx.o
    0x08001230   0x08001230   0x000000e0   Code   RO          440    .text               misc.o
    0x08001310   0x08001310   0x000003a8   Code   RO          488    .text               stm32f4xx_dma.o
    0x080016b8   0x080016b8   0x00000298   Code   RO          560    .text               stm32f4xx_gpio.o
    0x08001950   0x08001950   0x00000660   Code   RO          656    .text               stm32f4xx_rcc.o
    0x08001fb0   0x08001fb0   0x00000ca2   Code   RO          682    .text               stm32f4xx_tim.o
    0x08002c52   0x08002c52   0x00000002   PAD
    0x08002c54   0x08002c54   0x00000454   Code   RO          706    .text               stm32f4xx_usart.o
    0x080030a8   0x080030a8   0x0000018c   Code   RO          730    .text               stm32f4xx_dcmi.o
    0x08003234   0x08003234   0x00000d98   Code   RO          751    .text               segger_rtt.o
    0x08003fcc   0x08003fcc   0x000004e6   Code   RO          777    .text               segger_rtt_printf.o
    0x080044b2   0x080044b2   0x00000002   PAD
    0x080044b4   0x080044b4   0x00000ac8   Code   RO          793    .text               usmart.o
    0x08004f7c   0x08004f7c   0x00000528   Code   RO          846    .text               usmart_str.o
    0x080054a4   0x080054a4   0x00000002   Code   RO          869    .text               c_w.l(use_no_semi_2.o)
    0x080054a6   0x080054a6   0x00000002   PAD
    0x080054a8   0x080054a8   0x00000018   Code   RO          873    .text               c_w.l(noretval__2printf.o)
    0x080054c0   0x080054c0   0x00000068   Code   RO          875    .text               c_w.l(__printf.o)
    0x08005528   0x08005528   0x00000078   Code   RO          877    .text               c_w.l(_printf_dec.o)
    0x080055a0   0x080055a0   0x0000003e   Code   RO          901    .text               c_w.l(strlen.o)
    0x080055de   0x080055de   0x0000008a   Code   RO          903    .text               c_w.l(rt_memcpy_v6.o)
    0x08005668   0x08005668   0x0000004e   Code   RO          905    .text               c_w.l(rt_memclr_w.o)
    0x080056b6   0x080056b6   0x00000006   Code   RO          907    .text               c_w.l(heapauxi.o)
    0x080056bc   0x080056bc   0x00000002   Code   RO          913    .text               c_w.l(use_no_semi.o)
    0x080056be   0x080056be   0x000000b2   Code   RO          916    .text               c_w.l(_printf_intcommon.o)
    0x08005770   0x08005770   0x00000024   Code   RO          918    .text               c_w.l(_printf_char_file.o)
    0x08005794   0x08005794   0x00000064   Code   RO          921    .text               c_w.l(rt_memcpy_w.o)
    0x080057f8   0x080057f8   0x00000030   Code   RO          943    .text               c_w.l(_printf_char_common.o)
    0x08005828   0x08005828   0x00000008   Code   RO          945    .text               c_w.l(ferror.o)
    0x08005830   0x08005830   0x0000004a   Code   RO          949    .text               c_w.l(sys_stackheap_outer.o)
    0x0800587a   0x0800587a   0x00000012   Code   RO          953    .text               c_w.l(exit.o)
    0x0800588c   0x0800588c   0x00000008   Code   RO          961    .text               c_w.l(libspace.o)
    0x08005894   0x08005894   0x00000062   Code   RO          911    x$fpl$d2f           fz_wm.l(d2f.o)
    0x080058f6   0x080058f6   0x0000009c   Code   RO          923    x$fpl$dnaninf       fz_wm.l(dnaninf.o)
    0x08005992   0x08005992   0x0000000a   Code   RO         1020    x$fpl$fpinit        fz_wm.l(fpinit.o)
    0x0800599c   0x0800599c   0x0000000a   Code   RO          925    x$fpl$fretinf       fz_wm.l(fretinf.o)
    0x080059a6   0x080059a6   0x00000000   Code   RO          927    x$fpl$usenofp       fz_wm.l(usenofp.o)
    0x080059a6   0x080059a6   0x00000154   Data   RO          280    .constdata          ov7670.o
    0x08005afa   0x08005afa   0x00000011   Data   RO          753    .constdata          segger_rtt.o
    0x08005b0b   0x08005b0b   0x00000010   Data   RO          778    .constdata          segger_rtt_printf.o
    0x08005b1b   0x08005b1b   0x00000001   PAD
    0x08005b1c   0x08005b1c   0x000001ac   Data   RO          794    .conststring        usmart.o
    0x08005cc8   0x08005cc8   0x0000006b   Data   RO          821    .conststring        usmart_config.o
    0x08005d33   0x08005d33   0x00000001   PAD
    0x08005d34   0x08005d34   0x00000020   Data   RO         1084    Region$$Table       anon$$obj.o


    Execution Region RW_IRAM1 (Exec base: 0x20000000, Load base: 0x08005d54, Size: 0x00020a20, Max: 0x00030000, ABSOLUTE, COMPRESSED[0x0000006c])

    Exec Addr    Load Addr    Size         Type   Attr      Idx    E Section Name        Object

    0x20000000   COMPRESSED   0x00000014   Data   RW          225    .data               system_stm32f4xx.o
    0x20000014   COMPRESSED   0x00000011   Data   RW          318    .data               dcmi.o
    0x20000025   COMPRESSED   0x00000001   PAD
    0x20000026   COMPRESSED   0x00000004   Data   RW          345    .data               delay.o
    0x2000002a   COMPRESSED   0x00000002   PAD
    0x2000002c   COMPRESSED   0x00000009   Data   RW          400    .data               usart.o
    0x20000035   COMPRESSED   0x00000010   Data   RW          657    .data               stm32f4xx_rcc.o
    0x20000045   COMPRESSED   0x00000011   Data   RW          754    .data               segger_rtt.o
    0x20000056   COMPRESSED   0x00000002   PAD
    0x20000058   COMPRESSED   0x0000001c   Data   RW          795    .data               usmart.o
    0x20000074   COMPRESSED   0x00000114   Data   RW          822    .data               usmart_config.o
    0x20000188        -       0x0001f400   Zero   RW          279    .bss                ov7670.o
    0x2001f588        -       0x0000000e   Zero   RW          317    .bss                dcmi.o
    0x2001f596        -       0x00000900   Zero   RW          399    .bss                usart.o
    0x2001fe96   COMPRESSED   0x00000002   PAD
    0x2001fe98        -       0x00000528   Zero   RW          752    .bss                segger_rtt.o
    0x200203c0        -       0x00000060   Zero   RW          962    .bss                c_w.l(libspace.o)
    0x20020420        -       0x00000200   Zero   RW          431    HEAP                startup_stm32f429xx.o
    0x20020620        -       0x00000400   Zero   RW          430    STACK               startup_stm32f429xx.o


==============================================================================

Image component sizes


      Code (inc. data)   RO Data    RW Data    ZI Data      Debug   Object Name

       716         52          0         17         14       2618   dcmi.o
       260          8          0          4          0       1565   delay.o
       232         16          0          0          0     316911   main.o
       224         20          0          0          0       1905   misc.o
       924         46        340          0     128000       3982   ov7670.o
       692          8          0          0          0       2119   sccb.o
      3480         60         17         17       1320      21548   segger_rtt.o
      1254         10         16          0          0       4355   segger_rtt_printf.o
        64         26        428          0       1536        960   startup_stm32f429xx.o
       396          4          0          0          0       3566   stm32f4xx_dcmi.o
       936         32          0          0          0       6477   stm32f4xx_dma.o
       664         44          0          0          0       4253   stm32f4xx_gpio.o
        26          0          0          0          0       1266   stm32f4xx_it.o
      1632         54          0         16          0      13284   stm32f4xx_rcc.o
      3234         60          0          0          0      23100   stm32f4xx_tim.o
      1108         34          0          0          0       7968   stm32f4xx_usart.o
       288         32          0         20          0       1591   system_stm32f4xx.o
       792         32          0          9       2304       4781   usart.o
      2760        774        428         28          0       4726   usmart.o
         0          0        107        276          0       1620   usmart_config.o
      1320         12          0          0          0       5425   usmart_str.o

    ----------------------------------------------------------------------
     21008       1324       1370        392     133176     434020   Object Totals
         0          0         32          0          0          0   (incl. Generated)
         6          0          2          5          2          0   (incl. Padding)

    ----------------------------------------------------------------------

      Code (inc. data)   RO Data    RW Data    ZI Data      Debug   Library Member Name

        90          0          0          0          0          0   __dczerorl2.o
         8          0          0          0          0         68   __main.o
       104          0          0          0          0         84   __printf.o
         0          0          0          0          0          0   __rtentry.o
        12          0          0          0          0          0   __rtentry2.o
         6          0          0          0          0          0   __rtentry4.o
        52          8          0          0          0          0   __scatter.o
        28          0          0          0          0          0   __scatter_zi.o
        48          6          0          0          0         96   _printf_char_common.o
        36          4          0          0          0         80   _printf_char_file.o
         6          0          0          0          0          0   _printf_d.o
       120         16          0          0          0         92   _printf_dec.o
       178          0          0          0          0         88   _printf_intcommon.o
         0          0          0          0          0          0   _printf_percent.o
         4          0          0          0          0          0   _printf_percent_end.o
        18          0          0          0          0         80   exit.o
         8          0          0          0          0         68   ferror.o
         6          0          0          0          0        152   heapauxi.o
         2          0          0          0          0          0   libinit.o
         6          0          0          0          0          0   libinit2.o
         2          0          0          0          0          0   libshutdown.o
         2          0          0          0          0          0   libshutdown2.o
         8          4          0          0         96         68   libspace.o
        24          4          0          0          0         84   noretval__2printf.o
        78          0          0          0          0         80   rt_memclr_w.o
       138          0          0          0          0         68   rt_memcpy_v6.o
       100          0          0          0          0         80   rt_memcpy_w.o
         2          0          0          0          0          0   rtexit.o
        10          0          0          0          0          0   rtexit2.o
        62          0          0          0          0         76   strlen.o
        74          0          0          0          0         80   sys_stackheap_outer.o
         2          0          0          0          0         68   use_no_semi.o
         2          0          0          0          0         68   use_no_semi_2.o
        98          4          0          0          0        140   d2f.o
       156          4          0          0          0        140   dnaninf.o
        10          0          0          0          0        116   fpinit.o
        10          0          0          0          0        116   fretinf.o
         0          0          0          0          0          0   usenofp.o

    ----------------------------------------------------------------------
      1514         50          0          0         96       1992   Library Totals
         4          0          0          0          0          0   (incl. Padding)

    ----------------------------------------------------------------------

      Code (inc. data)   RO Data    RW Data    ZI Data      Debug   Library Name

      1236         42          0          0         96       1480   c_w.l
       274          8          0          0          0        512   fz_wm.l

    ----------------------------------------------------------------------
      1514         50          0          0         96       1992   Library Totals

    ----------------------------------------------------------------------

==============================================================================


      Code (inc. data)   RO Data    RW Data    ZI Data      Debug   

     22522       1374       1370        392     133272     431184   Grand Totals
     22522       1374       1370        108     133272     431184   ELF Image Totals (compressed)
     22522       1374       1370        108          0          0   ROM Totals

==============================================================================

    Total RO  Size (Code + RO Data)                23892 (  23.33kB)
    Total RW  Size (RW Data + ZI Data)            133664 ( 130.53kB)
    Total ROM Size (Code + RO Data + RW Data)      24000 (  23.44kB)

==============================================================================

